Component: Arm Compiler for Embedded 6.24 Tool: armlink [5f371500]

==============================================================================

Image Symbol Table

    Local Symbols

    Symbol Name                              Value     Ov Type        Size  Object(Section)

    ../clib/division.s                       0x00000000   Number         0  aeabi_sdiv.o ABSOLUTE
    ../clib/microlib/division.c              0x00000000   Number         0  uidiv.o ABSOLUTE
    ../clib/microlib/division.c              0x00000000   Number         0  uldiv.o ABSOLUTE
    ../clib/microlib/init/entry.s            0x00000000   Number         0  entry.o ABSOLUTE
    ../clib/microlib/init/entry.s            0x00000000   Number         0  entry4.o ABSOLUTE
    ../clib/microlib/init/entry.s            0x00000000   Number         0  entry5.o ABSOLUTE
    ../clib/microlib/init/entry.s            0x00000000   Number         0  entry7a.o ABSOLUTE
    ../clib/microlib/init/entry.s            0x00000000   Number         0  entry7b.o ABSOLUTE
    ../clib/microlib/init/entry.s            0x00000000   Number         0  entry8a.o ABSOLUTE
    ../clib/microlib/init/entry.s            0x00000000   Number         0  entry8b.o ABSOLUTE
    ../clib/microlib/init/entry.s            0x00000000   Number         0  entry9a.o ABSOLUTE
    ../clib/microlib/init/entry.s            0x00000000   Number         0  entry9b.o ABSOLUTE
    ../clib/microlib/init/entry.s            0x00000000   Number         0  entry10a.o ABSOLUTE
    ../clib/microlib/init/entry.s            0x00000000   Number         0  entry10b.o ABSOLUTE
    ../clib/microlib/init/entry.s            0x00000000   Number         0  entry11a.o ABSOLUTE
    ../clib/microlib/init/entry.s            0x00000000   Number         0  entry11b.o ABSOLUTE
    ../clib/microlib/longlong.c              0x00000000   Number         0  llshl.o ABSOLUTE
    ../clib/microlib/longlong.c              0x00000000   Number         0  llushr.o ABSOLUTE
    ../clib/microlib/longlong.c              0x00000000   Number         0  llsshr.o ABSOLUTE
    ../clib/microlib/printf/printf.c         0x00000000   Number         0  printfa.o ABSOLUTE
    ../clib/microlib/stdio/fputs.c           0x00000000   Number         0  fputs.o ABSOLUTE
    ../clib/microlib/stdio/fputs.c           0x00000000   Number         0  fputs_e.o ABSOLUTE
    ../clib/microlib/stdio/getc.c            0x00000000   Number         0  getc.o ABSOLUTE
    ../clib/microlib/stdio/streams.c         0x00000000   Number         0  stderr.o ABSOLUTE
    ../clib/microlib/stubs.s                 0x00000000   Number         0  iusefp.o ABSOLUTE
    ../fplib/microlib/fpadd.c                0x00000000   Number         0  dadd.o ABSOLUTE
    ../fplib/microlib/fpdiv.c                0x00000000   Number         0  ddiv.o ABSOLUTE
    ../fplib/microlib/fpepilogue.c           0x00000000   Number         0  depilogue.o ABSOLUTE
    ../fplib/microlib/fpfix.c                0x00000000   Number         0  dfixul.o ABSOLUTE
    ../fplib/microlib/fpmul.c                0x00000000   Number         0  dmul.o ABSOLUTE
    cdrcmple.s                               0x00000000   Number         0  cdrcmple.o ABSOLUTE
    dc.s                                     0x00000000   Number         0  dc.o ABSOLUTE
    gpio.c                                   0x00000000   Number         0  gpio.o ABSOLUTE
    handlers.s                               0x00000000   Number         0  handlers.o ABSOLUTE
    init.s                                   0x00000000   Number         0  init.o ABSOLUTE
    main_ns.c                                0x00000000   Number         0  main_ns.o ABSOLUTE
    retarget.c                               0x00000000   Number         0  retarget.o ABSOLUTE
    startup_cm3031.c                         0x00000000   Number         0  startup_cm3031.o ABSOLUTE
    system_cm3031.c                          0x00000000   Number         0  system_cm3031.o ABSOLUTE
    __tagsym$$used.0                         0x10010000   Number         0  startup_cm3031.o(RESET)
    .ARM.Collect$$$$00000000                 0x10010284   Section        0  entry.o(.ARM.Collect$$$$00000000)
    .ARM.Collect$$$$00000003                 0x10010284   Section        4  entry4.o(.ARM.Collect$$$$00000003)
    .ARM.Collect$$$$00000004                 0x10010288   Section        4  entry5.o(.ARM.Collect$$$$00000004)
    .ARM.Collect$$$$00000008                 0x1001028c   Section        0  entry7b.o(.ARM.Collect$$$$00000008)
    .ARM.Collect$$$$0000000A                 0x1001028c   Section        0  entry8b.o(.ARM.Collect$$$$0000000A)
    .ARM.Collect$$$$0000000B                 0x1001028c   Section        8  entry9a.o(.ARM.Collect$$$$0000000B)
    __lit__00000000                          0x10010294   Data           4  entry4.o(.ARM.Collect$$$$00002714)
    .ARM.Collect$$$$0000000D                 0x10010294   Section        0  entry10a.o(.ARM.Collect$$$$0000000D)
    .ARM.Collect$$$$0000000F                 0x10010294   Section        0  entry11a.o(.ARM.Collect$$$$0000000F)
    .ARM.Collect$$$$00002714                 0x10010294   Section        4  entry4.o(.ARM.Collect$$$$00002714)
    .text                                    0x10010298   Section        0  uidiv.o(.text)
    .text                                    0x100102c4   Section        0  uldiv.o(.text)
    .text                                    0x10010326   Section        0  iusefp.o(.text)
    .text                                    0x10010326   Section        0  dadd.o(.text)
    .text                                    0x10010474   Section        0  dmul.o(.text)
    .text                                    0x10010558   Section        0  ddiv.o(.text)
    .text                                    0x10010636   Section        0  dfixul.o(.text)
    .text                                    0x10010668   Section       48  cdrcmple.o(.text)
    .text                                    0x10010698   Section       48  init.o(.text)
    .text                                    0x100106c8   Section        0  llshl.o(.text)
    .text                                    0x100106e6   Section        0  llushr.o(.text)
    .text                                    0x10010706   Section        0  llsshr.o(.text)
    .text                                    0x1001072a   Section        0  depilogue.o(.text)
    [Anonymous Symbol]                       0x100107e4   Section        0  main_ns.o(.text.DEBUG_PORT_Init)
    [Anonymous Symbol]                       0x10010804   Section        0  startup_cm3031.o(.text.Default_Handler)
    [Anonymous Symbol]                       0x10010808   Section        0  gpio.o(.text.GPIO_SetMode)
    [Anonymous Symbol]                       0x10010854   Section        0  startup_cm3031.o(.text.HardFault_Handler)
    [Anonymous Symbol]                       0x10010858   Section        0  main_ns.o(.text.LED_Off)
    [Anonymous Symbol]                       0x1001087c   Section        0  main_ns.o(.text.LED_On)
    [Anonymous Symbol]                       0x100108a0   Section        0  main_ns.o(.text.NonSecure_LED_Off)
    [Anonymous Symbol]                       0x100108c4   Section        0  main_ns.o(.text.NonSecure_LED_On)
    [Anonymous Symbol]                       0x100108e8   Section        0  startup_cm3031.o(.text.Reset_Handler)
    [Anonymous Symbol]                       0x1001091c   Section        0  system_cm3031.o(.text.SCU_IRQHandler)
    [Anonymous Symbol]                       0x10010920   Section        0  retarget.o(.text.SendChar)
    [Anonymous Symbol]                       0x10010930   Section        0  retarget.o(.text.SendChar_ToUART)
    SysTick_Config                           0x10010989   Thumb Code    84  main_ns.o(.text.SysTick_Config)
    [Anonymous Symbol]                       0x10010988   Section        0  main_ns.o(.text.SysTick_Config)
    [Anonymous Symbol]                       0x100109dc   Section        0  main_ns.o(.text.SysTick_Handler)
    [Anonymous Symbol]                       0x10010a58   Section        0  system_cm3031.o(.text.SystemCoreClockUpdate)
    [Anonymous Symbol]                       0x10010aa0   Section        0  system_cm3031.o(.text.SystemInit)
    __NVIC_SetPriority                       0x10010afd   Thumb Code    58  main_ns.o(.text.__NVIC_SetPriority)
    [Anonymous Symbol]                       0x10010afc   Section        0  main_ns.o(.text.__NVIC_SetPriority)
    [Anonymous Symbol]                       0x10010b38   Section        0  system_cm3031.o(.text.__PC)
    [Anonymous Symbol]                       0x10010b44   Section        0  retarget.o(.text.fputc)
    [Anonymous Symbol]                       0x10010b58   Section        0  main_ns.o(.text.main)
    i.__0printf                              0x10010c28   Section        0  printfa.o(i.__0printf)
    i.__scatterload_copy                     0x10010c48   Section       14  handlers.o(i.__scatterload_copy)
    i.__scatterload_null                     0x10010c56   Section        2  handlers.o(i.__scatterload_null)
    i.__scatterload_zeroinit                 0x10010c58   Section       14  handlers.o(i.__scatterload_zeroinit)
    _fp_digits                               0x10010c69   Thumb Code   366  printfa.o(i._fp_digits)
    i._fp_digits                             0x10010c68   Section        0  printfa.o(i._fp_digits)
    _printf_core                             0x10010ded   Thumb Code  1744  printfa.o(i._printf_core)
    i._printf_core                           0x10010dec   Section        0  printfa.o(i._printf_core)
    _printf_post_padding                     0x100114c9   Thumb Code    36  printfa.o(i._printf_post_padding)
    i._printf_post_padding                   0x100114c8   Section        0  printfa.o(i._printf_post_padding)
    _printf_pre_padding                      0x100114ed   Thumb Code    46  printfa.o(i._printf_pre_padding)
    i._printf_pre_padding                    0x100114ec   Section        0  printfa.o(i._printf_pre_padding)
    [Anonymous Symbol]                       0x1001151a   Section        0  main_ns.o(.rodata.str1.1)
    .L.str.5                                 0x10011539   Data          49  main_ns.o(.rodata.str1.1)
    .L.str.1                                 0x10011587   Data          34  main_ns.o(.rodata.str1.1)
    .L.str                                   0x100115a9   Data          33  main_ns.o(.rodata.str1.1)
    .L.str.3                                 0x100115ca   Data          19  main_ns.o(.rodata.str1.1)
    .L.str.2                                 0x100115dd   Data          18  main_ns.o(.rodata.str1.1)
    .L.str.7                                 0x100115e6   Data          29  main_ns.o(.rodata.str1.1)
    .L.str.6                                 0x100115ef   Data          49  main_ns.o(.rodata.str1.1)
    .L.str.8                                 0x10011603   Data          31  main_ns.o(.rodata.str1.1)
    .L.str.4                                 0x1001161e   Data           2  main_ns.o(.rodata.str1.1)
    SysTick_Handler.u32Ticks                 0x3000820c   Data           4  main_ns.o(.bss.SysTick_Handler.u32Ticks)
    [Anonymous Symbol]                       0x3000820c   Section        0  main_ns.o(.bss.SysTick_Handler.u32Ticks)

    Global Symbols

    Symbol Name                              Value     Ov Type        Size  Object(Section)

    BuildAttributes$$THM_ISAv4$E$P$D$K$B$S$7EM$8M$VFPi5$EXTD16$VFPS$VFMA$PE$A:L22UL41UL21$X:L11$S22US41US21$IEEE1$IW$USESV6$~STKCKD$USESV7$WCHAR32$ENUMINT$~SHL$OSPACE$ROPI$MICROLIB$REQ8$PRES8$EABIv2 0x00000000   Number         0  anon$$obj.o ABSOLUTE
    __cpp_initialize__aeabi_                  - Undefined Weak Reference
    __cxa_finalize                            - Undefined Weak Reference
    __decompress                              - Undefined Weak Reference
    _clock_init                               - Undefined Weak Reference
    _microlib_exit                            - Undefined Weak Reference
    Secure_func                              0x000031a1   Thumb Code     8  nsclib_Secure.o ABSOLUTE
    Secure_LED_On                            0x000031a9   Thumb Code     8  nsclib_Secure.o ABSOLUTE
    Secure_LED_Off                           0x000031b1   Thumb Code     8  nsclib_Secure.o ABSOLUTE
    Secure_LED_On_callback                   0x000031b9   Thumb Code     8  nsclib_Secure.o ABSOLUTE
    Secure_LED_Off_callback                  0x000031c1   Thumb Code     8  nsclib_Secure.o ABSOLUTE
    CLK_GetHXTFreq                           0x000031c9   Thumb Code     8  nsclib_Secure.o ABSOLUTE
    CLK_GetLXTFreq                           0x000031d1   Thumb Code     8  nsclib_Secure.o ABSOLUTE
    CLK_GetPCLK0Freq                         0x000031d9   Thumb Code     8  nsclib_Secure.o ABSOLUTE
    CLK_GetPCLK1Freq                         0x000031e1   Thumb Code     8  nsclib_Secure.o ABSOLUTE
    CLK_GetHCLKFreq                          0x000031e9   Thumb Code     8  nsclib_Secure.o ABSOLUTE
    CLK_GetCPUFreq                           0x000031f1   Thumb Code     8  nsclib_Secure.o ABSOLUTE
    CLK_GetPLLClockFreq                      0x000031f9   Thumb Code     8  nsclib_Secure.o ABSOLUTE
    CLK_GetModuleClockSource                 0x00003201   Thumb Code     8  nsclib_Secure.o ABSOLUTE
    CLK_GetModuleClockDivider                0x00003209   Thumb Code     8  nsclib_Secure.o ABSOLUTE
    __Vectors                                0x10010000   Data         644  startup_cm3031.o(RESET)
    __main                                   0x10010285   Thumb Code     0  entry.o(.ARM.Collect$$$$00000000)
    _main_stk                                0x10010285   Thumb Code     0  entry4.o(.ARM.Collect$$$$00000003)
    _main_scatterload                        0x10010289   Thumb Code     0  entry5.o(.ARM.Collect$$$$00000004)
    __main_after_scatterload                 0x1001028d   Thumb Code     0  entry5.o(.ARM.Collect$$$$00000004)
    _main_clock                              0x1001028d   Thumb Code     0  entry7b.o(.ARM.Collect$$$$00000008)
    _main_cpp_init                           0x1001028d   Thumb Code     0  entry8b.o(.ARM.Collect$$$$0000000A)
    _main_init                               0x1001028d   Thumb Code     0  entry9a.o(.ARM.Collect$$$$0000000B)
    __rt_final_cpp                           0x10010295   Thumb Code     0  entry10a.o(.ARM.Collect$$$$0000000D)
    __rt_final_exit                          0x10010295   Thumb Code     0  entry11a.o(.ARM.Collect$$$$0000000F)
    __aeabi_uidiv                            0x10010299   Thumb Code     0  uidiv.o(.text)
    __aeabi_uidivmod                         0x10010299   Thumb Code    44  uidiv.o(.text)
    __aeabi_uldivmod                         0x100102c5   Thumb Code    98  uldiv.o(.text)
    __I$use$fp                               0x10010327   Thumb Code     0  iusefp.o(.text)
    __aeabi_dadd                             0x10010327   Thumb Code   322  dadd.o(.text)
    __aeabi_dsub                             0x10010469   Thumb Code     6  dadd.o(.text)
    __aeabi_drsub                            0x1001046f   Thumb Code     6  dadd.o(.text)
    __aeabi_dmul                             0x10010475   Thumb Code   228  dmul.o(.text)
    __aeabi_ddiv                             0x10010559   Thumb Code   222  ddiv.o(.text)
    __aeabi_d2ulz                            0x10010637   Thumb Code    48  dfixul.o(.text)
    __aeabi_cdrcmple                         0x10010669   Thumb Code    48  cdrcmple.o(.text)
    __scatterload                            0x10010699   Thumb Code    38  init.o(.text)
    __scatterload_rt2                        0x10010699   Thumb Code     0  init.o(.text)
    __aeabi_llsl                             0x100106c9   Thumb Code    30  llshl.o(.text)
    _ll_shift_l                              0x100106c9   Thumb Code     0  llshl.o(.text)
    __aeabi_llsr                             0x100106e7   Thumb Code    32  llushr.o(.text)
    _ll_ushift_r                             0x100106e7   Thumb Code     0  llushr.o(.text)
    __aeabi_lasr                             0x10010707   Thumb Code    36  llsshr.o(.text)
    _ll_sshift_r                             0x10010707   Thumb Code     0  llsshr.o(.text)
    _double_round                            0x1001072b   Thumb Code    30  depilogue.o(.text)
    _double_epilogue                         0x10010749   Thumb Code   156  depilogue.o(.text)
    DEBUG_PORT_Init                          0x100107e5   Thumb Code    32  main_ns.o(.text.DEBUG_PORT_Init)
    ACMP01_IRQHandler                        0x10010805   Thumb Code     4  startup_cm3031.o(.text.Default_Handler)
    BOD_IRQHandler                           0x10010805   Thumb Code     4  startup_cm3031.o(.text.Default_Handler)
    BPWM0_IRQHandler                         0x10010805   Thumb Code     4  startup_cm3031.o(.text.Default_Handler)
    BPWM1_IRQHandler                         0x10010805   Thumb Code     4  startup_cm3031.o(.text.Default_Handler)
    BPWM2_IRQHandler                         0x10010805   Thumb Code     4  startup_cm3031.o(.text.Default_Handler)
    BPWM3_IRQHandler                         0x10010805   Thumb Code     4  startup_cm3031.o(.text.Default_Handler)
    BPWM4_IRQHandler                         0x10010805   Thumb Code     4  startup_cm3031.o(.text.Default_Handler)
    BPWM5_IRQHandler                         0x10010805   Thumb Code     4  startup_cm3031.o(.text.Default_Handler)
    BRAKE0_IRQHandler                        0x10010805   Thumb Code     4  startup_cm3031.o(.text.Default_Handler)
    BRAKE1_IRQHandler                        0x10010805   Thumb Code     4  startup_cm3031.o(.text.Default_Handler)
    BusFault_Handler                         0x10010805   Thumb Code     4  startup_cm3031.o(.text.Default_Handler)
    CANFD00_IRQHandler                       0x10010805   Thumb Code     4  startup_cm3031.o(.text.Default_Handler)
    CANFD01_IRQHandler                       0x10010805   Thumb Code     4  startup_cm3031.o(.text.Default_Handler)
    CANFD10_IRQHandler                       0x10010805   Thumb Code     4  startup_cm3031.o(.text.Default_Handler)
    CANFD11_IRQHandler                       0x10010805   Thumb Code     4  startup_cm3031.o(.text.Default_Handler)
    CKFAIL_IRQHandler                        0x10010805   Thumb Code     4  startup_cm3031.o(.text.Default_Handler)
    CRC_IRQHandler                           0x10010805   Thumb Code     4  startup_cm3031.o(.text.Default_Handler)
    DebugMon_Handler                         0x10010805   Thumb Code     4  startup_cm3031.o(.text.Default_Handler)
    Default_Handler                          0x10010805   Thumb Code     4  startup_cm3031.o(.text.Default_Handler)
    EADC00_IRQHandler                        0x10010805   Thumb Code     4  startup_cm3031.o(.text.Default_Handler)
    EADC01_IRQHandler                        0x10010805   Thumb Code     4  startup_cm3031.o(.text.Default_Handler)
    EADC02_IRQHandler                        0x10010805   Thumb Code     4  startup_cm3031.o(.text.Default_Handler)
    EADC03_IRQHandler                        0x10010805   Thumb Code     4  startup_cm3031.o(.text.Default_Handler)
    ECAP0_IRQHandler                         0x10010805   Thumb Code     4  startup_cm3031.o(.text.Default_Handler)
    EHCI_IRQHandler                          0x10010805   Thumb Code     4  startup_cm3031.o(.text.Default_Handler)
    EINT0_IRQHandler                         0x10010805   Thumb Code     4  startup_cm3031.o(.text.Default_Handler)
    EINT1_IRQHandler                         0x10010805   Thumb Code     4  startup_cm3031.o(.text.Default_Handler)
    EINT2_IRQHandler                         0x10010805   Thumb Code     4  startup_cm3031.o(.text.Default_Handler)
    EINT3_IRQHandler                         0x10010805   Thumb Code     4  startup_cm3031.o(.text.Default_Handler)
    EINT4_IRQHandler                         0x10010805   Thumb Code     4  startup_cm3031.o(.text.Default_Handler)
    EINT5_IRQHandler                         0x10010805   Thumb Code     4  startup_cm3031.o(.text.Default_Handler)
    EINT6_IRQHandler                         0x10010805   Thumb Code     4  startup_cm3031.o(.text.Default_Handler)
    EINT7_IRQHandler                         0x10010805   Thumb Code     4  startup_cm3031.o(.text.Default_Handler)
    ELLSI0_IRQHandler                        0x10010805   Thumb Code     4  startup_cm3031.o(.text.Default_Handler)
    EPWM0P0_IRQHandler                       0x10010805   Thumb Code     4  startup_cm3031.o(.text.Default_Handler)
    EPWM0P1_IRQHandler                       0x10010805   Thumb Code     4  startup_cm3031.o(.text.Default_Handler)
    EPWM0P2_IRQHandler                       0x10010805   Thumb Code     4  startup_cm3031.o(.text.Default_Handler)
    EPWM1P0_IRQHandler                       0x10010805   Thumb Code     4  startup_cm3031.o(.text.Default_Handler)
    EPWM1P1_IRQHandler                       0x10010805   Thumb Code     4  startup_cm3031.o(.text.Default_Handler)
    EPWM1P2_IRQHandler                       0x10010805   Thumb Code     4  startup_cm3031.o(.text.Default_Handler)
    EQEI0_IRQHandler                         0x10010805   Thumb Code     4  startup_cm3031.o(.text.Default_Handler)
    ETI_IRQHandler                           0x10010805   Thumb Code     4  startup_cm3031.o(.text.Default_Handler)
    GPA_IRQHandler                           0x10010805   Thumb Code     4  startup_cm3031.o(.text.Default_Handler)
    GPB_IRQHandler                           0x10010805   Thumb Code     4  startup_cm3031.o(.text.Default_Handler)
    GPC_IRQHandler                           0x10010805   Thumb Code     4  startup_cm3031.o(.text.Default_Handler)
    GPD_IRQHandler                           0x10010805   Thumb Code     4  startup_cm3031.o(.text.Default_Handler)
    GPE_IRQHandler                           0x10010805   Thumb Code     4  startup_cm3031.o(.text.Default_Handler)
    GPF_IRQHandler                           0x10010805   Thumb Code     4  startup_cm3031.o(.text.Default_Handler)
    GPG_IRQHandler                           0x10010805   Thumb Code     4  startup_cm3031.o(.text.Default_Handler)
    GPH_IRQHandler                           0x10010805   Thumb Code     4  startup_cm3031.o(.text.Default_Handler)
    I2C0_IRQHandler                          0x10010805   Thumb Code     4  startup_cm3031.o(.text.Default_Handler)
    I2C1_IRQHandler                          0x10010805   Thumb Code     4  startup_cm3031.o(.text.Default_Handler)
    I2C2_IRQHandler                          0x10010805   Thumb Code     4  startup_cm3031.o(.text.Default_Handler)
    I2S0_IRQHandler                          0x10010805   Thumb Code     4  startup_cm3031.o(.text.Default_Handler)
    I3C0_IRQHandler                          0x10010805   Thumb Code     4  startup_cm3031.o(.text.Default_Handler)
    IRC_IRQHandler                           0x10010805   Thumb Code     4  startup_cm3031.o(.text.Default_Handler)
    ISP_IRQHandler                           0x10010805   Thumb Code     4  startup_cm3031.o(.text.Default_Handler)
    LLSI0_IRQHandler                         0x10010805   Thumb Code     4  startup_cm3031.o(.text.Default_Handler)
    LLSI1_IRQHandler                         0x10010805   Thumb Code     4  startup_cm3031.o(.text.Default_Handler)
    LLSI2_IRQHandler                         0x10010805   Thumb Code     4  startup_cm3031.o(.text.Default_Handler)
    LLSI3_IRQHandler                         0x10010805   Thumb Code     4  startup_cm3031.o(.text.Default_Handler)
    LLSI4_IRQHandler                         0x10010805   Thumb Code     4  startup_cm3031.o(.text.Default_Handler)
    LLSI5_IRQHandler                         0x10010805   Thumb Code     4  startup_cm3031.o(.text.Default_Handler)
    LLSI6_IRQHandler                         0x10010805   Thumb Code     4  startup_cm3031.o(.text.Default_Handler)
    LLSI7_IRQHandler                         0x10010805   Thumb Code     4  startup_cm3031.o(.text.Default_Handler)
    LLSI8_IRQHandler                         0x10010805   Thumb Code     4  startup_cm3031.o(.text.Default_Handler)
    LLSI9_IRQHandler                         0x10010805   Thumb Code     4  startup_cm3031.o(.text.Default_Handler)
    MemManage_Handler                        0x10010805   Thumb Code     4  startup_cm3031.o(.text.Default_Handler)
    NMI_Handler                              0x10010805   Thumb Code     4  startup_cm3031.o(.text.Default_Handler)
    NS_ISP_IRQHandler                        0x10010805   Thumb Code     4  startup_cm3031.o(.text.Default_Handler)
    NS_RAMPE_IRQHandler                      0x10010805   Thumb Code     4  startup_cm3031.o(.text.Default_Handler)
    OHCI_IRQHandler                          0x10010805   Thumb Code     4  startup_cm3031.o(.text.Default_Handler)
    PDCI_IRQHandler                          0x10010805   Thumb Code     4  startup_cm3031.o(.text.Default_Handler)
    PDMA0_IRQHandler                         0x10010805   Thumb Code     4  startup_cm3031.o(.text.Default_Handler)
    PDMA1_IRQHandler                         0x10010805   Thumb Code     4  startup_cm3031.o(.text.Default_Handler)
    PWRWU_IRQHandler                         0x10010805   Thumb Code     4  startup_cm3031.o(.text.Default_Handler)
    PendSV_Handler                           0x10010805   Thumb Code     4  startup_cm3031.o(.text.Default_Handler)
    QSPI0_IRQHandler                         0x10010805   Thumb Code     4  startup_cm3031.o(.text.Default_Handler)
    RAMPE_IRQHandler                         0x10010805   Thumb Code     4  startup_cm3031.o(.text.Default_Handler)
    RTC_IRQHandler                           0x10010805   Thumb Code     4  startup_cm3031.o(.text.Default_Handler)
    SDH0_IRQHandler                          0x10010805   Thumb Code     4  startup_cm3031.o(.text.Default_Handler)
    SPI0_IRQHandler                          0x10010805   Thumb Code     4  startup_cm3031.o(.text.Default_Handler)
    SPI1_IRQHandler                          0x10010805   Thumb Code     4  startup_cm3031.o(.text.Default_Handler)
    SPI2_IRQHandler                          0x10010805   Thumb Code     4  startup_cm3031.o(.text.Default_Handler)
    SVC_Handler                              0x10010805   Thumb Code     4  startup_cm3031.o(.text.Default_Handler)
    SecureFault_Handler                      0x10010805   Thumb Code     4  startup_cm3031.o(.text.Default_Handler)
    TMR0_IRQHandler                          0x10010805   Thumb Code     4  startup_cm3031.o(.text.Default_Handler)
    TMR1_IRQHandler                          0x10010805   Thumb Code     4  startup_cm3031.o(.text.Default_Handler)
    TMR2_IRQHandler                          0x10010805   Thumb Code     4  startup_cm3031.o(.text.Default_Handler)
    TMR3_IRQHandler                          0x10010805   Thumb Code     4  startup_cm3031.o(.text.Default_Handler)
    UART0_IRQHandler                         0x10010805   Thumb Code     4  startup_cm3031.o(.text.Default_Handler)
    UART1_IRQHandler                         0x10010805   Thumb Code     4  startup_cm3031.o(.text.Default_Handler)
    UART2_IRQHandler                         0x10010805   Thumb Code     4  startup_cm3031.o(.text.Default_Handler)
    UART3_IRQHandler                         0x10010805   Thumb Code     4  startup_cm3031.o(.text.Default_Handler)
    UART4_IRQHandler                         0x10010805   Thumb Code     4  startup_cm3031.o(.text.Default_Handler)
    USBD20_IRQHandler                        0x10010805   Thumb Code     4  startup_cm3031.o(.text.Default_Handler)
    USBOTG20_IRQHandler                      0x10010805   Thumb Code     4  startup_cm3031.o(.text.Default_Handler)
    USCI0_IRQHandler                         0x10010805   Thumb Code     4  startup_cm3031.o(.text.Default_Handler)
    USCI1_IRQHandler                         0x10010805   Thumb Code     4  startup_cm3031.o(.text.Default_Handler)
    UsageFault_Handler                       0x10010805   Thumb Code     4  startup_cm3031.o(.text.Default_Handler)
    WDT0_IRQHandler                          0x10010805   Thumb Code     4  startup_cm3031.o(.text.Default_Handler)
    WDT1_IRQHandler                          0x10010805   Thumb Code     4  startup_cm3031.o(.text.Default_Handler)
    WWDT0_IRQHandler                         0x10010805   Thumb Code     4  startup_cm3031.o(.text.Default_Handler)
    WWDT1_IRQHandler                         0x10010805   Thumb Code     4  startup_cm3031.o(.text.Default_Handler)
    GPIO_SetMode                             0x10010809   Thumb Code    74  gpio.o(.text.GPIO_SetMode)
    HardFault_Handler                        0x10010855   Thumb Code     4  startup_cm3031.o(.text.HardFault_Handler)
    LED_Off                                  0x10010859   Thumb Code    34  main_ns.o(.text.LED_Off)
    LED_On                                   0x1001087d   Thumb Code    34  main_ns.o(.text.LED_On)
    NonSecure_LED_Off                        0x100108a1   Thumb Code    36  main_ns.o(.text.NonSecure_LED_Off)
    NonSecure_LED_On                         0x100108c5   Thumb Code    34  main_ns.o(.text.NonSecure_LED_On)
    Reset_Handler                            0x100108e9   Thumb Code    50  startup_cm3031.o(.text.Reset_Handler)
    SCU_IRQHandler                           0x1001091d   Thumb Code     4  system_cm3031.o(.text.SCU_IRQHandler)
    SendChar                                 0x10010921   Thumb Code    16  retarget.o(.text.SendChar)
    SendChar_ToUART                          0x10010931   Thumb Code    88  retarget.o(.text.SendChar_ToUART)
    SysTick_Handler                          0x100109dd   Thumb Code   122  main_ns.o(.text.SysTick_Handler)
    SystemCoreClockUpdate                    0x10010a59   Thumb Code    70  system_cm3031.o(.text.SystemCoreClockUpdate)
    SystemInit                               0x10010aa1   Thumb Code    92  system_cm3031.o(.text.SystemInit)
    __PC                                     0x10010b39   Thumb Code    12  system_cm3031.o(.text.__PC)
    fputc                                    0x10010b45   Thumb Code    20  retarget.o(.text.fputc)
    main                                     0x10010b59   Thumb Code   138  main_ns.o(.text.main)
    Long Thumb to Thumb Veneer to Secure_LED_On 0x10010be3   Thumb Code    10  anon$$obj.o(Veneer$$Code)
    Long Thumb to Thumb Veneer to Secure_LED_Off 0x10010bed   Thumb Code    10  anon$$obj.o(Veneer$$Code)
    Long Thumb to Thumb Veneer to CLK_GetPLLClockFreq 0x10010bf7   Thumb Code    10  anon$$obj.o(Veneer$$Code)
    Long Thumb to Thumb Veneer to CLK_GetCPUFreq 0x10010c01   Thumb Code    10  anon$$obj.o(Veneer$$Code)
    Long Thumb to Thumb Veneer to Secure_func 0x10010c0b   Thumb Code    10  anon$$obj.o(Veneer$$Code)
    Long Thumb to Thumb Veneer to Secure_LED_On_callback 0x10010c15   Thumb Code    10  anon$$obj.o(Veneer$$Code)
    Long Thumb to Thumb Veneer to Secure_LED_Off_callback 0x10010c1f   Thumb Code    10  anon$$obj.o(Veneer$$Code)
    __0printf                                0x10010c29   Thumb Code    22  printfa.o(i.__0printf)
    __1printf                                0x10010c29   Thumb Code     0  printfa.o(i.__0printf)
    __2printf                                0x10010c29   Thumb Code     0  printfa.o(i.__0printf)
    __c89printf                              0x10010c29   Thumb Code     0  printfa.o(i.__0printf)
    printf                                   0x10010c29   Thumb Code     0  printfa.o(i.__0printf)
    __scatterload_copy                       0x10010c49   Thumb Code    14  handlers.o(i.__scatterload_copy)
    __scatterload_null                       0x10010c57   Thumb Code     2  handlers.o(i.__scatterload_null)
    __scatterload_zeroinit                   0x10010c59   Thumb Code    14  handlers.o(i.__scatterload_zeroinit)
    Region$$Table$$Base                      0x10011620   Number         0  anon$$obj.o(Region$$Table)
    Region$$Table$$Limit                     0x10011640   Number         0  anon$$obj.o(Region$$Table)
    Image$$ARM_LIB_STACK$$ZI$$Base           0x30008000   Number         0  anon$$obj.o ABSOLUTE
    CyclesPerUs                              0x30008200   Data           4  system_cm3031.o(.data.CyclesPerUs)
    Image$$ARM_LIB_STACK$$ZI$$Limit          0x30008200   Number         0  anon$$obj.o ABSOLUTE
    PllClock                                 0x30008204   Data           4  system_cm3031.o(.data.PllClock)
    SystemCoreClock                          0x30008208   Data           4  system_cm3031.o(.data.SystemCoreClock)
    __stdout                                 0x30008210   Data          84  retarget.o(.bss.__stdout)



==============================================================================

Memory Map of the image

  Image Entry point : 0x10010285

  Load Region LR_ROM (Base: 0x10010000, Size: 0x0000164c, Max: 0xffffffff, ABSOLUTE)

    Execution Region EXE_ROM (Exec base: 0x10010000, Load base: 0x10010000, Size: 0x00001640, Max: 0xffffffff, ABSOLUTE)

    Exec Addr    Load Addr    Size         Type   Attr      Idx    E Section Name        Object

    0x10010000   0x10010000   0x00000284   Data   RO           10    RESET               startup_cm3031.o
    0x10010284   0x10010284   0x00000000   Code   RO          116  * .ARM.Collect$$$$00000000  mc_w.l(entry.o)
    0x10010284   0x10010284   0x00000004   Code   RO          154    .ARM.Collect$$$$00000003  mc_w.l(entry4.o)
    0x10010288   0x10010288   0x00000004   Code   RO          157    .ARM.Collect$$$$00000004  mc_w.l(entry5.o)
    0x1001028c   0x1001028c   0x00000000   Code   RO          159    .ARM.Collect$$$$00000008  mc_w.l(entry7b.o)
    0x1001028c   0x1001028c   0x00000000   Code   RO          161    .ARM.Collect$$$$0000000A  mc_w.l(entry8b.o)
    0x1001028c   0x1001028c   0x00000008   Code   RO          162    .ARM.Collect$$$$0000000B  mc_w.l(entry9a.o)
    0x10010294   0x10010294   0x00000000   Code   RO          164    .ARM.Collect$$$$0000000D  mc_w.l(entry10a.o)
    0x10010294   0x10010294   0x00000000   Code   RO          166    .ARM.Collect$$$$0000000F  mc_w.l(entry11a.o)
    0x10010294   0x10010294   0x00000004   Code   RO          155    .ARM.Collect$$$$00002714  mc_w.l(entry4.o)
    0x10010298   0x10010298   0x0000002c   Code   RO          177    .text               mc_w.l(uidiv.o)
    0x100102c4   0x100102c4   0x00000062   Code   RO          179    .text               mc_w.l(uldiv.o)
    0x10010326   0x10010326   0x00000000   Code   RO          181    .text               mc_w.l(iusefp.o)
    0x10010326   0x10010326   0x0000014e   Code   RO          182    .text               mf_w.l(dadd.o)
    0x10010474   0x10010474   0x000000e4   Code   RO          184    .text               mf_w.l(dmul.o)
    0x10010558   0x10010558   0x000000de   Code   RO          186    .text               mf_w.l(ddiv.o)
    0x10010636   0x10010636   0x00000030   Code   RO          188    .text               mf_w.l(dfixul.o)
    0x10010666   0x10010666   0x00000002   PAD
    0x10010668   0x10010668   0x00000030   Code   RO          190    .text               mf_w.l(cdrcmple.o)
    0x10010698   0x10010698   0x00000030   Code   RO          192    .text               mc_w.l(init.o)
    0x100106c8   0x100106c8   0x0000001e   Code   RO          194    .text               mc_w.l(llshl.o)
    0x100106e6   0x100106e6   0x00000020   Code   RO          196    .text               mc_w.l(llushr.o)
    0x10010706   0x10010706   0x00000024   Code   RO          198    .text               mc_w.l(llsshr.o)
    0x1001072a   0x1001072a   0x000000ba   Code   RO          200    .text               mf_w.l(depilogue.o)
    0x100107e4   0x100107e4   0x00000020   Code   RO           48    .text.DEBUG_PORT_Init  main_ns.o
    0x10010804   0x10010804   0x00000004   Code   RO            4    .text.Default_Handler  startup_cm3031.o
    0x10010808   0x10010808   0x0000004a   Code   RO          100    .text.GPIO_SetMode  gpio.o
    0x10010852   0x10010852   0x00000002   PAD
    0x10010854   0x10010854   0x00000004   Code   RO            8    .text.HardFault_Handler  startup_cm3031.o
    0x10010858   0x10010858   0x00000022   Code   RO           42    .text.LED_Off       main_ns.o
    0x1001087a   0x1001087a   0x00000002   PAD
    0x1001087c   0x1001087c   0x00000022   Code   RO           40    .text.LED_On        main_ns.o
    0x1001089e   0x1001089e   0x00000002   PAD
    0x100108a0   0x100108a0   0x00000024   Code   RO           38    .text.NonSecure_LED_Off  main_ns.o
    0x100108c4   0x100108c4   0x00000022   Code   RO           36    .text.NonSecure_LED_On  main_ns.o
    0x100108e6   0x100108e6   0x00000002   PAD
    0x100108e8   0x100108e8   0x00000032   Code   RO            6    .text.Reset_Handler  startup_cm3031.o
    0x1001091a   0x1001091a   0x00000002   PAD
    0x1001091c   0x1001091c   0x00000004   Code   RO           18    .text.SCU_IRQHandler  system_cm3031.o
    0x10010920   0x10010920   0x00000010   Code   RO           74    .text.SendChar      retarget.o
    0x10010930   0x10010930   0x00000058   Code   RO           72    .text.SendChar_ToUART  retarget.o
    0x10010988   0x10010988   0x00000054   Code   RO           50    .text.SysTick_Config  main_ns.o
    0x100109dc   0x100109dc   0x0000007a   Code   RO           44    .text.SysTick_Handler  main_ns.o
    0x10010a56   0x10010a56   0x00000002   PAD
    0x10010a58   0x10010a58   0x00000046   Code   RO           20    .text.SystemCoreClockUpdate  system_cm3031.o
    0x10010a9e   0x10010a9e   0x00000002   PAD
    0x10010aa0   0x10010aa0   0x0000005c   Code   RO           22    .text.SystemInit    system_cm3031.o
    0x10010afc   0x10010afc   0x0000003a   Code   RO           54    .text.__NVIC_SetPriority  main_ns.o
    0x10010b36   0x10010b36   0x00000002   PAD
    0x10010b38   0x10010b38   0x0000000c   Code   RO           24    .text.__PC          system_cm3031.o
    0x10010b44   0x10010b44   0x00000014   Code   RO           84    .text.fputc         retarget.o
    0x10010b58   0x10010b58   0x0000008a   Code   RO           46    .text.main          main_ns.o
    0x10010be2   0x10010be2   0x0000000a   Ven    RO          210    Veneer$$Code        anon$$obj.o
    0x10010bec   0x10010bec   0x0000000a   Ven    RO          211    Veneer$$Code        anon$$obj.o
    0x10010bf6   0x10010bf6   0x0000000a   Ven    RO          212    Veneer$$Code        anon$$obj.o
    0x10010c00   0x10010c00   0x0000000a   Ven    RO          213    Veneer$$Code        anon$$obj.o
    0x10010c0a   0x10010c0a   0x0000000a   Ven    RO          214    Veneer$$Code        anon$$obj.o
    0x10010c14   0x10010c14   0x0000000a   Ven    RO          215    Veneer$$Code        anon$$obj.o
    0x10010c1e   0x10010c1e   0x0000000a   Ven    RO          216    Veneer$$Code        anon$$obj.o
    0x10010c28   0x10010c28   0x00000020   Code   RO          127    i.__0printf         mc_w.l(printfa.o)
    0x10010c48   0x10010c48   0x0000000e   Code   RO          204    i.__scatterload_copy  mc_w.l(handlers.o)
    0x10010c56   0x10010c56   0x00000002   Code   RO          205    i.__scatterload_null  mc_w.l(handlers.o)
    0x10010c58   0x10010c58   0x0000000e   Code   RO          206    i.__scatterload_zeroinit  mc_w.l(handlers.o)
    0x10010c66   0x10010c66   0x00000002   PAD
    0x10010c68   0x10010c68   0x00000184   Code   RO          134    i._fp_digits        mc_w.l(printfa.o)
    0x10010dec   0x10010dec   0x000006dc   Code   RO          135    i._printf_core      mc_w.l(printfa.o)
    0x100114c8   0x100114c8   0x00000024   Code   RO          136    i._printf_post_padding  mc_w.l(printfa.o)
    0x100114ec   0x100114ec   0x0000002e   Code   RO          137    i._printf_pre_padding  mc_w.l(printfa.o)
    0x1001151a   0x1001151a   0x00000106   Data   RO           56    .rodata.str1.1      main_ns.o
    0x10011620   0x10011620   0x00000020   Data   RO          203    Region$$Table       anon$$obj.o


    Execution Region ARM_LIB_STACK (Exec base: 0x30008000, Load base: 0x10011640, Size: 0x00000200, Max: 0x00000200, ABSOLUTE)

    Exec Addr    Load Addr    Size         Type   Attr      Idx    E Section Name        Object

    0x30008000        -       0x00000200   Zero   RW            1    ARM_LIB_STACK.bss   anon$$obj.o


    Execution Region EXE_RAM (Exec base: 0x30008200, Load base: 0x10011640, Size: 0x00000064, Max: 0xffffffff, ABSOLUTE)

    Exec Addr    Load Addr    Size         Type   Attr      Idx    E Section Name        Object

    0x30008200   0x10011640   0x00000004   Data   RW           27    .data.CyclesPerUs   system_cm3031.o
    0x30008204   0x10011644   0x00000004   Data   RW           28    .data.PllClock      system_cm3031.o
    0x30008208   0x10011648   0x00000004   Data   RW           26    .data.SystemCoreClock  system_cm3031.o
    0x3000820c        -       0x00000004   Zero   RW           57    .bss.SysTick_Handler.u32Ticks  main_ns.o
    0x30008210        -       0x00000054   Zero   RW           92    .bss.__stdout       retarget.o


    Execution Region ARM_LIB_HEAP (Exec base: 0x30008268, Load base: 0x1001164c, Size: 0x00000c00, Max: 0x00000c00, ABSOLUTE)

    Exec Addr    Load Addr    Size         Type   Attr      Idx    E Section Name        Object

    0x30008268        -       0x00000c00   Zero   RW            2    ARM_LIB_HEAP.bss    anon$$obj.o


==============================================================================

Image component sizes


      Code (inc. data)   RO Data    RW Data    ZI Data      Debug   Object Name

        74          0          0          0          0       2050   gpio.o
       572          0        262          0          4       6875   main_ns.o
       124          0          0          0         84       6270   retarget.o
        58          0        644          0          0       1486   startup_cm3031.o
       178          0          0         12          0       4430   system_cm3031.o

    ----------------------------------------------------------------------
      1092          0        938         12       3672      21111   Object Totals
        70          0         32          0       3584          0   (incl. Generated)
        16          0          0          0          0          0   (incl. Padding)

    ----------------------------------------------------------------------

      Code (inc. data)   RO Data    RW Data    ZI Data      Debug   Library Member Name

         0          0          0          0          0          0   entry.o
         0          0          0          0          0          0   entry10a.o
         0          0          0          0          0          0   entry11a.o
         8          4          0          0          0          0   entry4.o
         4          0          0          0          0          0   entry5.o
         0          0          0          0          0          0   entry7b.o
         0          0          0          0          0          0   entry8b.o
         8          4          0          0          0          0   entry9a.o
        30          0          0          0          0          0   handlers.o
        48         10          0          0          0         68   init.o
         0          0          0          0          0          0   iusefp.o
        30          0          0          0          0         68   llshl.o
        36          0          0          0          0         68   llsshr.o
        32          0          0          0          0         68   llushr.o
      2258         90          0          0          0        452   printfa.o
        44          0          0          0          0         80   uidiv.o
        98          0          0          0          0         92   uldiv.o
        48          0          0          0          0         68   cdrcmple.o
       334          0          0          0          0        148   dadd.o
       222          0          0          0          0        100   ddiv.o
       186          0          0          0          0        176   depilogue.o
        48          0          0          0          0         68   dfixul.o
       228          0          0          0          0         96   dmul.o

    ----------------------------------------------------------------------
      3666        108          0          0          0       1552   Library Totals
         4          0          0          0          0          0   (incl. Padding)

    ----------------------------------------------------------------------

      Code (inc. data)   RO Data    RW Data    ZI Data      Debug   Library Name

      2596        108          0          0          0        896   mc_w.l
      1066          0          0          0          0        656   mf_w.l

    ----------------------------------------------------------------------
      3666        108          0          0          0       1552   Library Totals

    ----------------------------------------------------------------------

==============================================================================


      Code (inc. data)   RO Data    RW Data    ZI Data      Debug   

      4758        108        938         12       3672      22007   Grand Totals
      4758        108        938         12       3672      22007   ELF Image Totals
      4758        108        938         12          0          0   ROM Totals

==============================================================================

    Total RO  Size (Code + RO Data)                 5696 (   5.56kB)
    Total RW  Size (RW Data + ZI Data)              3684 (   3.60kB)
    Total ROM Size (Code + RO Data + RW Data)       5708 (   5.57kB)

==============================================================================

