Component: Arm Compiler for Embedded 6.24 Tool: armlink [5f371500]

==============================================================================

Section Cross References

    startup_cm3031.o(.ARM.exidx.text.Default_Handler) refers to startup_cm3031.o(.text.Default_Handler) for [Anonymous Symbol]
    startup_cm3031.o(.text.Reset_Handler) refers to system_cm3031.o(.text.SystemInit) for SystemInit
    startup_cm3031.o(.text.Reset_Handler) refers to entry.o(.ARM.Collect$$$$00000000) for __main
    startup_cm3031.o(.ARM.exidx.text.Reset_Handler) refers to startup_cm3031.o(.text.Reset_Handler) for [Anonymous Symbol]
    startup_cm3031.o(.ARM.exidx.text.HardFault_Handler) refers to startup_cm3031.o(.text.HardFault_Handler) for [Anonymous Symbol]
    startup_cm3031.o(RESET) refers to startup_cm3031.o(.text.Reset_Handler) for Reset_Handler
    startup_cm3031.o(RESET) refers to startup_cm3031.o(.text.Default_Handler) for NMI_Handler
    startup_cm3031.o(RESET) refers to startup_cm3031.o(.text.HardFault_Handler) for HardFault_Handler
    startup_cm3031.o(RESET) refers to main.o(.text.SysTick_Handler) for SysTick_Handler
    startup_cm3031.o(RESET) refers to system_cm3031.o(.text.SCU_IRQHandler) for SCU_IRQHandler
    system_cm3031.o(.text.FMC_NSBA_Setup) refers to system_cm3031.o(.text.SYS_UnlockReg) for SYS_UnlockReg
    system_cm3031.o(.ARM.exidx.text.FMC_NSBA_Setup) refers to system_cm3031.o(.text.FMC_NSBA_Setup) for [Anonymous Symbol]
    system_cm3031.o(.ARM.exidx.text.SYS_UnlockReg) refers to system_cm3031.o(.text.SYS_UnlockReg) for [Anonymous Symbol]
    system_cm3031.o(.text.SCU_Setup) refers to system_cm3031.o(.text.__NVIC_EnableIRQ) for __NVIC_EnableIRQ
    system_cm3031.o(.ARM.exidx.text.SCU_Setup) refers to system_cm3031.o(.text.SCU_Setup) for [Anonymous Symbol]
    system_cm3031.o(.ARM.exidx.text.__NVIC_EnableIRQ) refers to system_cm3031.o(.text.__NVIC_EnableIRQ) for [Anonymous Symbol]
    system_cm3031.o(.text.SCU_IRQHandler) refers to system_cm3031.o(.rodata..L__const.SCU_IRQHandler.master) for .L__const.SCU_IRQHandler.master
    system_cm3031.o(.text.SCU_IRQHandler) refers to system_cm3031.o(.rodata..L__const.SCU_IRQHandler.ipname) for .L__const.SCU_IRQHandler.ipname
    system_cm3031.o(.text.SCU_IRQHandler) refers to memcpya.o(.text) for __aeabi_memcpy4
    system_cm3031.o(.text.SCU_IRQHandler) refers to system_cm3031.o(.rodata..L__const.SCU_IRQHandler.info) for .L__const.SCU_IRQHandler.info
    system_cm3031.o(.text.SCU_IRQHandler) refers to system_cm3031.o(.rodata.str1.1) for .L.str.23
    system_cm3031.o(.text.SCU_IRQHandler) refers to printfa.o(i.__0printf) for printf
    system_cm3031.o(.ARM.exidx.text.SCU_IRQHandler) refers to system_cm3031.o(.text.SCU_IRQHandler) for [Anonymous Symbol]
    system_cm3031.o(.ARM.exidx.text.NSC_Init) refers to system_cm3031.o(.text.NSC_Init) for [Anonymous Symbol]
    system_cm3031.o(.text.TZ_SAU_Setup) refers to system_cm3031.o(.text.NSC_Init) for NSC_Init
    system_cm3031.o(.ARM.exidx.text.TZ_SAU_Setup) refers to system_cm3031.o(.text.TZ_SAU_Setup) for [Anonymous Symbol]
    system_cm3031.o(.text.SystemCoreClockUpdate) refers to anon$$obj.o(Veneer$$CMSE) for CLK_GetPLLClockFreq
    system_cm3031.o(.text.SystemCoreClockUpdate) refers to system_cm3031.o(.data.PllClock) for PllClock
    system_cm3031.o(.text.SystemCoreClockUpdate) refers to system_cm3031.o(.data.SystemCoreClock) for SystemCoreClock
    system_cm3031.o(.text.SystemCoreClockUpdate) refers to system_cm3031.o(.data.CyclesPerUs) for CyclesPerUs
    system_cm3031.o(.ARM.exidx.text.SystemCoreClockUpdate) refers to system_cm3031.o(.text.SystemCoreClockUpdate) for [Anonymous Symbol]
    system_cm3031.o(.text.SystemInit) refers to system_cm3031.o(.text.RTC_LXTGainInit) for RTC_LXTGainInit
    system_cm3031.o(.text.SystemInit) refers to system_cm3031.o(.text.__PC) for __PC
    system_cm3031.o(.text.SystemInit) refers to startup_cm3031.o(RESET) for __Vectors
    system_cm3031.o(.text.SystemInit) refers to system_cm3031.o(.text.TZ_SAU_Setup) for TZ_SAU_Setup
    system_cm3031.o(.text.SystemInit) refers to system_cm3031.o(.text.SCU_Setup) for SCU_Setup
    system_cm3031.o(.text.SystemInit) refers to system_cm3031.o(.text.FMC_NSBA_Setup) for FMC_NSBA_Setup
    system_cm3031.o(.ARM.exidx.text.SystemInit) refers to system_cm3031.o(.text.SystemInit) for [Anonymous Symbol]
    system_cm3031.o(.text.RTC_LXTGainInit) refers to system_cm3031.o(.text.RTC_LXTGainSelection) for RTC_LXTGainSelection
    system_cm3031.o(.ARM.exidx.text.RTC_LXTGainInit) refers to system_cm3031.o(.text.RTC_LXTGainInit) for [Anonymous Symbol]
    system_cm3031.o(.ARM.exidx.text.__PC) refers to system_cm3031.o(.text.__PC) for [Anonymous Symbol]
    system_cm3031.o(.ARM.exidx.text.RTC_LXTGainSelection) refers to system_cm3031.o(.text.RTC_LXTGainSelection) for [Anonymous Symbol]
    system_cm3031.o(.rodata..L__const.SCU_IRQHandler.master) refers to system_cm3031.o(.rodata.str1.1) for [Anonymous Symbol]
    system_cm3031.o(.rodata..L__const.SCU_IRQHandler.ipname) refers to system_cm3031.o(.rodata.str1.1) for [Anonymous Symbol]
    main.o(.text.Secure_func) refers to main.o(.rodata.str1.1) for .L.str
    main.o(.text.Secure_func) refers to printfa.o(i.__0printf) for printf
    main.o(.ARM.exidx.text.Secure_func) refers to main.o(.text.Secure_func) for [Anonymous Symbol]
    main.o(.text.Secure_LED_On) refers to main.o(.rodata.str1.1) for .L.str.1
    main.o(.text.Secure_LED_On) refers to printfa.o(i.__0printf) for printf
    main.o(.ARM.exidx.text.Secure_LED_On) refers to main.o(.text.Secure_LED_On) for [Anonymous Symbol]
    main.o(.text.Secure_LED_Off) refers to main.o(.rodata.str1.1) for .L.str.2
    main.o(.text.Secure_LED_Off) refers to printfa.o(i.__0printf) for printf
    main.o(.ARM.exidx.text.Secure_LED_Off) refers to main.o(.text.Secure_LED_Off) for [Anonymous Symbol]
    main.o(.text.Secure_LED_On_callback) refers to main.o(.bss.pfNonSecure_LED_On) for pfNonSecure_LED_On
    main.o(.ARM.exidx.text.Secure_LED_On_callback) refers to main.o(.text.Secure_LED_On_callback) for [Anonymous Symbol]
    main.o(.text.Secure_LED_Off_callback) refers to main.o(.bss.pfNonSecure_LED_Off) for pfNonSecure_LED_Off
    main.o(.ARM.exidx.text.Secure_LED_Off_callback) refers to main.o(.text.Secure_LED_Off_callback) for [Anonymous Symbol]
    main.o(.text.LED_On) refers to main.o(.rodata.str1.1) for .L.str.3
    main.o(.text.LED_On) refers to printfa.o(i.__0printf) for printf
    main.o(.ARM.exidx.text.LED_On) refers to main.o(.text.LED_On) for [Anonymous Symbol]
    main.o(.text.LED_Off) refers to main.o(.rodata.str1.1) for .L.str.4
    main.o(.text.LED_Off) refers to printfa.o(i.__0printf) for printf
    main.o(.ARM.exidx.text.LED_Off) refers to main.o(.text.LED_Off) for [Anonymous Symbol]
    main.o(.text.SysTick_Handler) refers to main.o(.bss.SysTick_Handler.u32Ticks) for SysTick_Handler.u32Ticks
    main.o(.text.SysTick_Handler) refers to main.o(.text.LED_On) for LED_On
    main.o(.text.SysTick_Handler) refers to main.o(.text.LED_Off) for LED_Off
    main.o(.text.SysTick_Handler) refers to main.o(.bss.pfNonSecure_LED_On) for pfNonSecure_LED_On
    main.o(.text.SysTick_Handler) refers to main.o(.bss.pfNonSecure_LED_Off) for pfNonSecure_LED_Off
    main.o(.ARM.exidx.text.SysTick_Handler) refers to main.o(.text.SysTick_Handler) for [Anonymous Symbol]
    main.o(.text.Boot_Init) refers to main.o(.rodata.str1.1) for .L.str.5
    main.o(.text.Boot_Init) refers to printfa.o(i.__0printf) for printf
    main.o(.ARM.exidx.text.Boot_Init) refers to main.o(.text.Boot_Init) for [Anonymous Symbol]
    main.o(.text.main) refers to main.o(.text.SYS_UnlockReg) for SYS_UnlockReg
    main.o(.text.main) refers to main.o(.text.SYS_Init) for SYS_Init
    main.o(.text.main) refers to main.o(.text.DEBUG_PORT_Init) for DEBUG_PORT_Init
    main.o(.text.main) refers to main.o(.rodata.str1.1) for .L.str.8
    main.o(.text.main) refers to printfa.o(i.__0printf) for printf
    main.o(.text.main) refers to gpio.o(.text.GPIO_SetMode) for GPIO_SetMode
    main.o(.text.main) refers to system_cm3031.o(.data.SystemCoreClock) for SystemCoreClock
    main.o(.text.main) refers to main.o(.text.SysTick_Config) for SysTick_Config
    main.o(.text.main) refers to main.o(.text.Boot_Init) for Boot_Init
    main.o(.ARM.exidx.text.main) refers to main.o(.text.main) for [Anonymous Symbol]
    main.o(.ARM.exidx.text.SYS_UnlockReg) refers to main.o(.text.SYS_UnlockReg) for [Anonymous Symbol]
    main.o(.text.SYS_Init) refers to clk.o(.text.CLK_SetCoreClock) for CLK_SetCoreClock
    main.o(.text.SYS_Init) refers to clk.o(.text.CLK_EnableModuleClock) for CLK_EnableModuleClock
    main.o(.text.SYS_Init) refers to clk.o(.text.CLK_SetModuleClock) for CLK_SetModuleClock
    main.o(.ARM.exidx.text.SYS_Init) refers to main.o(.text.SYS_Init) for [Anonymous Symbol]
    main.o(.ARM.exidx.text.DEBUG_PORT_Init) refers to main.o(.text.DEBUG_PORT_Init) for [Anonymous Symbol]
    main.o(.text.SysTick_Config) refers to main.o(.text.__NVIC_SetPriority) for __NVIC_SetPriority
    main.o(.ARM.exidx.text.SysTick_Config) refers to main.o(.text.SysTick_Config) for [Anonymous Symbol]
    main.o(.ARM.exidx.text.__NVIC_SetPriority) refers to main.o(.text.__NVIC_SetPriority) for [Anonymous Symbol]
    retarget.o(.text.__aeabi_assert) refers to retarget.o(.rodata.str1.1) for .L.str
    retarget.o(.text.__aeabi_assert) refers to stderr.o(.data) for __stderr
    retarget.o(.text.__aeabi_assert) refers to fputs.o(i.fputs) for fputs
    retarget.o(.ARM.exidx.text.__aeabi_assert) refers to retarget.o(.text.__aeabi_assert) for [Anonymous Symbol]
    retarget.o(.ARM.exidx.text.abort) refers to retarget.o(.text.abort) for [Anonymous Symbol]
    retarget.o(.text.ProcessHardFault) refers to retarget.o(.rodata.str1.1) for .L.str.3
    retarget.o(.text.ProcessHardFault) refers to printfa.o(i.__0printf) for printf
    retarget.o(.text.ProcessHardFault) refers to retarget.o(.rodata..L__const.ProcessHardFault.scuInt) for .L__const.ProcessHardFault.scuInt
    retarget.o(.text.ProcessHardFault) refers to memcpya.o(.text) for __aeabi_memcpy4
    retarget.o(.text.ProcessHardFault) refers to retarget.o(.rodata..L__const.ProcessHardFault.scuMaster) for .L__const.ProcessHardFault.scuMaster
    retarget.o(.text.ProcessHardFault) refers to retarget.o(.bss.__stdin) for __stdin
    retarget.o(.text.ProcessHardFault) refers to getc.o(i.getc) for getc
    retarget.o(.ARM.exidx.text.ProcessHardFault) refers to retarget.o(.text.ProcessHardFault) for [Anonymous Symbol]
    retarget.o(.ARM.exidx.text.SendChar_ToUART) refers to retarget.o(.text.SendChar_ToUART) for [Anonymous Symbol]
    retarget.o(.text.SendChar) refers to retarget.o(.text.SendChar_ToUART) for SendChar_ToUART
    retarget.o(.ARM.exidx.text.SendChar) refers to retarget.o(.text.SendChar) for [Anonymous Symbol]
    retarget.o(.ARM.exidx.text.GetChar) refers to retarget.o(.text.GetChar) for [Anonymous Symbol]
    retarget.o(.ARM.exidx.text.kbhit) refers to retarget.o(.text.kbhit) for [Anonymous Symbol]
    retarget.o(.ARM.exidx.text.IsDebugFifoEmpty) refers to retarget.o(.text.IsDebugFifoEmpty) for [Anonymous Symbol]
    retarget.o(.text._ttywrch) refers to retarget.o(.text.SendChar) for SendChar
    retarget.o(.ARM.exidx.text._ttywrch) refers to retarget.o(.text._ttywrch) for [Anonymous Symbol]
    retarget.o(.text.fputc) refers to retarget.o(.text.SendChar) for SendChar
    retarget.o(.ARM.exidx.text.fputc) refers to retarget.o(.text.fputc) for [Anonymous Symbol]
    retarget.o(.text.fgetc) refers to retarget.o(.text.GetChar) for GetChar
    retarget.o(.ARM.exidx.text.fgetc) refers to retarget.o(.text.fgetc) for [Anonymous Symbol]
    retarget.o(.ARM.exidx.text.ferror) refers to retarget.o(.text.ferror) for [Anonymous Symbol]
    retarget.o(.rodata..L__const.ProcessHardFault.scuInt) refers to retarget.o(.rodata.str1.1) for [Anonymous Symbol]
    retarget.o(.rodata..L__const.ProcessHardFault.scuMaster) refers to retarget.o(.rodata.str1.1) for [Anonymous Symbol]
    clk.o(.ARM.exidx.text.CLK_DisableCKO) refers to clk.o(.text.CLK_DisableCKO) for [Anonymous Symbol]
    clk.o(.ARM.exidx.text.CLK_EnableCKO) refers to clk.o(.text.CLK_EnableCKO) for [Anonymous Symbol]
    clk.o(.ARM.exidx.text.CLK_PowerDown) refers to clk.o(.text.CLK_PowerDown) for [Anonymous Symbol]
    clk.o(.ARM.exidx.text.CLK_Idle) refers to clk.o(.text.CLK_Idle) for [Anonymous Symbol]
    clk.o(.ARM.exidx.text.CLK_GetHXTFreq) refers to clk.o(.text.CLK_GetHXTFreq) for [Anonymous Symbol]
    clk.o(.ARM.exidx.text.CLK_GetLXTFreq) refers to clk.o(.text.CLK_GetLXTFreq) for [Anonymous Symbol]
    clk.o(.text.CLK_GetPCLK0Freq) refers to system_cm3031.o(.text.SystemCoreClockUpdate) for SystemCoreClockUpdate
    clk.o(.text.CLK_GetPCLK0Freq) refers to system_cm3031.o(.data.SystemCoreClock) for SystemCoreClock
    clk.o(.ARM.exidx.text.CLK_GetPCLK0Freq) refers to clk.o(.text.CLK_GetPCLK0Freq) for [Anonymous Symbol]
    clk.o(.text.CLK_GetPCLK1Freq) refers to system_cm3031.o(.text.SystemCoreClockUpdate) for SystemCoreClockUpdate
    clk.o(.text.CLK_GetPCLK1Freq) refers to system_cm3031.o(.data.SystemCoreClock) for SystemCoreClock
    clk.o(.ARM.exidx.text.CLK_GetPCLK1Freq) refers to clk.o(.text.CLK_GetPCLK1Freq) for [Anonymous Symbol]
    clk.o(.text.CLK_GetHCLKFreq) refers to system_cm3031.o(.text.SystemCoreClockUpdate) for SystemCoreClockUpdate
    clk.o(.text.CLK_GetHCLKFreq) refers to system_cm3031.o(.data.SystemCoreClock) for SystemCoreClock
    clk.o(.ARM.exidx.text.CLK_GetHCLKFreq) refers to clk.o(.text.CLK_GetHCLKFreq) for [Anonymous Symbol]
    clk.o(.text.CLK_GetCPUFreq) refers to clk.o(.rodata.cst32) for .L__const.CLK_GetCPUFreq.au32ClkTbl
    clk.o(.text.CLK_GetCPUFreq) refers to system_cm3031.o(.data.PllClock) for PllClock
    clk.o(.text.CLK_GetCPUFreq) refers to system_cm3031.o(.data.SystemCoreClock) for SystemCoreClock
    clk.o(.text.CLK_GetCPUFreq) refers to system_cm3031.o(.data.CyclesPerUs) for CyclesPerUs
    clk.o(.ARM.exidx.text.CLK_GetCPUFreq) refers to clk.o(.text.CLK_GetCPUFreq) for [Anonymous Symbol]
    clk.o(.text.CLK_SetCoreClock) refers to clk.o(.text.CLK_WaitClockReady) for CLK_WaitClockReady
    clk.o(.text.CLK_SetCoreClock) refers to clk.o(.text.CLK_EnablePLL) for CLK_EnablePLL
    clk.o(.text.CLK_SetCoreClock) refers to clk.o(.text.CLK_SetHCLK) for CLK_SetHCLK
    clk.o(.ARM.exidx.text.CLK_SetCoreClock) refers to clk.o(.text.CLK_SetCoreClock) for [Anonymous Symbol]
    clk.o(.text.CLK_WaitClockReady) refers to system_cm3031.o(.data.SystemCoreClock) for SystemCoreClock
    clk.o(.ARM.exidx.text.CLK_WaitClockReady) refers to clk.o(.text.CLK_WaitClockReady) for [Anonymous Symbol]
    clk.o(.text.CLK_EnablePLL) refers to system_cm3031.o(.data.PllClock) for PllClock
    clk.o(.text.CLK_EnablePLL) refers to clk.o(.text.CLK_WaitClockReady) for CLK_WaitClockReady
    clk.o(.ARM.exidx.text.CLK_EnablePLL) refers to clk.o(.text.CLK_EnablePLL) for [Anonymous Symbol]
    clk.o(.text.CLK_SetHCLK) refers to clk.o(.text.CLK_WaitClockReady) for CLK_WaitClockReady
    clk.o(.text.CLK_SetHCLK) refers to system_cm3031.o(.data.SystemCoreClock) for SystemCoreClock
    clk.o(.text.CLK_SetHCLK) refers to system_cm3031.o(.text.SystemCoreClockUpdate) for SystemCoreClockUpdate
    clk.o(.ARM.exidx.text.CLK_SetHCLK) refers to clk.o(.text.CLK_SetHCLK) for [Anonymous Symbol]
    clk.o(.ARM.exidx.text.CLK_SetModuleClock) refers to clk.o(.text.CLK_SetModuleClock) for [Anonymous Symbol]
    clk.o(.ARM.exidx.text.CLK_SetSysTickClockSrc) refers to clk.o(.text.CLK_SetSysTickClockSrc) for [Anonymous Symbol]
    clk.o(.ARM.exidx.text.CLK_EnableXtalRC) refers to clk.o(.text.CLK_EnableXtalRC) for [Anonymous Symbol]
    clk.o(.ARM.exidx.text.CLK_DisableXtalRC) refers to clk.o(.text.CLK_DisableXtalRC) for [Anonymous Symbol]
    clk.o(.ARM.exidx.text.CLK_EnableModuleClock) refers to clk.o(.text.CLK_EnableModuleClock) for [Anonymous Symbol]
    clk.o(.ARM.exidx.text.CLK_DisableModuleClock) refers to clk.o(.text.CLK_DisableModuleClock) for [Anonymous Symbol]
    clk.o(.ARM.exidx.text.CLK_DisablePLL) refers to clk.o(.text.CLK_DisablePLL) for [Anonymous Symbol]
    clk.o(.ARM.exidx.text.CLK_EnableSysTick) refers to clk.o(.text.CLK_EnableSysTick) for [Anonymous Symbol]
    clk.o(.ARM.exidx.text.CLK_DisableSysTick) refers to clk.o(.text.CLK_DisableSysTick) for [Anonymous Symbol]
    clk.o(.ARM.exidx.text.CLK_SetPowerDownMode) refers to clk.o(.text.CLK_SetPowerDownMode) for [Anonymous Symbol]
    clk.o(.ARM.exidx.text.CLK_EnableDPDWKPin) refers to clk.o(.text.CLK_EnableDPDWKPin) for [Anonymous Symbol]
    clk.o(.ARM.exidx.text.CLK_GetPMUWKSrc) refers to clk.o(.text.CLK_GetPMUWKSrc) for [Anonymous Symbol]
    clk.o(.ARM.exidx.text.CLK_EnableSPDWKPin) refers to clk.o(.text.CLK_EnableSPDWKPin) for [Anonymous Symbol]
    clk.o(.ARM.exidx.text.CLK_GetPLLClockFreq) refers to clk.o(.text.CLK_GetPLLClockFreq) for [Anonymous Symbol]
    clk.o(.ARM.exidx.text.CLK_GetModuleClockSource) refers to clk.o(.text.CLK_GetModuleClockSource) for [Anonymous Symbol]
    clk.o(.ARM.exidx.text.CLK_GetModuleClockDivider) refers to clk.o(.text.CLK_GetModuleClockDivider) for [Anonymous Symbol]
    gpio.o(.ARM.exidx.text.GPIO_SetMode) refers to gpio.o(.text.GPIO_SetMode) for [Anonymous Symbol]
    gpio.o(.ARM.exidx.text.GPIO_EnableInt) refers to gpio.o(.text.GPIO_EnableInt) for [Anonymous Symbol]
    gpio.o(.ARM.exidx.text.GPIO_DisableInt) refers to gpio.o(.text.GPIO_DisableInt) for [Anonymous Symbol]
    gpio.o(.ARM.exidx.text.GPIO_SetSlewCtl) refers to gpio.o(.text.GPIO_SetSlewCtl) for [Anonymous Symbol]
    gpio.o(.ARM.exidx.text.GPIO_SetPullCtl) refers to gpio.o(.text.GPIO_SetPullCtl) for [Anonymous Symbol]
    entry.o(.ARM.Collect$$$$00000000) refers (Special) to entry10a.o(.ARM.Collect$$$$0000000D) for __rt_final_cpp
    entry.o(.ARM.Collect$$$$00000000) refers (Special) to entry11a.o(.ARM.Collect$$$$0000000F) for __rt_final_exit
    entry.o(.ARM.Collect$$$$00000000) refers (Special) to entry7b.o(.ARM.Collect$$$$00000008) for _main_clock
    entry.o(.ARM.Collect$$$$00000000) refers (Special) to entry8b.o(.ARM.Collect$$$$0000000A) for _main_cpp_init
    entry.o(.ARM.Collect$$$$00000000) refers (Special) to entry9a.o(.ARM.Collect$$$$0000000B) for _main_init
    entry.o(.ARM.Collect$$$$00000000) refers (Special) to entry5.o(.ARM.Collect$$$$00000004) for _main_scatterload
    entry.o(.ARM.Collect$$$$00000000) refers (Special) to entry4.o(.ARM.Collect$$$$00000003) for _main_stk
    fputs.o(i.fputs) refers to retarget.o(.text.fputc) for fputc
    getc.o(i.getc) refers to retarget.o(.text.fgetc) for fgetc
    fputs_e.o(.text) refers to retarget.o(.text.fputc) for fputc
    printfa.o(i.__0fprintf) refers (Special) to iusefp.o(.text) for __I$use$fp
    printfa.o(i.__0fprintf) refers to printfa.o(i._printf_core) for _printf_core
    printfa.o(i.__0fprintf) refers to retarget.o(.text.fputc) for fputc
    printfa.o(i.__0printf) refers (Special) to iusefp.o(.text) for __I$use$fp
    printfa.o(i.__0printf) refers to printfa.o(i._printf_core) for _printf_core
    printfa.o(i.__0printf) refers to retarget.o(.text.fputc) for fputc
    printfa.o(i.__0printf) refers to retarget.o(.bss.__stdout) for __stdout
    printfa.o(i.__0snprintf) refers (Special) to iusefp.o(.text) for __I$use$fp
    printfa.o(i.__0snprintf) refers to printfa.o(i._printf_core) for _printf_core
    printfa.o(i.__0snprintf) refers to printfa.o(i._snputc) for _snputc
    printfa.o(i.__0sprintf) refers (Special) to iusefp.o(.text) for __I$use$fp
    printfa.o(i.__0sprintf) refers to printfa.o(i._printf_core) for _printf_core
    printfa.o(i.__0sprintf) refers to printfa.o(i._sputc) for _sputc
    printfa.o(i.__0vfprintf) refers (Special) to iusefp.o(.text) for __I$use$fp
    printfa.o(i.__0vfprintf) refers to printfa.o(i._printf_core) for _printf_core
    printfa.o(i.__0vfprintf) refers to retarget.o(.text.fputc) for fputc
    printfa.o(i.__0vprintf) refers (Special) to iusefp.o(.text) for __I$use$fp
    printfa.o(i.__0vprintf) refers to printfa.o(i._printf_core) for _printf_core
    printfa.o(i.__0vprintf) refers to retarget.o(.text.fputc) for fputc
    printfa.o(i.__0vprintf) refers to retarget.o(.bss.__stdout) for __stdout
    printfa.o(i.__0vsnprintf) refers (Special) to iusefp.o(.text) for __I$use$fp
    printfa.o(i.__0vsnprintf) refers to printfa.o(i._printf_core) for _printf_core
    printfa.o(i.__0vsnprintf) refers to printfa.o(i._snputc) for _snputc
    printfa.o(i.__0vsprintf) refers (Special) to iusefp.o(.text) for __I$use$fp
    printfa.o(i.__0vsprintf) refers to printfa.o(i._printf_core) for _printf_core
    printfa.o(i.__0vsprintf) refers to printfa.o(i._sputc) for _sputc
    printfa.o(i._fp_digits) refers (Special) to iusefp.o(.text) for __I$use$fp
    printfa.o(i._fp_digits) refers to dmul.o(.text) for __aeabi_dmul
    printfa.o(i._fp_digits) refers to ddiv.o(.text) for __aeabi_ddiv
    printfa.o(i._fp_digits) refers to cdrcmple.o(.text) for __aeabi_cdrcmple
    printfa.o(i._fp_digits) refers to dadd.o(.text) for __aeabi_dadd
    printfa.o(i._fp_digits) refers to dfixul.o(.text) for __aeabi_d2ulz
    printfa.o(i._fp_digits) refers to uldiv.o(.text) for __aeabi_uldivmod
    printfa.o(i._printf_core) refers (Special) to iusefp.o(.text) for __I$use$fp
    printfa.o(i._printf_core) refers to printfa.o(i._printf_pre_padding) for _printf_pre_padding
    printfa.o(i._printf_core) refers to uldiv.o(.text) for __aeabi_uldivmod
    printfa.o(i._printf_core) refers to printfa.o(i._printf_post_padding) for _printf_post_padding
    printfa.o(i._printf_core) refers to printfa.o(i._fp_digits) for _fp_digits
    printfa.o(i._printf_core) refers to uidiv.o(.text) for __aeabi_uidivmod
    printfa.o(i._printf_post_padding) refers (Special) to iusefp.o(.text) for __I$use$fp
    printfa.o(i._printf_pre_padding) refers (Special) to iusefp.o(.text) for __I$use$fp
    printfa.o(i._snputc) refers (Special) to iusefp.o(.text) for __I$use$fp
    printfa.o(i._sputc) refers (Special) to iusefp.o(.text) for __I$use$fp
    entry4.o(.ARM.Collect$$$$00000003) refers to entry4.o(.ARM.Collect$$$$00002714) for __lit__00000000
    entry4.o(__vectab_stack_and_reset_area) refers to entry.o(.ARM.Collect$$$$00000000) for __main
    entry5.o(.ARM.Collect$$$$00000004) refers to init.o(.text) for __scatterload
    entry9a.o(.ARM.Collect$$$$0000000B) refers to main.o(.text.main) for main
    entry9b.o(.ARM.Collect$$$$0000000C) refers to main.o(.text.main) for main
    uldiv.o(.text) refers to llushr.o(.text) for __aeabi_llsr
    uldiv.o(.text) refers to llshl.o(.text) for __aeabi_llsl
    dadd.o(.text) refers (Special) to iusefp.o(.text) for __I$use$fp
    dadd.o(.text) refers to llshl.o(.text) for __aeabi_llsl
    dadd.o(.text) refers to llsshr.o(.text) for __aeabi_lasr
    dadd.o(.text) refers to depilogue.o(.text) for _double_epilogue
    dmul.o(.text) refers (Special) to iusefp.o(.text) for __I$use$fp
    dmul.o(.text) refers to depilogue.o(.text) for _double_epilogue
    ddiv.o(.text) refers (Special) to iusefp.o(.text) for __I$use$fp
    ddiv.o(.text) refers to depilogue.o(.text) for _double_round
    dfixul.o(.text) refers (Special) to iusefp.o(.text) for __I$use$fp
    dfixul.o(.text) refers to llushr.o(.text) for __aeabi_llsr
    dfixul.o(.text) refers to llshl.o(.text) for __aeabi_llsl
    cdrcmple.o(.text) refers (Special) to iusefp.o(.text) for __I$use$fp
    init.o(.text) refers to entry5.o(.ARM.Collect$$$$00000004) for __main_after_scatterload
    depilogue.o(.text) refers (Special) to iusefp.o(.text) for __I$use$fp
    depilogue.o(.text) refers to llshl.o(.text) for __aeabi_llsl
    depilogue.o(.text) refers to llushr.o(.text) for __aeabi_llsr
    anon$$obj.o(Veneer$$CMSE) refers to main.o(.text.Secure_func) for __acle_se_Secure_func
    anon$$obj.o(Veneer$$CMSE) refers to main.o(.text.Secure_LED_On) for __acle_se_Secure_LED_On
    anon$$obj.o(Veneer$$CMSE) refers to main.o(.text.Secure_LED_Off) for __acle_se_Secure_LED_Off
    anon$$obj.o(Veneer$$CMSE) refers to main.o(.text.Secure_LED_On_callback) for __acle_se_Secure_LED_On_callback
    anon$$obj.o(Veneer$$CMSE) refers to main.o(.text.Secure_LED_Off_callback) for __acle_se_Secure_LED_Off_callback
    anon$$obj.o(Veneer$$CMSE) refers to clk.o(.text.CLK_GetHXTFreq) for __acle_se_CLK_GetHXTFreq
    anon$$obj.o(Veneer$$CMSE) refers to clk.o(.text.CLK_GetLXTFreq) for __acle_se_CLK_GetLXTFreq
    anon$$obj.o(Veneer$$CMSE) refers to clk.o(.text.CLK_GetPCLK0Freq) for __acle_se_CLK_GetPCLK0Freq
    anon$$obj.o(Veneer$$CMSE) refers to clk.o(.text.CLK_GetPCLK1Freq) for __acle_se_CLK_GetPCLK1Freq
    anon$$obj.o(Veneer$$CMSE) refers to clk.o(.text.CLK_GetHCLKFreq) for __acle_se_CLK_GetHCLKFreq
    anon$$obj.o(Veneer$$CMSE) refers to clk.o(.text.CLK_GetCPUFreq) for __acle_se_CLK_GetCPUFreq
    anon$$obj.o(Veneer$$CMSE) refers to clk.o(.text.CLK_GetPLLClockFreq) for __acle_se_CLK_GetPLLClockFreq
    anon$$obj.o(Veneer$$CMSE) refers to clk.o(.text.CLK_GetModuleClockSource) for __acle_se_CLK_GetModuleClockSource
    anon$$obj.o(Veneer$$CMSE) refers to clk.o(.text.CLK_GetModuleClockDivider) for __acle_se_CLK_GetModuleClockDivider


==============================================================================

Removing Unused input sections from the image.

    Removing startup_cm3031.o(.text), (0 bytes).
    Removing startup_cm3031.o(.ARM.exidx.text.Default_Handler), (8 bytes).
    Removing startup_cm3031.o(.ARM.exidx.text.Reset_Handler), (8 bytes).
    Removing startup_cm3031.o(.ARM.exidx.text.HardFault_Handler), (8 bytes).
    Removing system_cm3031.o(.text), (0 bytes).
    Removing system_cm3031.o(.ARM.exidx.text.FMC_NSBA_Setup), (8 bytes).
    Removing system_cm3031.o(.ARM.exidx.text.SYS_UnlockReg), (8 bytes).
    Removing system_cm3031.o(.ARM.exidx.text.SCU_Setup), (8 bytes).
    Removing system_cm3031.o(.ARM.exidx.text.__NVIC_EnableIRQ), (8 bytes).
    Removing system_cm3031.o(.ARM.exidx.text.SCU_IRQHandler), (8 bytes).
    Removing system_cm3031.o(.ARM.exidx.text.NSC_Init), (8 bytes).
    Removing system_cm3031.o(.ARM.exidx.text.TZ_SAU_Setup), (8 bytes).
    Removing system_cm3031.o(.ARM.exidx.text.SystemCoreClockUpdate), (8 bytes).
    Removing system_cm3031.o(.ARM.exidx.text.SystemInit), (8 bytes).
    Removing system_cm3031.o(.ARM.exidx.text.RTC_LXTGainInit), (8 bytes).
    Removing system_cm3031.o(.ARM.exidx.text.__PC), (8 bytes).
    Removing system_cm3031.o(.ARM.exidx.text.RTC_LXTGainSelection), (8 bytes).
    Removing system_cm3031.o(.rodata.cst8), (16 bytes).
    Removing main.o(.text), (0 bytes).
    Removing main.o(.ARM.exidx.text.Secure_func), (8 bytes).
    Removing main.o(.ARM.exidx.text.Secure_LED_On), (8 bytes).
    Removing main.o(.ARM.exidx.text.Secure_LED_Off), (8 bytes).
    Removing main.o(.ARM.exidx.text.Secure_LED_On_callback), (8 bytes).
    Removing main.o(.ARM.exidx.text.Secure_LED_Off_callback), (8 bytes).
    Removing main.o(.ARM.exidx.text.LED_On), (8 bytes).
    Removing main.o(.ARM.exidx.text.LED_Off), (8 bytes).
    Removing main.o(.ARM.exidx.text.SysTick_Handler), (8 bytes).
    Removing main.o(.ARM.exidx.text.Boot_Init), (8 bytes).
    Removing main.o(.ARM.exidx.text.main), (8 bytes).
    Removing main.o(.ARM.exidx.text.SYS_UnlockReg), (8 bytes).
    Removing main.o(.ARM.exidx.text.SYS_Init), (8 bytes).
    Removing main.o(.ARM.exidx.text.DEBUG_PORT_Init), (8 bytes).
    Removing main.o(.ARM.exidx.text.SysTick_Config), (8 bytes).
    Removing main.o(.ARM.exidx.text.__NVIC_SetPriority), (8 bytes).
    Removing main.o(.ARM.use_no_argv), (4 bytes).
    Removing retarget.o(.text), (0 bytes).
    Removing retarget.o(.text.__aeabi_assert), (188 bytes).
    Removing retarget.o(.ARM.exidx.text.__aeabi_assert), (8 bytes).
    Removing retarget.o(.text.abort), (4 bytes).
    Removing retarget.o(.ARM.exidx.text.abort), (8 bytes).
    Removing retarget.o(.text.ProcessHardFault), (980 bytes).
    Removing retarget.o(.ARM.exidx.text.ProcessHardFault), (8 bytes).
    Removing retarget.o(.ARM.exidx.text.SendChar_ToUART), (8 bytes).
    Removing retarget.o(.ARM.exidx.text.SendChar), (8 bytes).
    Removing retarget.o(.text.GetChar), (32 bytes).
    Removing retarget.o(.ARM.exidx.text.GetChar), (8 bytes).
    Removing retarget.o(.text.kbhit), (20 bytes).
    Removing retarget.o(.ARM.exidx.text.kbhit), (8 bytes).
    Removing retarget.o(.text.IsDebugFifoEmpty), (14 bytes).
    Removing retarget.o(.ARM.exidx.text.IsDebugFifoEmpty), (8 bytes).
    Removing retarget.o(.text._ttywrch), (16 bytes).
    Removing retarget.o(.ARM.exidx.text._ttywrch), (8 bytes).
    Removing retarget.o(.ARM.exidx.text.fputc), (8 bytes).
    Removing retarget.o(.text.fgetc), (14 bytes).
    Removing retarget.o(.ARM.exidx.text.fgetc), (8 bytes).
    Removing retarget.o(.text.ferror), (12 bytes).
    Removing retarget.o(.ARM.exidx.text.ferror), (8 bytes).
    Removing retarget.o(.rodata.str1.1), (546 bytes).
    Removing retarget.o(.rodata..L__const.ProcessHardFault.scuInt), (76 bytes).
    Removing retarget.o(.rodata..L__const.ProcessHardFault.scuMaster), (32 bytes).
    Removing retarget.o(.bss.__stdin), (84 bytes).
    Removing clk.o(.text), (0 bytes).
    Removing clk.o(.text.CLK_DisableCKO), (18 bytes).
    Removing clk.o(.ARM.exidx.text.CLK_DisableCKO), (8 bytes).
    Removing clk.o(.text.CLK_EnableCKO), (70 bytes).
    Removing clk.o(.ARM.exidx.text.CLK_EnableCKO), (8 bytes).
    Removing clk.o(.text.CLK_PowerDown), (130 bytes).
    Removing clk.o(.ARM.exidx.text.CLK_PowerDown), (8 bytes).
    Removing clk.o(.text.CLK_Idle), (36 bytes).
    Removing clk.o(.ARM.exidx.text.CLK_Idle), (8 bytes).
    Removing clk.o(.ARM.exidx.text.CLK_GetHXTFreq), (8 bytes).
    Removing clk.o(.ARM.exidx.text.CLK_GetLXTFreq), (8 bytes).
    Removing clk.o(.ARM.exidx.text.CLK_GetPCLK0Freq), (8 bytes).
    Removing clk.o(.ARM.exidx.text.CLK_GetPCLK1Freq), (8 bytes).
    Removing clk.o(.ARM.exidx.text.CLK_GetHCLKFreq), (8 bytes).
    Removing clk.o(.ARM.exidx.text.CLK_GetCPUFreq), (8 bytes).
    Removing clk.o(.ARM.exidx.text.CLK_SetCoreClock), (8 bytes).
    Removing clk.o(.ARM.exidx.text.CLK_WaitClockReady), (8 bytes).
    Removing clk.o(.ARM.exidx.text.CLK_EnablePLL), (8 bytes).
    Removing clk.o(.ARM.exidx.text.CLK_SetHCLK), (8 bytes).
    Removing clk.o(.ARM.exidx.text.CLK_SetModuleClock), (8 bytes).
    Removing clk.o(.text.CLK_SetSysTickClockSrc), (28 bytes).
    Removing clk.o(.ARM.exidx.text.CLK_SetSysTickClockSrc), (8 bytes).
    Removing clk.o(.text.CLK_EnableXtalRC), (174 bytes).
    Removing clk.o(.ARM.exidx.text.CLK_EnableXtalRC), (8 bytes).
    Removing clk.o(.text.CLK_DisableXtalRC), (24 bytes).
    Removing clk.o(.ARM.exidx.text.CLK_DisableXtalRC), (8 bytes).
    Removing clk.o(.ARM.exidx.text.CLK_EnableModuleClock), (8 bytes).
    Removing clk.o(.text.CLK_DisableModuleClock), (74 bytes).
    Removing clk.o(.ARM.exidx.text.CLK_DisableModuleClock), (8 bytes).
    Removing clk.o(.text.CLK_DisablePLL), (40 bytes).
    Removing clk.o(.ARM.exidx.text.CLK_DisablePLL), (8 bytes).
    Removing clk.o(.text.CLK_EnableSysTick), (158 bytes).
    Removing clk.o(.ARM.exidx.text.CLK_EnableSysTick), (8 bytes).
    Removing clk.o(.text.CLK_DisableSysTick), (14 bytes).
    Removing clk.o(.ARM.exidx.text.CLK_DisableSysTick), (8 bytes).
    Removing clk.o(.text.CLK_SetPowerDownMode), (28 bytes).
    Removing clk.o(.ARM.exidx.text.CLK_SetPowerDownMode), (8 bytes).
    Removing clk.o(.text.CLK_EnableDPDWKPin), (180 bytes).
    Removing clk.o(.ARM.exidx.text.CLK_EnableDPDWKPin), (8 bytes).
    Removing clk.o(.text.CLK_GetPMUWKSrc), (12 bytes).
    Removing clk.o(.ARM.exidx.text.CLK_GetPMUWKSrc), (8 bytes).
    Removing clk.o(.text.CLK_EnableSPDWKPin), (140 bytes).
    Removing clk.o(.ARM.exidx.text.CLK_EnableSPDWKPin), (8 bytes).
    Removing clk.o(.ARM.exidx.text.CLK_GetPLLClockFreq), (8 bytes).
    Removing clk.o(.ARM.exidx.text.CLK_GetModuleClockSource), (8 bytes).
    Removing clk.o(.ARM.exidx.text.CLK_GetModuleClockDivider), (8 bytes).
    Removing clk.o(.rodata.cst4), (12 bytes).
    Removing clk.o(.rodata.cst16), (64 bytes).
    Removing clk.o(.rodata.cst8), (16 bytes).
    Removing gpio.o(.text), (0 bytes).
    Removing gpio.o(.ARM.exidx.text.GPIO_SetMode), (8 bytes).
    Removing gpio.o(.text.GPIO_EnableInt), (64 bytes).
    Removing gpio.o(.ARM.exidx.text.GPIO_EnableInt), (8 bytes).
    Removing gpio.o(.text.GPIO_DisableInt), (44 bytes).
    Removing gpio.o(.ARM.exidx.text.GPIO_DisableInt), (8 bytes).
    Removing gpio.o(.text.GPIO_SetSlewCtl), (74 bytes).
    Removing gpio.o(.ARM.exidx.text.GPIO_SetSlewCtl), (8 bytes).
    Removing gpio.o(.text.GPIO_SetPullCtl), (74 bytes).
    Removing gpio.o(.ARM.exidx.text.GPIO_SetPullCtl), (8 bytes).

120 unused section(s) (total 4128 bytes) removed from the image.

==============================================================================

Image Symbol Table

    Local Symbols

    Symbol Name                              Value     Ov Type        Size  Object(Section)

    ../clib/division.s                       0x00000000   Number         0  aeabi_sdiv.o ABSOLUTE
    ../clib/microlib/division.c              0x00000000   Number         0  uidiv.o ABSOLUTE
    ../clib/microlib/division.c              0x00000000   Number         0  uldiv.o ABSOLUTE
    ../clib/microlib/init/entry.s            0x00000000   Number         0  entry.o ABSOLUTE
    ../clib/microlib/init/entry.s            0x00000000   Number         0  entry4.o ABSOLUTE
    ../clib/microlib/init/entry.s            0x00000000   Number         0  entry5.o ABSOLUTE
    ../clib/microlib/init/entry.s            0x00000000   Number         0  entry7a.o ABSOLUTE
    ../clib/microlib/init/entry.s            0x00000000   Number         0  entry7b.o ABSOLUTE
    ../clib/microlib/init/entry.s            0x00000000   Number         0  entry8a.o ABSOLUTE
    ../clib/microlib/init/entry.s            0x00000000   Number         0  entry8b.o ABSOLUTE
    ../clib/microlib/init/entry.s            0x00000000   Number         0  entry9a.o ABSOLUTE
    ../clib/microlib/init/entry.s            0x00000000   Number         0  entry9b.o ABSOLUTE
    ../clib/microlib/init/entry.s            0x00000000   Number         0  entry10a.o ABSOLUTE
    ../clib/microlib/init/entry.s            0x00000000   Number         0  entry10b.o ABSOLUTE
    ../clib/microlib/init/entry.s            0x00000000   Number         0  entry11a.o ABSOLUTE
    ../clib/microlib/init/entry.s            0x00000000   Number         0  entry11b.o ABSOLUTE
    ../clib/microlib/longlong.c              0x00000000   Number         0  llshl.o ABSOLUTE
    ../clib/microlib/longlong.c              0x00000000   Number         0  llushr.o ABSOLUTE
    ../clib/microlib/longlong.c              0x00000000   Number         0  llsshr.o ABSOLUTE
    ../clib/microlib/printf/printf.c         0x00000000   Number         0  printfa.o ABSOLUTE
    ../clib/microlib/stdio/fputs.c           0x00000000   Number         0  fputs.o ABSOLUTE
    ../clib/microlib/stdio/fputs.c           0x00000000   Number         0  fputs_e.o ABSOLUTE
    ../clib/microlib/stdio/getc.c            0x00000000   Number         0  getc.o ABSOLUTE
    ../clib/microlib/stdio/streams.c         0x00000000   Number         0  stderr.o ABSOLUTE
    ../clib/microlib/string/memcpy.c         0x00000000   Number         0  memcpya.o ABSOLUTE
    ../clib/microlib/string/memcpy.c         0x00000000   Number         0  memcpyb.o ABSOLUTE
    ../clib/microlib/stubs.s                 0x00000000   Number         0  iusefp.o ABSOLUTE
    ../fplib/microlib/fpadd.c                0x00000000   Number         0  dadd.o ABSOLUTE
    ../fplib/microlib/fpdiv.c                0x00000000   Number         0  ddiv.o ABSOLUTE
    ../fplib/microlib/fpepilogue.c           0x00000000   Number         0  depilogue.o ABSOLUTE
    ../fplib/microlib/fpfix.c                0x00000000   Number         0  dfixul.o ABSOLUTE
    ../fplib/microlib/fpmul.c                0x00000000   Number         0  dmul.o ABSOLUTE
    __tagsym$$used.0                         0x00000000   Number         0  startup_cm3031.o(RESET)
    cdrcmple.s                               0x00000000   Number         0  cdrcmple.o ABSOLUTE
    clk.c                                    0x00000000   Number         0  clk.o ABSOLUTE
    dc.s                                     0x00000000   Number         0  dc.o ABSOLUTE
    gpio.c                                   0x00000000   Number         0  gpio.o ABSOLUTE
    handlers.s                               0x00000000   Number         0  handlers.o ABSOLUTE
    init.s                                   0x00000000   Number         0  init.o ABSOLUTE
    main.c                                   0x00000000   Number         0  main.o ABSOLUTE
    retarget.c                               0x00000000   Number         0  retarget.o ABSOLUTE
    startup_cm3031.c                         0x00000000   Number         0  startup_cm3031.o ABSOLUTE
    system_cm3031.c                          0x00000000   Number         0  system_cm3031.o ABSOLUTE
    .ARM.Collect$$$$00000000                 0x00000284   Section        0  entry.o(.ARM.Collect$$$$00000000)
    .ARM.Collect$$$$00000003                 0x00000284   Section        4  entry4.o(.ARM.Collect$$$$00000003)
    .ARM.Collect$$$$00000004                 0x00000288   Section        4  entry5.o(.ARM.Collect$$$$00000004)
    .ARM.Collect$$$$00000008                 0x0000028c   Section        0  entry7b.o(.ARM.Collect$$$$00000008)
    .ARM.Collect$$$$0000000A                 0x0000028c   Section        0  entry8b.o(.ARM.Collect$$$$0000000A)
    .ARM.Collect$$$$0000000B                 0x0000028c   Section        8  entry9a.o(.ARM.Collect$$$$0000000B)
    __lit__00000000                          0x00000294   Data           4  entry4.o(.ARM.Collect$$$$00002714)
    .ARM.Collect$$$$0000000D                 0x00000294   Section        0  entry10a.o(.ARM.Collect$$$$0000000D)
    .ARM.Collect$$$$0000000F                 0x00000294   Section        0  entry11a.o(.ARM.Collect$$$$0000000F)
    .ARM.Collect$$$$00002714                 0x00000294   Section        4  entry4.o(.ARM.Collect$$$$00002714)
    .text                                    0x00000298   Section        0  memcpya.o(.text)
    .text                                    0x000002bc   Section        0  uidiv.o(.text)
    .text                                    0x000002e8   Section        0  uldiv.o(.text)
    .text                                    0x0000034a   Section        0  iusefp.o(.text)
    .text                                    0x0000034a   Section        0  dadd.o(.text)
    .text                                    0x00000498   Section        0  dmul.o(.text)
    .text                                    0x0000057c   Section        0  ddiv.o(.text)
    .text                                    0x0000065a   Section        0  dfixul.o(.text)
    .text                                    0x0000068c   Section       48  cdrcmple.o(.text)
    .text                                    0x000006bc   Section       48  init.o(.text)
    .text                                    0x000006ec   Section        0  llshl.o(.text)
    .text                                    0x0000070a   Section        0  llushr.o(.text)
    .text                                    0x0000072a   Section        0  llsshr.o(.text)
    .text                                    0x0000074e   Section        0  depilogue.o(.text)
    [Anonymous Symbol]                       0x00000808   Section        0  main.o(.text.Boot_Init)
    [Anonymous Symbol]                       0x00000938   Section        0  clk.o(.text.CLK_EnableModuleClock)
    [Anonymous Symbol]                       0x00000980   Section        0  clk.o(.text.CLK_EnablePLL)
    [Anonymous Symbol]                       0x00000cc0   Section        0  clk.o(.text.CLK_GetCPUFreq)
    [Anonymous Symbol]                       0x00000e7c   Section        0  clk.o(.text.CLK_GetHCLKFreq)
    [Anonymous Symbol]                       0x00000ed8   Section        0  clk.o(.text.CLK_GetHXTFreq)
    [Anonymous Symbol]                       0x00000f48   Section        0  clk.o(.text.CLK_GetLXTFreq)
    [Anonymous Symbol]                       0x00000fb8   Section        0  clk.o(.text.CLK_GetModuleClockDivider)
    [Anonymous Symbol]                       0x00001088   Section        0  clk.o(.text.CLK_GetModuleClockSource)
    [Anonymous Symbol]                       0x00001188   Section        0  clk.o(.text.CLK_GetPCLK0Freq)
    [Anonymous Symbol]                       0x000012a4   Section        0  clk.o(.text.CLK_GetPCLK1Freq)
    [Anonymous Symbol]                       0x000013c4   Section        0  clk.o(.text.CLK_GetPLLClockFreq)
    [Anonymous Symbol]                       0x000014bc   Section        0  clk.o(.text.CLK_SetCoreClock)
    [Anonymous Symbol]                       0x000015c0   Section        0  clk.o(.text.CLK_SetHCLK)
    [Anonymous Symbol]                       0x0000185c   Section        0  clk.o(.text.CLK_SetModuleClock)
    [Anonymous Symbol]                       0x000019b4   Section        0  clk.o(.text.CLK_WaitClockReady)
    [Anonymous Symbol]                       0x000019f8   Section        0  main.o(.text.DEBUG_PORT_Init)
    [Anonymous Symbol]                       0x00001a14   Section        0  startup_cm3031.o(.text.Default_Handler)
    [Anonymous Symbol]                       0x00001a18   Section        0  system_cm3031.o(.text.FMC_NSBA_Setup)
    [Anonymous Symbol]                       0x00001af8   Section        0  gpio.o(.text.GPIO_SetMode)
    [Anonymous Symbol]                       0x00001b44   Section        0  startup_cm3031.o(.text.HardFault_Handler)
    [Anonymous Symbol]                       0x00001b48   Section        0  main.o(.text.LED_Off)
    [Anonymous Symbol]                       0x00001b64   Section        0  main.o(.text.LED_On)
    [Anonymous Symbol]                       0x00001b84   Section        0  system_cm3031.o(.text.NSC_Init)
    RTC_LXTGainInit                          0x00001bd5   Thumb Code   100  system_cm3031.o(.text.RTC_LXTGainInit)
    [Anonymous Symbol]                       0x00001bd4   Section        0  system_cm3031.o(.text.RTC_LXTGainInit)
    RTC_LXTGainSelection                     0x00001c39   Thumb Code    98  system_cm3031.o(.text.RTC_LXTGainSelection)
    [Anonymous Symbol]                       0x00001c38   Section        0  system_cm3031.o(.text.RTC_LXTGainSelection)
    [Anonymous Symbol]                       0x00001c9c   Section        0  startup_cm3031.o(.text.Reset_Handler)
    [Anonymous Symbol]                       0x00001cd0   Section        0  system_cm3031.o(.text.SCU_IRQHandler)
    [Anonymous Symbol]                       0x00001db4   Section        0  system_cm3031.o(.text.SCU_Setup)
    [Anonymous Symbol]                       0x00001e98   Section        0  main.o(.text.SYS_Init)
    SYS_UnlockReg                            0x00001f35   Thumb Code    68  system_cm3031.o(.text.SYS_UnlockReg)
    [Anonymous Symbol]                       0x00001f34   Section        0  system_cm3031.o(.text.SYS_UnlockReg)
    SYS_UnlockReg                            0x00001f79   Thumb Code    68  main.o(.text.SYS_UnlockReg)
    [Anonymous Symbol]                       0x00001f78   Section        0  main.o(.text.SYS_UnlockReg)
    [Anonymous Symbol]                       0x00001fbc   Section        0  main.o(.text.Secure_LED_Off)
    [Anonymous Symbol]                       0x00002028   Section        0  main.o(.text.Secure_LED_Off_callback)
    [Anonymous Symbol]                       0x0000208c   Section        0  main.o(.text.Secure_LED_On)
    [Anonymous Symbol]                       0x000020f8   Section        0  main.o(.text.Secure_LED_On_callback)
    [Anonymous Symbol]                       0x0000215c   Section        0  main.o(.text.Secure_func)
    [Anonymous Symbol]                       0x000021b8   Section        0  retarget.o(.text.SendChar)
    [Anonymous Symbol]                       0x000021c8   Section        0  retarget.o(.text.SendChar_ToUART)
    SysTick_Config                           0x00002219   Thumb Code    84  main.o(.text.SysTick_Config)
    [Anonymous Symbol]                       0x00002218   Section        0  main.o(.text.SysTick_Config)
    [Anonymous Symbol]                       0x0000226c   Section        0  main.o(.text.SysTick_Handler)
    [Anonymous Symbol]                       0x00002394   Section        0  system_cm3031.o(.text.SystemCoreClockUpdate)
    [Anonymous Symbol]                       0x000023dc   Section        0  system_cm3031.o(.text.SystemInit)
    [Anonymous Symbol]                       0x00002490   Section        0  system_cm3031.o(.text.TZ_SAU_Setup)
    __NVIC_EnableIRQ                         0x00002541   Thumb Code    42  system_cm3031.o(.text.__NVIC_EnableIRQ)
    [Anonymous Symbol]                       0x00002540   Section        0  system_cm3031.o(.text.__NVIC_EnableIRQ)
    __NVIC_SetPriority                       0x0000256d   Thumb Code    58  main.o(.text.__NVIC_SetPriority)
    [Anonymous Symbol]                       0x0000256c   Section        0  main.o(.text.__NVIC_SetPriority)
    [Anonymous Symbol]                       0x000025a8   Section        0  system_cm3031.o(.text.__PC)
    [Anonymous Symbol]                       0x000025b4   Section        0  retarget.o(.text.fputc)
    [Anonymous Symbol]                       0x000025c8   Section        0  main.o(.text.main)
    i.__0printf                              0x00002634   Section        0  printfa.o(i.__0printf)
    i.__scatterload_copy                     0x00002654   Section       14  handlers.o(i.__scatterload_copy)
    i.__scatterload_null                     0x00002662   Section        2  handlers.o(i.__scatterload_null)
    i.__scatterload_zeroinit                 0x00002664   Section       14  handlers.o(i.__scatterload_zeroinit)
    _fp_digits                               0x00002675   Thumb Code   366  printfa.o(i._fp_digits)
    i._fp_digits                             0x00002674   Section        0  printfa.o(i._fp_digits)
    _printf_core                             0x000027f9   Thumb Code  1744  printfa.o(i._printf_core)
    i._printf_core                           0x000027f8   Section        0  printfa.o(i._printf_core)
    _printf_post_padding                     0x00002ed5   Thumb Code    36  printfa.o(i._printf_post_padding)
    i._printf_post_padding                   0x00002ed4   Section        0  printfa.o(i._printf_post_padding)
    _printf_pre_padding                      0x00002ef9   Thumb Code    46  printfa.o(i._printf_pre_padding)
    i._printf_pre_padding                    0x00002ef8   Section        0  printfa.o(i._printf_pre_padding)
    .L__const.SCU_IRQHandler.info            0x00002f26   Data          21  system_cm3031.o(.rodata..L__const.SCU_IRQHandler.info)
    .L__const.SCU_IRQHandler.ipname          0x00002f3c   Data          84  system_cm3031.o(.rodata..L__const.SCU_IRQHandler.ipname)
    .L__const.SCU_IRQHandler.master          0x00002f90   Data          32  system_cm3031.o(.rodata..L__const.SCU_IRQHandler.master)
    .L__const.CLK_GetCPUFreq.au32ClkTbl      0x00002fb0   Data          32  clk.o(.rodata.cst32)
    .L.str.23                                0x00002fd0   Data          42  system_cm3031.o(.rodata.str1.1)
    [Anonymous Symbol]                       0x00002fd0   Section        0  system_cm3031.o(.rodata.str1.1)
    .L.str.6                                 0x00003079   Data          31  main.o(.rodata.str1.1)
    [Anonymous Symbol]                       0x00003079   Section        0  main.o(.rodata.str1.1)
    .L.str.5                                 0x00003098   Data          29  main.o(.rodata.str1.1)
    .L.str.8                                 0x000030b5   Data          23  main.o(.rodata.str1.1)
    .L.str                                   0x000030cc   Data          17  main.o(.rodata.str1.1)
    .L.str.2                                 0x000030dd   Data          35  main.o(.rodata.str1.1)
    .L.str.1                                 0x00003100   Data          34  main.o(.rodata.str1.1)
    .L.str.7                                 0x00003122   Data          37  main.o(.rodata.str1.1)
    .L.str.4                                 0x00003147   Data          16  main.o(.rodata.str1.1)
    .L.str.3                                 0x00003157   Data          15  main.o(.rodata.str1.1)
    SysTick_Handler.u32Ticks                 0x20002014   Data           4  main.o(.bss.SysTick_Handler.u32Ticks)
    [Anonymous Symbol]                       0x20002014   Section        0  main.o(.bss.SysTick_Handler.u32Ticks)
    pfNonSecure_LED_Off                      0x2000206c   Data           4  main.o(.bss.pfNonSecure_LED_Off)
    [Anonymous Symbol]                       0x2000206c   Section        0  main.o(.bss.pfNonSecure_LED_Off)
    pfNonSecure_LED_On                       0x20002070   Data           4  main.o(.bss.pfNonSecure_LED_On)
    [Anonymous Symbol]                       0x20002070   Section        0  main.o(.bss.pfNonSecure_LED_On)

    Global Symbols

    Symbol Name                              Value     Ov Type        Size  Object(Section)

    BuildAttributes$$THM_ISAv4$E$P$D$K$B$S$7EM$8M$VFPi5$EXTD16$VFPS$VFMA$PE$A:L22UL41UL21$X:L11$S22US41US21$IEEE1$IW$USESV6$~STKCKD$USESV7$WCHAR32$ENUMINT$~SHL$OSPACE$ROPI$MICROLIB$REQ8$PRES8$EABIv2 0x00000000   Number         0  anon$$obj.o ABSOLUTE
    __Vectors                                0x00000000   Data         644  startup_cm3031.o(RESET)
    __cpp_initialize__aeabi_                  - Undefined Weak Reference
    __cxa_finalize                            - Undefined Weak Reference
    __decompress                              - Undefined Weak Reference
    _clock_init                               - Undefined Weak Reference
    _microlib_exit                            - Undefined Weak Reference
    __main                                   0x00000285   Thumb Code     0  entry.o(.ARM.Collect$$$$00000000)
    _main_stk                                0x00000285   Thumb Code     0  entry4.o(.ARM.Collect$$$$00000003)
    _main_scatterload                        0x00000289   Thumb Code     0  entry5.o(.ARM.Collect$$$$00000004)
    __main_after_scatterload                 0x0000028d   Thumb Code     0  entry5.o(.ARM.Collect$$$$00000004)
    _main_clock                              0x0000028d   Thumb Code     0  entry7b.o(.ARM.Collect$$$$00000008)
    _main_cpp_init                           0x0000028d   Thumb Code     0  entry8b.o(.ARM.Collect$$$$0000000A)
    _main_init                               0x0000028d   Thumb Code     0  entry9a.o(.ARM.Collect$$$$0000000B)
    __rt_final_cpp                           0x00000295   Thumb Code     0  entry10a.o(.ARM.Collect$$$$0000000D)
    __rt_final_exit                          0x00000295   Thumb Code     0  entry11a.o(.ARM.Collect$$$$0000000F)
    __aeabi_memcpy                           0x00000299   Thumb Code    36  memcpya.o(.text)
    __aeabi_memcpy4                          0x00000299   Thumb Code     0  memcpya.o(.text)
    __aeabi_memcpy8                          0x00000299   Thumb Code     0  memcpya.o(.text)
    __aeabi_uidiv                            0x000002bd   Thumb Code     0  uidiv.o(.text)
    __aeabi_uidivmod                         0x000002bd   Thumb Code    44  uidiv.o(.text)
    __aeabi_uldivmod                         0x000002e9   Thumb Code    98  uldiv.o(.text)
    __I$use$fp                               0x0000034b   Thumb Code     0  iusefp.o(.text)
    __aeabi_dadd                             0x0000034b   Thumb Code   322  dadd.o(.text)
    __aeabi_dsub                             0x0000048d   Thumb Code     6  dadd.o(.text)
    __aeabi_drsub                            0x00000493   Thumb Code     6  dadd.o(.text)
    __aeabi_dmul                             0x00000499   Thumb Code   228  dmul.o(.text)
    __aeabi_ddiv                             0x0000057d   Thumb Code   222  ddiv.o(.text)
    __aeabi_d2ulz                            0x0000065b   Thumb Code    48  dfixul.o(.text)
    __aeabi_cdrcmple                         0x0000068d   Thumb Code    48  cdrcmple.o(.text)
    __scatterload                            0x000006bd   Thumb Code    38  init.o(.text)
    __scatterload_rt2                        0x000006bd   Thumb Code     0  init.o(.text)
    __aeabi_llsl                             0x000006ed   Thumb Code    30  llshl.o(.text)
    _ll_shift_l                              0x000006ed   Thumb Code     0  llshl.o(.text)
    __aeabi_llsr                             0x0000070b   Thumb Code    32  llushr.o(.text)
    _ll_ushift_r                             0x0000070b   Thumb Code     0  llushr.o(.text)
    __aeabi_lasr                             0x0000072b   Thumb Code    36  llsshr.o(.text)
    _ll_sshift_r                             0x0000072b   Thumb Code     0  llsshr.o(.text)
    _double_round                            0x0000074f   Thumb Code    30  depilogue.o(.text)
    _double_epilogue                         0x0000076d   Thumb Code   156  depilogue.o(.text)
    Boot_Init                                0x00000809   Thumb Code   302  main.o(.text.Boot_Init)
    CLK_EnableModuleClock                    0x00000939   Thumb Code    72  clk.o(.text.CLK_EnableModuleClock)
    CLK_EnablePLL                            0x00000981   Thumb Code   832  clk.o(.text.CLK_EnablePLL)
    __acle_se_CLK_GetCPUFreq                 0x00000cc1   Thumb Code     0  clk.o(.text.CLK_GetCPUFreq)
    __acle_se_CLK_GetHCLKFreq                0x00000e7d   Thumb Code     0  clk.o(.text.CLK_GetHCLKFreq)
    __acle_se_CLK_GetHXTFreq                 0x00000ed9   Thumb Code     0  clk.o(.text.CLK_GetHXTFreq)
    __acle_se_CLK_GetLXTFreq                 0x00000f49   Thumb Code     0  clk.o(.text.CLK_GetLXTFreq)
    __acle_se_CLK_GetModuleClockDivider      0x00000fb9   Thumb Code     0  clk.o(.text.CLK_GetModuleClockDivider)
    __acle_se_CLK_GetModuleClockSource       0x00001089   Thumb Code     0  clk.o(.text.CLK_GetModuleClockSource)
    __acle_se_CLK_GetPCLK0Freq               0x00001189   Thumb Code     0  clk.o(.text.CLK_GetPCLK0Freq)
    __acle_se_CLK_GetPCLK1Freq               0x000012a5   Thumb Code     0  clk.o(.text.CLK_GetPCLK1Freq)
    __acle_se_CLK_GetPLLClockFreq            0x000013c5   Thumb Code     0  clk.o(.text.CLK_GetPLLClockFreq)
    CLK_SetCoreClock                         0x000014bd   Thumb Code   258  clk.o(.text.CLK_SetCoreClock)
    CLK_SetHCLK                              0x000015c1   Thumb Code   668  clk.o(.text.CLK_SetHCLK)
    CLK_SetModuleClock                       0x0000185d   Thumb Code   342  clk.o(.text.CLK_SetModuleClock)
    CLK_WaitClockReady                       0x000019b5   Thumb Code    68  clk.o(.text.CLK_WaitClockReady)
    DEBUG_PORT_Init                          0x000019f9   Thumb Code    28  main.o(.text.DEBUG_PORT_Init)
    ACMP01_IRQHandler                        0x00001a15   Thumb Code     4  startup_cm3031.o(.text.Default_Handler)
    BOD_IRQHandler                           0x00001a15   Thumb Code     4  startup_cm3031.o(.text.Default_Handler)
    BPWM0_IRQHandler                         0x00001a15   Thumb Code     4  startup_cm3031.o(.text.Default_Handler)
    BPWM1_IRQHandler                         0x00001a15   Thumb Code     4  startup_cm3031.o(.text.Default_Handler)
    BPWM2_IRQHandler                         0x00001a15   Thumb Code     4  startup_cm3031.o(.text.Default_Handler)
    BPWM3_IRQHandler                         0x00001a15   Thumb Code     4  startup_cm3031.o(.text.Default_Handler)
    BPWM4_IRQHandler                         0x00001a15   Thumb Code     4  startup_cm3031.o(.text.Default_Handler)
    BPWM5_IRQHandler                         0x00001a15   Thumb Code     4  startup_cm3031.o(.text.Default_Handler)
    BRAKE0_IRQHandler                        0x00001a15   Thumb Code     4  startup_cm3031.o(.text.Default_Handler)
    BRAKE1_IRQHandler                        0x00001a15   Thumb Code     4  startup_cm3031.o(.text.Default_Handler)
    BusFault_Handler                         0x00001a15   Thumb Code     4  startup_cm3031.o(.text.Default_Handler)
    CANFD00_IRQHandler                       0x00001a15   Thumb Code     4  startup_cm3031.o(.text.Default_Handler)
    CANFD01_IRQHandler                       0x00001a15   Thumb Code     4  startup_cm3031.o(.text.Default_Handler)
    CANFD10_IRQHandler                       0x00001a15   Thumb Code     4  startup_cm3031.o(.text.Default_Handler)
    CANFD11_IRQHandler                       0x00001a15   Thumb Code     4  startup_cm3031.o(.text.Default_Handler)
    CKFAIL_IRQHandler                        0x00001a15   Thumb Code     4  startup_cm3031.o(.text.Default_Handler)
    CRC_IRQHandler                           0x00001a15   Thumb Code     4  startup_cm3031.o(.text.Default_Handler)
    DebugMon_Handler                         0x00001a15   Thumb Code     4  startup_cm3031.o(.text.Default_Handler)
    Default_Handler                          0x00001a15   Thumb Code     4  startup_cm3031.o(.text.Default_Handler)
    EADC00_IRQHandler                        0x00001a15   Thumb Code     4  startup_cm3031.o(.text.Default_Handler)
    EADC01_IRQHandler                        0x00001a15   Thumb Code     4  startup_cm3031.o(.text.Default_Handler)
    EADC02_IRQHandler                        0x00001a15   Thumb Code     4  startup_cm3031.o(.text.Default_Handler)
    EADC03_IRQHandler                        0x00001a15   Thumb Code     4  startup_cm3031.o(.text.Default_Handler)
    ECAP0_IRQHandler                         0x00001a15   Thumb Code     4  startup_cm3031.o(.text.Default_Handler)
    EHCI_IRQHandler                          0x00001a15   Thumb Code     4  startup_cm3031.o(.text.Default_Handler)
    EINT0_IRQHandler                         0x00001a15   Thumb Code     4  startup_cm3031.o(.text.Default_Handler)
    EINT1_IRQHandler                         0x00001a15   Thumb Code     4  startup_cm3031.o(.text.Default_Handler)
    EINT2_IRQHandler                         0x00001a15   Thumb Code     4  startup_cm3031.o(.text.Default_Handler)
    EINT3_IRQHandler                         0x00001a15   Thumb Code     4  startup_cm3031.o(.text.Default_Handler)
    EINT4_IRQHandler                         0x00001a15   Thumb Code     4  startup_cm3031.o(.text.Default_Handler)
    EINT5_IRQHandler                         0x00001a15   Thumb Code     4  startup_cm3031.o(.text.Default_Handler)
    EINT6_IRQHandler                         0x00001a15   Thumb Code     4  startup_cm3031.o(.text.Default_Handler)
    EINT7_IRQHandler                         0x00001a15   Thumb Code     4  startup_cm3031.o(.text.Default_Handler)
    ELLSI0_IRQHandler                        0x00001a15   Thumb Code     4  startup_cm3031.o(.text.Default_Handler)
    EPWM0P0_IRQHandler                       0x00001a15   Thumb Code     4  startup_cm3031.o(.text.Default_Handler)
    EPWM0P1_IRQHandler                       0x00001a15   Thumb Code     4  startup_cm3031.o(.text.Default_Handler)
    EPWM0P2_IRQHandler                       0x00001a15   Thumb Code     4  startup_cm3031.o(.text.Default_Handler)
    EPWM1P0_IRQHandler                       0x00001a15   Thumb Code     4  startup_cm3031.o(.text.Default_Handler)
    EPWM1P1_IRQHandler                       0x00001a15   Thumb Code     4  startup_cm3031.o(.text.Default_Handler)
    EPWM1P2_IRQHandler                       0x00001a15   Thumb Code     4  startup_cm3031.o(.text.Default_Handler)
    EQEI0_IRQHandler                         0x00001a15   Thumb Code     4  startup_cm3031.o(.text.Default_Handler)
    ETI_IRQHandler                           0x00001a15   Thumb Code     4  startup_cm3031.o(.text.Default_Handler)
    GPA_IRQHandler                           0x00001a15   Thumb Code     4  startup_cm3031.o(.text.Default_Handler)
    GPB_IRQHandler                           0x00001a15   Thumb Code     4  startup_cm3031.o(.text.Default_Handler)
    GPC_IRQHandler                           0x00001a15   Thumb Code     4  startup_cm3031.o(.text.Default_Handler)
    GPD_IRQHandler                           0x00001a15   Thumb Code     4  startup_cm3031.o(.text.Default_Handler)
    GPE_IRQHandler                           0x00001a15   Thumb Code     4  startup_cm3031.o(.text.Default_Handler)
    GPF_IRQHandler                           0x00001a15   Thumb Code     4  startup_cm3031.o(.text.Default_Handler)
    GPG_IRQHandler                           0x00001a15   Thumb Code     4  startup_cm3031.o(.text.Default_Handler)
    GPH_IRQHandler                           0x00001a15   Thumb Code     4  startup_cm3031.o(.text.Default_Handler)
    I2C0_IRQHandler                          0x00001a15   Thumb Code     4  startup_cm3031.o(.text.Default_Handler)
    I2C1_IRQHandler                          0x00001a15   Thumb Code     4  startup_cm3031.o(.text.Default_Handler)
    I2C2_IRQHandler                          0x00001a15   Thumb Code     4  startup_cm3031.o(.text.Default_Handler)
    I2S0_IRQHandler                          0x00001a15   Thumb Code     4  startup_cm3031.o(.text.Default_Handler)
    I3C0_IRQHandler                          0x00001a15   Thumb Code     4  startup_cm3031.o(.text.Default_Handler)
    IRC_IRQHandler                           0x00001a15   Thumb Code     4  startup_cm3031.o(.text.Default_Handler)
    ISP_IRQHandler                           0x00001a15   Thumb Code     4  startup_cm3031.o(.text.Default_Handler)
    LLSI0_IRQHandler                         0x00001a15   Thumb Code     4  startup_cm3031.o(.text.Default_Handler)
    LLSI1_IRQHandler                         0x00001a15   Thumb Code     4  startup_cm3031.o(.text.Default_Handler)
    LLSI2_IRQHandler                         0x00001a15   Thumb Code     4  startup_cm3031.o(.text.Default_Handler)
    LLSI3_IRQHandler                         0x00001a15   Thumb Code     4  startup_cm3031.o(.text.Default_Handler)
    LLSI4_IRQHandler                         0x00001a15   Thumb Code     4  startup_cm3031.o(.text.Default_Handler)
    LLSI5_IRQHandler                         0x00001a15   Thumb Code     4  startup_cm3031.o(.text.Default_Handler)
    LLSI6_IRQHandler                         0x00001a15   Thumb Code     4  startup_cm3031.o(.text.Default_Handler)
    LLSI7_IRQHandler                         0x00001a15   Thumb Code     4  startup_cm3031.o(.text.Default_Handler)
    LLSI8_IRQHandler                         0x00001a15   Thumb Code     4  startup_cm3031.o(.text.Default_Handler)
    LLSI9_IRQHandler                         0x00001a15   Thumb Code     4  startup_cm3031.o(.text.Default_Handler)
    MemManage_Handler                        0x00001a15   Thumb Code     4  startup_cm3031.o(.text.Default_Handler)
    NMI_Handler                              0x00001a15   Thumb Code     4  startup_cm3031.o(.text.Default_Handler)
    NS_ISP_IRQHandler                        0x00001a15   Thumb Code     4  startup_cm3031.o(.text.Default_Handler)
    NS_RAMPE_IRQHandler                      0x00001a15   Thumb Code     4  startup_cm3031.o(.text.Default_Handler)
    OHCI_IRQHandler                          0x00001a15   Thumb Code     4  startup_cm3031.o(.text.Default_Handler)
    PDCI_IRQHandler                          0x00001a15   Thumb Code     4  startup_cm3031.o(.text.Default_Handler)
    PDMA0_IRQHandler                         0x00001a15   Thumb Code     4  startup_cm3031.o(.text.Default_Handler)
    PDMA1_IRQHandler                         0x00001a15   Thumb Code     4  startup_cm3031.o(.text.Default_Handler)
    PWRWU_IRQHandler                         0x00001a15   Thumb Code     4  startup_cm3031.o(.text.Default_Handler)
    PendSV_Handler                           0x00001a15   Thumb Code     4  startup_cm3031.o(.text.Default_Handler)
    QSPI0_IRQHandler                         0x00001a15   Thumb Code     4  startup_cm3031.o(.text.Default_Handler)
    RAMPE_IRQHandler                         0x00001a15   Thumb Code     4  startup_cm3031.o(.text.Default_Handler)
    RTC_IRQHandler                           0x00001a15   Thumb Code     4  startup_cm3031.o(.text.Default_Handler)
    SDH0_IRQHandler                          0x00001a15   Thumb Code     4  startup_cm3031.o(.text.Default_Handler)
    SPI0_IRQHandler                          0x00001a15   Thumb Code     4  startup_cm3031.o(.text.Default_Handler)
    SPI1_IRQHandler                          0x00001a15   Thumb Code     4  startup_cm3031.o(.text.Default_Handler)
    SPI2_IRQHandler                          0x00001a15   Thumb Code     4  startup_cm3031.o(.text.Default_Handler)
    SVC_Handler                              0x00001a15   Thumb Code     4  startup_cm3031.o(.text.Default_Handler)
    SecureFault_Handler                      0x00001a15   Thumb Code     4  startup_cm3031.o(.text.Default_Handler)
    TMR0_IRQHandler                          0x00001a15   Thumb Code     4  startup_cm3031.o(.text.Default_Handler)
    TMR1_IRQHandler                          0x00001a15   Thumb Code     4  startup_cm3031.o(.text.Default_Handler)
    TMR2_IRQHandler                          0x00001a15   Thumb Code     4  startup_cm3031.o(.text.Default_Handler)
    TMR3_IRQHandler                          0x00001a15   Thumb Code     4  startup_cm3031.o(.text.Default_Handler)
    UART0_IRQHandler                         0x00001a15   Thumb Code     4  startup_cm3031.o(.text.Default_Handler)
    UART1_IRQHandler                         0x00001a15   Thumb Code     4  startup_cm3031.o(.text.Default_Handler)
    UART2_IRQHandler                         0x00001a15   Thumb Code     4  startup_cm3031.o(.text.Default_Handler)
    UART3_IRQHandler                         0x00001a15   Thumb Code     4  startup_cm3031.o(.text.Default_Handler)
    UART4_IRQHandler                         0x00001a15   Thumb Code     4  startup_cm3031.o(.text.Default_Handler)
    USBD20_IRQHandler                        0x00001a15   Thumb Code     4  startup_cm3031.o(.text.Default_Handler)
    USBOTG20_IRQHandler                      0x00001a15   Thumb Code     4  startup_cm3031.o(.text.Default_Handler)
    USCI0_IRQHandler                         0x00001a15   Thumb Code     4  startup_cm3031.o(.text.Default_Handler)
    USCI1_IRQHandler                         0x00001a15   Thumb Code     4  startup_cm3031.o(.text.Default_Handler)
    UsageFault_Handler                       0x00001a15   Thumb Code     4  startup_cm3031.o(.text.Default_Handler)
    WDT0_IRQHandler                          0x00001a15   Thumb Code     4  startup_cm3031.o(.text.Default_Handler)
    WDT1_IRQHandler                          0x00001a15   Thumb Code     4  startup_cm3031.o(.text.Default_Handler)
    WWDT0_IRQHandler                         0x00001a15   Thumb Code     4  startup_cm3031.o(.text.Default_Handler)
    WWDT1_IRQHandler                         0x00001a15   Thumb Code     4  startup_cm3031.o(.text.Default_Handler)
    FMC_NSBA_Setup                           0x00001a19   Thumb Code   224  system_cm3031.o(.text.FMC_NSBA_Setup)
    GPIO_SetMode                             0x00001af9   Thumb Code    74  gpio.o(.text.GPIO_SetMode)
    HardFault_Handler                        0x00001b45   Thumb Code     4  startup_cm3031.o(.text.HardFault_Handler)
    LED_Off                                  0x00001b49   Thumb Code    28  main.o(.text.LED_Off)
    LED_On                                   0x00001b65   Thumb Code    30  main.o(.text.LED_On)
    NSC_Init                                 0x00001b85   Thumb Code    78  system_cm3031.o(.text.NSC_Init)
    Reset_Handler                            0x00001c9d   Thumb Code    50  startup_cm3031.o(.text.Reset_Handler)
    SCU_IRQHandler                           0x00001cd1   Thumb Code   226  system_cm3031.o(.text.SCU_IRQHandler)
    SCU_Setup                                0x00001db5   Thumb Code   228  system_cm3031.o(.text.SCU_Setup)
    SYS_Init                                 0x00001e99   Thumb Code   154  main.o(.text.SYS_Init)
    __acle_se_Secure_LED_Off                 0x00001fbd   Thumb Code     0  main.o(.text.Secure_LED_Off)
    __acle_se_Secure_LED_Off_callback        0x00002029   Thumb Code     0  main.o(.text.Secure_LED_Off_callback)
    __acle_se_Secure_LED_On                  0x0000208d   Thumb Code     0  main.o(.text.Secure_LED_On)
    __acle_se_Secure_LED_On_callback         0x000020f9   Thumb Code     0  main.o(.text.Secure_LED_On_callback)
    __acle_se_Secure_func                    0x0000215d   Thumb Code     0  main.o(.text.Secure_func)
    SendChar                                 0x000021b9   Thumb Code    16  retarget.o(.text.SendChar)
    SendChar_ToUART                          0x000021c9   Thumb Code    80  retarget.o(.text.SendChar_ToUART)
    SysTick_Handler                          0x0000226d   Thumb Code   296  main.o(.text.SysTick_Handler)
    SystemCoreClockUpdate                    0x00002395   Thumb Code    70  system_cm3031.o(.text.SystemCoreClockUpdate)
    SystemInit                               0x000023dd   Thumb Code   178  system_cm3031.o(.text.SystemInit)
    TZ_SAU_Setup                             0x00002491   Thumb Code   174  system_cm3031.o(.text.TZ_SAU_Setup)
    __PC                                     0x000025a9   Thumb Code    12  system_cm3031.o(.text.__PC)
    fputc                                    0x000025b5   Thumb Code    20  retarget.o(.text.fputc)
    main                                     0x000025c9   Thumb Code   106  main.o(.text.main)
    __0printf                                0x00002635   Thumb Code    22  printfa.o(i.__0printf)
    __1printf                                0x00002635   Thumb Code     0  printfa.o(i.__0printf)
    __2printf                                0x00002635   Thumb Code     0  printfa.o(i.__0printf)
    __c89printf                              0x00002635   Thumb Code     0  printfa.o(i.__0printf)
    printf                                   0x00002635   Thumb Code     0  printfa.o(i.__0printf)
    __scatterload_copy                       0x00002655   Thumb Code    14  handlers.o(i.__scatterload_copy)
    __scatterload_null                       0x00002663   Thumb Code     2  handlers.o(i.__scatterload_null)
    __scatterload_zeroinit                   0x00002665   Thumb Code    14  handlers.o(i.__scatterload_zeroinit)
    Region$$Table$$Base                      0x00003168   Number         0  anon$$obj.o(Region$$Table)
    Region$$Table$$Limit                     0x00003188   Number         0  anon$$obj.o(Region$$Table)
    Image$$NSC_ROM$$XO$$Base                 0x000031a0   Number         0  anon$$obj.o ABSOLUTE
    Secure_func                              0x000031a1   Thumb Code     8  anon$$obj.o(Veneer$$CMSE)
    Secure_LED_On                            0x000031a9   Thumb Code     8  anon$$obj.o(Veneer$$CMSE)
    Secure_LED_Off                           0x000031b1   Thumb Code     8  anon$$obj.o(Veneer$$CMSE)
    Secure_LED_On_callback                   0x000031b9   Thumb Code     8  anon$$obj.o(Veneer$$CMSE)
    Secure_LED_Off_callback                  0x000031c1   Thumb Code     8  anon$$obj.o(Veneer$$CMSE)
    CLK_GetHXTFreq                           0x000031c9   Thumb Code     8  anon$$obj.o(Veneer$$CMSE)
    CLK_GetLXTFreq                           0x000031d1   Thumb Code     8  anon$$obj.o(Veneer$$CMSE)
    CLK_GetPCLK0Freq                         0x000031d9   Thumb Code     8  anon$$obj.o(Veneer$$CMSE)
    CLK_GetPCLK1Freq                         0x000031e1   Thumb Code     8  anon$$obj.o(Veneer$$CMSE)
    CLK_GetHCLKFreq                          0x000031e9   Thumb Code     8  anon$$obj.o(Veneer$$CMSE)
    CLK_GetCPUFreq                           0x000031f1   Thumb Code     8  anon$$obj.o(Veneer$$CMSE)
    CLK_GetPLLClockFreq                      0x000031f9   Thumb Code     8  anon$$obj.o(Veneer$$CMSE)
    CLK_GetModuleClockSource                 0x00003201   Thumb Code     8  anon$$obj.o(Veneer$$CMSE)
    CLK_GetModuleClockDivider                0x00003209   Thumb Code     8  anon$$obj.o(Veneer$$CMSE)
    Image$$NSC_ROM$$XO$$Limit                0x00003220   Number         0  anon$$obj.o ABSOLUTE
    Image$$ARM_LIB_STACK$$ZI$$Base           0x20000008   Number         0  anon$$obj.o ABSOLUTE
    CyclesPerUs                              0x20002008   Data           4  system_cm3031.o(.data.CyclesPerUs)
    Image$$ARM_LIB_STACK$$ZI$$Limit          0x20002008   Number         0  anon$$obj.o ABSOLUTE
    PllClock                                 0x2000200c   Data           4  system_cm3031.o(.data.PllClock)
    SystemCoreClock                          0x20002010   Data           4  system_cm3031.o(.data.SystemCoreClock)
    __stdout                                 0x20002018   Data          84  retarget.o(.bss.__stdout)



==============================================================================

Memory Map of the image

  Image Entry point : 0x00000285

  Load Region LR_ROM (Base: 0x00000000, Size: 0x0000322c, Max: 0x00080000, ABSOLUTE)

    Execution Region ER_ROM (Exec base: 0x00000000, Load base: 0x00000000, Size: 0x00003188, Max: 0x00080000, ABSOLUTE)

    Exec Addr    Load Addr    Size         Type   Attr      Idx    E Section Name        Object

    0x00000000   0x00000000   0x00000284   Data   RO           11    RESET               startup_cm3031.o
    0x00000284   0x00000284   0x00000000   Code   RO          223  * .ARM.Collect$$$$00000000  mc_w.l(entry.o)
    0x00000284   0x00000284   0x00000004   Code   RO          265    .ARM.Collect$$$$00000003  mc_w.l(entry4.o)
    0x00000288   0x00000288   0x00000004   Code   RO          268    .ARM.Collect$$$$00000004  mc_w.l(entry5.o)
    0x0000028c   0x0000028c   0x00000000   Code   RO          270    .ARM.Collect$$$$00000008  mc_w.l(entry7b.o)
    0x0000028c   0x0000028c   0x00000000   Code   RO          272    .ARM.Collect$$$$0000000A  mc_w.l(entry8b.o)
    0x0000028c   0x0000028c   0x00000008   Code   RO          273    .ARM.Collect$$$$0000000B  mc_w.l(entry9a.o)
    0x00000294   0x00000294   0x00000000   Code   RO          275    .ARM.Collect$$$$0000000D  mc_w.l(entry10a.o)
    0x00000294   0x00000294   0x00000000   Code   RO          277    .ARM.Collect$$$$0000000F  mc_w.l(entry11a.o)
    0x00000294   0x00000294   0x00000004   Code   RO          266    .ARM.Collect$$$$00002714  mc_w.l(entry4.o)
    0x00000298   0x00000298   0x00000024   Code   RO          233    .text               mc_w.l(memcpya.o)
    0x000002bc   0x000002bc   0x0000002c   Code   RO          288    .text               mc_w.l(uidiv.o)
    0x000002e8   0x000002e8   0x00000062   Code   RO          290    .text               mc_w.l(uldiv.o)
    0x0000034a   0x0000034a   0x00000000   Code   RO          292    .text               mc_w.l(iusefp.o)
    0x0000034a   0x0000034a   0x0000014e   Code   RO          293    .text               mf_w.l(dadd.o)
    0x00000498   0x00000498   0x000000e4   Code   RO          295    .text               mf_w.l(dmul.o)
    0x0000057c   0x0000057c   0x000000de   Code   RO          297    .text               mf_w.l(ddiv.o)
    0x0000065a   0x0000065a   0x00000030   Code   RO          299    .text               mf_w.l(dfixul.o)
    0x0000068a   0x0000068a   0x00000002   PAD
    0x0000068c   0x0000068c   0x00000030   Code   RO          301    .text               mf_w.l(cdrcmple.o)
    0x000006bc   0x000006bc   0x00000030   Code   RO          303    .text               mc_w.l(init.o)
    0x000006ec   0x000006ec   0x0000001e   Code   RO          305    .text               mc_w.l(llshl.o)
    0x0000070a   0x0000070a   0x00000020   Code   RO          307    .text               mc_w.l(llushr.o)
    0x0000072a   0x0000072a   0x00000024   Code   RO          309    .text               mc_w.l(llsshr.o)
    0x0000074e   0x0000074e   0x000000ba   Code   RO          311    .text               mf_w.l(depilogue.o)
    0x00000808   0x00000808   0x0000012e   Code   RO           74    .text.Boot_Init     main.o
    0x00000936   0x00000936   0x00000002   PAD
    0x00000938   0x00000938   0x00000048   Code   RO          172    .text.CLK_EnableModuleClock  clk.o
    0x00000980   0x00000980   0x00000340   Code   RO          160    .text.CLK_EnablePLL  clk.o
    0x00000cc0   0x00000cc0   0x000001bc   Code   RO          154    .text.CLK_GetCPUFreq  clk.o
    0x00000e7c   0x00000e7c   0x0000005c   Code   RO          152    .text.CLK_GetHCLKFreq  clk.o
    0x00000ed8   0x00000ed8   0x00000070   Code   RO          144    .text.CLK_GetHXTFreq  clk.o
    0x00000f48   0x00000f48   0x0000006e   Code   RO          146    .text.CLK_GetLXTFreq  clk.o
    0x00000fb6   0x00000fb6   0x00000002   PAD
    0x00000fb8   0x00000fb8   0x000000d0   Code   RO          194    .text.CLK_GetModuleClockDivider  clk.o
    0x00001088   0x00001088   0x00000100   Code   RO          192    .text.CLK_GetModuleClockSource  clk.o
    0x00001188   0x00001188   0x0000011c   Code   RO          148    .text.CLK_GetPCLK0Freq  clk.o
    0x000012a4   0x000012a4   0x0000011e   Code   RO          150    .text.CLK_GetPCLK1Freq  clk.o
    0x000013c2   0x000013c2   0x00000002   PAD
    0x000013c4   0x000013c4   0x000000f6   Code   RO          190    .text.CLK_GetPLLClockFreq  clk.o
    0x000014ba   0x000014ba   0x00000002   PAD
    0x000014bc   0x000014bc   0x00000102   Code   RO          156    .text.CLK_SetCoreClock  clk.o
    0x000015be   0x000015be   0x00000002   PAD
    0x000015c0   0x000015c0   0x0000029c   Code   RO          162    .text.CLK_SetHCLK   clk.o
    0x0000185c   0x0000185c   0x00000156   Code   RO          164    .text.CLK_SetModuleClock  clk.o
    0x000019b2   0x000019b2   0x00000002   PAD
    0x000019b4   0x000019b4   0x00000044   Code   RO          158    .text.CLK_WaitClockReady  clk.o
    0x000019f8   0x000019f8   0x0000001c   Code   RO           82    .text.DEBUG_PORT_Init  main.o
    0x00001a14   0x00001a14   0x00000004   Code   RO            5    .text.Default_Handler  startup_cm3031.o
    0x00001a18   0x00001a18   0x000000e0   Code   RO           19    .text.FMC_NSBA_Setup  system_cm3031.o
    0x00001af8   0x00001af8   0x0000004a   Code   RO          207    .text.GPIO_SetMode  gpio.o
    0x00001b42   0x00001b42   0x00000002   PAD
    0x00001b44   0x00001b44   0x00000004   Code   RO            9    .text.HardFault_Handler  startup_cm3031.o
    0x00001b48   0x00001b48   0x0000001c   Code   RO           70    .text.LED_Off       main.o
    0x00001b64   0x00001b64   0x0000001e   Code   RO           68    .text.LED_On        main.o
    0x00001b82   0x00001b82   0x00000002   PAD
    0x00001b84   0x00001b84   0x0000004e   Code   RO           29    .text.NSC_Init      system_cm3031.o
    0x00001bd2   0x00001bd2   0x00000002   PAD
    0x00001bd4   0x00001bd4   0x00000064   Code   RO           37    .text.RTC_LXTGainInit  system_cm3031.o
    0x00001c38   0x00001c38   0x00000062   Code   RO           41    .text.RTC_LXTGainSelection  system_cm3031.o
    0x00001c9a   0x00001c9a   0x00000002   PAD
    0x00001c9c   0x00001c9c   0x00000032   Code   RO            7    .text.Reset_Handler  startup_cm3031.o
    0x00001cce   0x00001cce   0x00000002   PAD
    0x00001cd0   0x00001cd0   0x000000e2   Code   RO           27    .text.SCU_IRQHandler  system_cm3031.o
    0x00001db2   0x00001db2   0x00000002   PAD
    0x00001db4   0x00001db4   0x000000e4   Code   RO           23    .text.SCU_Setup     system_cm3031.o
    0x00001e98   0x00001e98   0x0000009a   Code   RO           80    .text.SYS_Init      main.o
    0x00001f32   0x00001f32   0x00000002   PAD
    0x00001f34   0x00001f34   0x00000044   Code   RO           21    .text.SYS_UnlockReg  system_cm3031.o
    0x00001f78   0x00001f78   0x00000044   Code   RO           78    .text.SYS_UnlockReg  main.o
    0x00001fbc   0x00001fbc   0x0000006c   Code   RO           62    .text.Secure_LED_Off  main.o
    0x00002028   0x00002028   0x00000064   Code   RO           66    .text.Secure_LED_Off_callback  main.o
    0x0000208c   0x0000208c   0x0000006c   Code   RO           60    .text.Secure_LED_On  main.o
    0x000020f8   0x000020f8   0x00000064   Code   RO           64    .text.Secure_LED_On_callback  main.o
    0x0000215c   0x0000215c   0x0000005c   Code   RO           58    .text.Secure_func   main.o
    0x000021b8   0x000021b8   0x00000010   Code   RO          108    .text.SendChar      retarget.o
    0x000021c8   0x000021c8   0x00000050   Code   RO          106    .text.SendChar_ToUART  retarget.o
    0x00002218   0x00002218   0x00000054   Code   RO           84    .text.SysTick_Config  main.o
    0x0000226c   0x0000226c   0x00000128   Code   RO           72    .text.SysTick_Handler  main.o
    0x00002394   0x00002394   0x00000046   Code   RO           33    .text.SystemCoreClockUpdate  system_cm3031.o
    0x000023da   0x000023da   0x00000002   PAD
    0x000023dc   0x000023dc   0x000000b2   Code   RO           35    .text.SystemInit    system_cm3031.o
    0x0000248e   0x0000248e   0x00000002   PAD
    0x00002490   0x00002490   0x000000ae   Code   RO           31    .text.TZ_SAU_Setup  system_cm3031.o
    0x0000253e   0x0000253e   0x00000002   PAD
    0x00002540   0x00002540   0x0000002a   Code   RO           25    .text.__NVIC_EnableIRQ  system_cm3031.o
    0x0000256a   0x0000256a   0x00000002   PAD
    0x0000256c   0x0000256c   0x0000003a   Code   RO           86    .text.__NVIC_SetPriority  main.o
    0x000025a6   0x000025a6   0x00000002   PAD
    0x000025a8   0x000025a8   0x0000000c   Code   RO           39    .text.__PC          system_cm3031.o
    0x000025b4   0x000025b4   0x00000014   Code   RO          118    .text.fputc         retarget.o
    0x000025c8   0x000025c8   0x0000006a   Code   RO           76    .text.main          main.o
    0x00002632   0x00002632   0x00000002   PAD
    0x00002634   0x00002634   0x00000020   Code   RO          238    i.__0printf         mc_w.l(printfa.o)
    0x00002654   0x00002654   0x0000000e   Code   RO          316    i.__scatterload_copy  mc_w.l(handlers.o)
    0x00002662   0x00002662   0x00000002   Code   RO          317    i.__scatterload_null  mc_w.l(handlers.o)
    0x00002664   0x00002664   0x0000000e   Code   RO          318    i.__scatterload_zeroinit  mc_w.l(handlers.o)
    0x00002672   0x00002672   0x00000002   PAD
    0x00002674   0x00002674   0x00000184   Code   RO          245    i._fp_digits        mc_w.l(printfa.o)
    0x000027f8   0x000027f8   0x000006dc   Code   RO          246    i._printf_core      mc_w.l(printfa.o)
    0x00002ed4   0x00002ed4   0x00000024   Code   RO          247    i._printf_post_padding  mc_w.l(printfa.o)
    0x00002ef8   0x00002ef8   0x0000002e   Code   RO          248    i._printf_pre_padding  mc_w.l(printfa.o)
    0x00002f26   0x00002f26   0x00000015   Data   RO           49    .rodata..L__const.SCU_IRQHandler.info  system_cm3031.o
    0x00002f3b   0x00002f3b   0x00000001   PAD
    0x00002f3c   0x00002f3c   0x00000054   Data   RO           48    .rodata..L__const.SCU_IRQHandler.ipname  system_cm3031.o
    0x00002f90   0x00002f90   0x00000020   Data   RO           47    .rodata..L__const.SCU_IRQHandler.master  system_cm3031.o
    0x00002fb0   0x00002fb0   0x00000020   Data   RO          196    .rodata.cst32       clk.o
    0x00002fd0   0x00002fd0   0x000000a9   Data   RO           46    .rodata.str1.1      system_cm3031.o
    0x00003079   0x00003079   0x000000ed   Data   RO           88    .rodata.str1.1      main.o
    0x00003166   0x00003166   0x00000002   PAD
    0x00003168   0x00003168   0x00000020   Data   RO          314    Region$$Table       anon$$obj.o


    Execution Region NSC_ROM (Exec base: 0x000031a0, Load base: 0x000031a0, Size: 0x00000080, Max: 0xffffffff, ABSOLUTE)

    Exec Addr    Load Addr    Size         Type   Attr      Idx    E Section Name        Object

    0x000031a0   0x000031a0   0x00000080   Code   XO          315    Veneer$$CMSE        anon$$obj.o


    Execution Region STACKSEAL (Exec base: 0x20000000, Load base: 0x00003220, Size: 0x00000008, Max: 0x00000008, ABSOLUTE)

    Exec Addr    Load Addr    Size         Type   Attr      Idx    E Section Name        Object

    0x20000000        -       0x00000008   Zero   RW            1    STACKSEAL.bss       anon$$obj.o


    Execution Region ARM_LIB_STACK (Exec base: 0x20000008, Load base: 0x00003220, Size: 0x00002000, Max: 0x00002000, ABSOLUTE)

    Exec Addr    Load Addr    Size         Type   Attr      Idx    E Section Name        Object

    0x20000008        -       0x00002000   Zero   RW            2    ARM_LIB_STACK.bss   anon$$obj.o


    Execution Region RW_RAM (Exec base: 0x20002008, Load base: 0x00003220, Size: 0x0000006c, Max: 0x0003d3f8, ABSOLUTE)

    Exec Addr    Load Addr    Size         Type   Attr      Idx    E Section Name        Object

    0x20002008   0x00003220   0x00000004   Data   RW           44    .data.CyclesPerUs   system_cm3031.o
    0x2000200c   0x00003224   0x00000004   Data   RW           45    .data.PllClock      system_cm3031.o
    0x20002010   0x00003228   0x00000004   Data   RW           43    .data.SystemCoreClock  system_cm3031.o
    0x20002014        -       0x00000004   Zero   RW           91    .bss.SysTick_Handler.u32Ticks  main.o
    0x20002018        -       0x00000054   Zero   RW          128    .bss.__stdout       retarget.o
    0x2000206c        -       0x00000004   Zero   RW           90    .bss.pfNonSecure_LED_Off  main.o
    0x20002070        -       0x00000004   Zero   RW           89    .bss.pfNonSecure_LED_On  main.o


    Execution Region ARM_LIB_HEAP (Exec base: 0x20002078, Load base: 0x0000322c, Size: 0x00000c00, Max: 0x00000c00, ABSOLUTE)

    Exec Addr    Load Addr    Size         Type   Attr      Idx    E Section Name        Object

    0x20002078        -       0x00000c00   Zero   RW            3    ARM_LIB_HEAP.bss    anon$$obj.o


==============================================================================

Image component sizes


      Code (inc. data)   RO Data    RW Data    ZI Data      Debug   Object Name

      4278          0         32          0          0      14366   clk.o
        74          0          0          0          0       2047   gpio.o
      1662          0        237          0         12      10591   main.o
       116          0          0          0         84       8690   retarget.o
        58          0        644          0          0       1483   startup_cm3031.o
      1498          0        306         12          0      13234   system_cm3031.o

    ----------------------------------------------------------------------
      7852          0       1254         12      11368      50411   Object Totals
       128          0         32          0      11272          0   (incl. Generated)
        38          0          3          0          0          0   (incl. Padding)

    ----------------------------------------------------------------------

      Code (inc. data)   RO Data    RW Data    ZI Data      Debug   Library Member Name

         0          0          0          0          0          0   entry.o
         0          0          0          0          0          0   entry10a.o
         0          0          0          0          0          0   entry11a.o
         8          4          0          0          0          0   entry4.o
         4          0          0          0          0          0   entry5.o
         0          0          0          0          0          0   entry7b.o
         0          0          0          0          0          0   entry8b.o
         8          4          0          0          0          0   entry9a.o
        30          0          0          0          0          0   handlers.o
        48         10          0          0          0         68   init.o
         0          0          0          0          0          0   iusefp.o
        30          0          0          0          0         68   llshl.o
        36          0          0          0          0         68   llsshr.o
        32          0          0          0          0         68   llushr.o
        36          0          0          0          0         68   memcpya.o
      2258         90          0          0          0        452   printfa.o
        44          0          0          0          0         80   uidiv.o
        98          0          0          0          0         92   uldiv.o
        48          0          0          0          0         68   cdrcmple.o
       334          0          0          0          0        148   dadd.o
       222          0          0          0          0        100   ddiv.o
       186          0          0          0          0        176   depilogue.o
        48          0          0          0          0         68   dfixul.o
       228          0          0          0          0         96   dmul.o

    ----------------------------------------------------------------------
      3702        108          0          0          0       1620   Library Totals
         4          0          0          0          0          0   (incl. Padding)

    ----------------------------------------------------------------------

      Code (inc. data)   RO Data    RW Data    ZI Data      Debug   Library Name

      2632        108          0          0          0        964   mc_w.l
      1066          0          0          0          0        656   mf_w.l

    ----------------------------------------------------------------------
      3702        108          0          0          0       1620   Library Totals

    ----------------------------------------------------------------------

==============================================================================


      Code (inc. data)   RO Data    RW Data    ZI Data      Debug   

     11554        108       1254         12      11368      51303   Grand Totals
     11554        108       1254         12      11368      51303   ELF Image Totals
     11554        108       1254         12          0          0   ROM Totals

==============================================================================

    Total RO  Size (Code + RO Data)                12808 (  12.51kB)
    Total RW  Size (RW Data + ZI Data)             11380 (  11.11kB)
    Total ROM Size (Code + RO Data + RW Data)      12820 (  12.52kB)

==============================================================================

