<!doctype html public "-//w3c//dtd html 4.0 transitional//en">
<html><head>
<title>Static Call Graph - [.\Objects\Secure.axf]</title></head>
<body><HR>
<H1>Static Call Graph for image .\Objects\Secure.axf</H1><HR>
<BR><P>#&#060CALLGRAPH&#062# ARM Linker, 6240002: Last Updated: Wed Apr  1 11:39:01 2026
<BR><P>
<H3>Maximum Stack Usage =        192 bytes + Unknown(Functions without stacksize, Untraceable Function Pointers)</H3><H3>
Call chain for Maximum Stack Depth:</H3>
SCU_IRQHandler &rArr; printf
<P>
<H3>
Functions with no stack information
</H3><UL>
 <LI><a href="#[7c]">Secure_func</a>
 <LI><a href="#[7d]">Secure_LED_On</a>
 <LI><a href="#[7e]">Secure_LED_Off</a>
 <LI><a href="#[7f]">Secure_LED_On_callback</a>
 <LI><a href="#[80]">Secure_LED_Off_callback</a>
 <LI><a href="#[81]">CLK_GetHXTFreq</a>
 <LI><a href="#[82]">CLK_GetLXTFreq</a>
 <LI><a href="#[83]">CLK_GetPCLK0Freq</a>
 <LI><a href="#[84]">CLK_GetPCLK1Freq</a>
 <LI><a href="#[85]">CLK_GetHCLKFreq</a>
 <LI><a href="#[86]">CLK_GetCPUFreq</a>
 <LI><a href="#[87]">CLK_GetPLLClockFreq</a>
 <LI><a href="#[88]">CLK_GetModuleClockSource</a>
 <LI><a href="#[89]">CLK_GetModuleClockDivider</a>
</UL>
</UL>
<P>
<H3>
Function Pointers
</H3><UL>
 <LI><a href="#[36]">ACMP01_IRQHandler</a> from startup_cm3031.o(.text.Default_Handler) referenced from startup_cm3031.o(RESET)
 <LI><a href="#[b]">BOD_IRQHandler</a> from startup_cm3031.o(.text.Default_Handler) referenced from startup_cm3031.o(RESET)
 <LI><a href="#[4b]">BPWM0_IRQHandler</a> from startup_cm3031.o(.text.Default_Handler) referenced from startup_cm3031.o(RESET)
 <LI><a href="#[4c]">BPWM1_IRQHandler</a> from startup_cm3031.o(.text.Default_Handler) referenced from startup_cm3031.o(RESET)
 <LI><a href="#[68]">BPWM2_IRQHandler</a> from startup_cm3031.o(.text.Default_Handler) referenced from startup_cm3031.o(RESET)
 <LI><a href="#[69]">BPWM3_IRQHandler</a> from startup_cm3031.o(.text.Default_Handler) referenced from startup_cm3031.o(RESET)
 <LI><a href="#[6a]">BPWM4_IRQHandler</a> from startup_cm3031.o(.text.Default_Handler) referenced from startup_cm3031.o(RESET)
 <LI><a href="#[6b]">BPWM5_IRQHandler</a> from startup_cm3031.o(.text.Default_Handler) referenced from startup_cm3031.o(RESET)
 <LI><a href="#[23]">BRAKE0_IRQHandler</a> from startup_cm3031.o(.text.Default_Handler) referenced from startup_cm3031.o(RESET)
 <LI><a href="#[27]">BRAKE1_IRQHandler</a> from startup_cm3031.o(.text.Default_Handler) referenced from startup_cm3031.o(RESET)
 <LI><a href="#[4]">BusFault_Handler</a> from startup_cm3031.o(.text.Default_Handler) referenced from startup_cm3031.o(RESET)
 <LI><a href="#[58]">CANFD00_IRQHandler</a> from startup_cm3031.o(.text.Default_Handler) referenced from startup_cm3031.o(RESET)
 <LI><a href="#[59]">CANFD01_IRQHandler</a> from startup_cm3031.o(.text.Default_Handler) referenced from startup_cm3031.o(RESET)
 <LI><a href="#[5a]">CANFD10_IRQHandler</a> from startup_cm3031.o(.text.Default_Handler) referenced from startup_cm3031.o(RESET)
 <LI><a href="#[5b]">CANFD11_IRQHandler</a> from startup_cm3031.o(.text.Default_Handler) referenced from startup_cm3031.o(RESET)
 <LI><a href="#[f]">CKFAIL_IRQHandler</a> from startup_cm3031.o(.text.Default_Handler) referenced from startup_cm3031.o(RESET)
 <LI><a href="#[3f]">CRC_IRQHandler</a> from startup_cm3031.o(.text.Default_Handler) referenced from startup_cm3031.o(RESET)
 <LI><a href="#[8]">DebugMon_Handler</a> from startup_cm3031.o(.text.Default_Handler) referenced from startup_cm3031.o(RESET)
 <LI><a href="#[12]">Default_Handler</a> from startup_cm3031.o(.text.Default_Handler) referenced 47 times from startup_cm3031.o(RESET)
 <LI><a href="#[34]">EADC00_IRQHandler</a> from startup_cm3031.o(.text.Default_Handler) referenced from startup_cm3031.o(RESET)
 <LI><a href="#[35]">EADC01_IRQHandler</a> from startup_cm3031.o(.text.Default_Handler) referenced from startup_cm3031.o(RESET)
 <LI><a href="#[37]">EADC02_IRQHandler</a> from startup_cm3031.o(.text.Default_Handler) referenced from startup_cm3031.o(RESET)
 <LI><a href="#[38]">EADC03_IRQHandler</a> from startup_cm3031.o(.text.Default_Handler) referenced from startup_cm3031.o(RESET)
 <LI><a href="#[4f]">ECAP0_IRQHandler</a> from startup_cm3031.o(.text.Default_Handler) referenced from startup_cm3031.o(RESET)
 <LI><a href="#[53]">EHCI_IRQHandler</a> from startup_cm3031.o(.text.Default_Handler) referenced from startup_cm3031.o(RESET)
 <LI><a href="#[15]">EINT0_IRQHandler</a> from startup_cm3031.o(.text.Default_Handler) referenced from startup_cm3031.o(RESET)
 <LI><a href="#[16]">EINT1_IRQHandler</a> from startup_cm3031.o(.text.Default_Handler) referenced from startup_cm3031.o(RESET)
 <LI><a href="#[17]">EINT2_IRQHandler</a> from startup_cm3031.o(.text.Default_Handler) referenced from startup_cm3031.o(RESET)
 <LI><a href="#[18]">EINT3_IRQHandler</a> from startup_cm3031.o(.text.Default_Handler) referenced from startup_cm3031.o(RESET)
 <LI><a href="#[19]">EINT4_IRQHandler</a> from startup_cm3031.o(.text.Default_Handler) referenced from startup_cm3031.o(RESET)
 <LI><a href="#[1a]">EINT5_IRQHandler</a> from startup_cm3031.o(.text.Default_Handler) referenced from startup_cm3031.o(RESET)
 <LI><a href="#[47]">EINT6_IRQHandler</a> from startup_cm3031.o(.text.Default_Handler) referenced from startup_cm3031.o(RESET)
 <LI><a href="#[51]">EINT7_IRQHandler</a> from startup_cm3031.o(.text.Default_Handler) referenced from startup_cm3031.o(RESET)
 <LI><a href="#[67]">ELLSI0_IRQHandler</a> from startup_cm3031.o(.text.Default_Handler) referenced from startup_cm3031.o(RESET)
 <LI><a href="#[24]">EPWM0P0_IRQHandler</a> from startup_cm3031.o(.text.Default_Handler) referenced from startup_cm3031.o(RESET)
 <LI><a href="#[25]">EPWM0P1_IRQHandler</a> from startup_cm3031.o(.text.Default_Handler) referenced from startup_cm3031.o(RESET)
 <LI><a href="#[26]">EPWM0P2_IRQHandler</a> from startup_cm3031.o(.text.Default_Handler) referenced from startup_cm3031.o(RESET)
 <LI><a href="#[28]">EPWM1P0_IRQHandler</a> from startup_cm3031.o(.text.Default_Handler) referenced from startup_cm3031.o(RESET)
 <LI><a href="#[29]">EPWM1P1_IRQHandler</a> from startup_cm3031.o(.text.Default_Handler) referenced from startup_cm3031.o(RESET)
 <LI><a href="#[2a]">EPWM1P2_IRQHandler</a> from startup_cm3031.o(.text.Default_Handler) referenced from startup_cm3031.o(RESET)
 <LI><a href="#[4e]">EQEI0_IRQHandler</a> from startup_cm3031.o(.text.Default_Handler) referenced from startup_cm3031.o(RESET)
 <LI><a href="#[3e]">ETI_IRQHandler</a> from startup_cm3031.o(.text.Default_Handler) referenced from startup_cm3031.o(RESET)
 <LI><a href="#[1b]">GPA_IRQHandler</a> from startup_cm3031.o(.text.Default_Handler) referenced from startup_cm3031.o(RESET)
 <LI><a href="#[1c]">GPB_IRQHandler</a> from startup_cm3031.o(.text.Default_Handler) referenced from startup_cm3031.o(RESET)
 <LI><a href="#[1d]">GPC_IRQHandler</a> from startup_cm3031.o(.text.Default_Handler) referenced from startup_cm3031.o(RESET)
 <LI><a href="#[1e]">GPD_IRQHandler</a> from startup_cm3031.o(.text.Default_Handler) referenced from startup_cm3031.o(RESET)
 <LI><a href="#[1f]">GPE_IRQHandler</a> from startup_cm3031.o(.text.Default_Handler) referenced from startup_cm3031.o(RESET)
 <LI><a href="#[20]">GPF_IRQHandler</a> from startup_cm3031.o(.text.Default_Handler) referenced from startup_cm3031.o(RESET)
 <LI><a href="#[46]">GPG_IRQHandler</a> from startup_cm3031.o(.text.Default_Handler) referenced from startup_cm3031.o(RESET)
 <LI><a href="#[50]">GPH_IRQHandler</a> from startup_cm3031.o(.text.Default_Handler) referenced from startup_cm3031.o(RESET)
 <LI><a href="#[2]">HardFault_Handler</a> from startup_cm3031.o(.text.HardFault_Handler) referenced from startup_cm3031.o(RESET)
 <LI><a href="#[31]">I2C0_IRQHandler</a> from startup_cm3031.o(.text.Default_Handler) referenced from startup_cm3031.o(RESET)
 <LI><a href="#[32]">I2C1_IRQHandler</a> from startup_cm3031.o(.text.Default_Handler) referenced from startup_cm3031.o(RESET)
 <LI><a href="#[4d]">I2C2_IRQHandler</a> from startup_cm3031.o(.text.Default_Handler) referenced from startup_cm3031.o(RESET)
 <LI><a href="#[45]">I2S0_IRQHandler</a> from startup_cm3031.o(.text.Default_Handler) referenced from startup_cm3031.o(RESET)
 <LI><a href="#[57]">I3C0_IRQHandler</a> from startup_cm3031.o(.text.Default_Handler) referenced from startup_cm3031.o(RESET)
 <LI><a href="#[c]">IRC_IRQHandler</a> from startup_cm3031.o(.text.Default_Handler) referenced from startup_cm3031.o(RESET)
 <LI><a href="#[10]">ISP_IRQHandler</a> from startup_cm3031.o(.text.Default_Handler) referenced from startup_cm3031.o(RESET)
 <LI><a href="#[5d]">LLSI0_IRQHandler</a> from startup_cm3031.o(.text.Default_Handler) referenced from startup_cm3031.o(RESET)
 <LI><a href="#[5e]">LLSI1_IRQHandler</a> from startup_cm3031.o(.text.Default_Handler) referenced from startup_cm3031.o(RESET)
 <LI><a href="#[5f]">LLSI2_IRQHandler</a> from startup_cm3031.o(.text.Default_Handler) referenced from startup_cm3031.o(RESET)
 <LI><a href="#[60]">LLSI3_IRQHandler</a> from startup_cm3031.o(.text.Default_Handler) referenced from startup_cm3031.o(RESET)
 <LI><a href="#[61]">LLSI4_IRQHandler</a> from startup_cm3031.o(.text.Default_Handler) referenced from startup_cm3031.o(RESET)
 <LI><a href="#[62]">LLSI5_IRQHandler</a> from startup_cm3031.o(.text.Default_Handler) referenced from startup_cm3031.o(RESET)
 <LI><a href="#[63]">LLSI6_IRQHandler</a> from startup_cm3031.o(.text.Default_Handler) referenced from startup_cm3031.o(RESET)
 <LI><a href="#[64]">LLSI7_IRQHandler</a> from startup_cm3031.o(.text.Default_Handler) referenced from startup_cm3031.o(RESET)
 <LI><a href="#[65]">LLSI8_IRQHandler</a> from startup_cm3031.o(.text.Default_Handler) referenced from startup_cm3031.o(RESET)
 <LI><a href="#[66]">LLSI9_IRQHandler</a> from startup_cm3031.o(.text.Default_Handler) referenced from startup_cm3031.o(RESET)
 <LI><a href="#[3]">MemManage_Handler</a> from startup_cm3031.o(.text.Default_Handler) referenced from startup_cm3031.o(RESET)
 <LI><a href="#[1]">NMI_Handler</a> from startup_cm3031.o(.text.Default_Handler) referenced from startup_cm3031.o(RESET)
 <LI><a href="#[40]">NS_ISP_IRQHandler</a> from startup_cm3031.o(.text.Default_Handler) referenced from startup_cm3031.o(RESET)
 <LI><a href="#[55]">NS_RAMPE_IRQHandler</a> from startup_cm3031.o(.text.Default_Handler) referenced from startup_cm3031.o(RESET)
 <LI><a href="#[3d]">OHCI_IRQHandler</a> from startup_cm3031.o(.text.Default_Handler) referenced from startup_cm3031.o(RESET)
 <LI><a href="#[5c]">PDCI_IRQHandler</a> from startup_cm3031.o(.text.Default_Handler) referenced from startup_cm3031.o(RESET)
 <LI><a href="#[33]">PDMA0_IRQHandler</a> from startup_cm3031.o(.text.Default_Handler) referenced from startup_cm3031.o(RESET)
 <LI><a href="#[56]">PDMA1_IRQHandler</a> from startup_cm3031.o(.text.Default_Handler) referenced from startup_cm3031.o(RESET)
 <LI><a href="#[d]">PWRWU_IRQHandler</a> from startup_cm3031.o(.text.Default_Handler) referenced from startup_cm3031.o(RESET)
 <LI><a href="#[9]">PendSV_Handler</a> from startup_cm3031.o(.text.Default_Handler) referenced from startup_cm3031.o(RESET)
 <LI><a href="#[21]">QSPI0_IRQHandler</a> from startup_cm3031.o(.text.Default_Handler) referenced from startup_cm3031.o(RESET)
 <LI><a href="#[e]">RAMPE_IRQHandler</a> from startup_cm3031.o(.text.Default_Handler) referenced from startup_cm3031.o(RESET)
 <LI><a href="#[11]">RTC_IRQHandler</a> from startup_cm3031.o(.text.Default_Handler) referenced from startup_cm3031.o(RESET)
 <LI><a href="#[0]">Reset_Handler</a> from startup_cm3031.o(.text.Reset_Handler) referenced from startup_cm3031.o(RESET)
 <LI><a href="#[41]">SCU_IRQHandler</a> from system_cm3031.o(.text.SCU_IRQHandler) referenced from startup_cm3031.o(RESET)
 <LI><a href="#[42]">SDH0_IRQHandler</a> from startup_cm3031.o(.text.Default_Handler) referenced from startup_cm3031.o(RESET)
 <LI><a href="#[22]">SPI0_IRQHandler</a> from startup_cm3031.o(.text.Default_Handler) referenced from startup_cm3031.o(RESET)
 <LI><a href="#[3b]">SPI1_IRQHandler</a> from startup_cm3031.o(.text.Default_Handler) referenced from startup_cm3031.o(RESET)
 <LI><a href="#[3c]">SPI2_IRQHandler</a> from startup_cm3031.o(.text.Default_Handler) referenced from startup_cm3031.o(RESET)
 <LI><a href="#[7]">SVC_Handler</a> from startup_cm3031.o(.text.Default_Handler) referenced from startup_cm3031.o(RESET)
 <LI><a href="#[6]">SecureFault_Handler</a> from startup_cm3031.o(.text.Default_Handler) referenced from startup_cm3031.o(RESET)
 <LI><a href="#[a]">SysTick_Handler</a> from main.o(.text.SysTick_Handler) referenced from startup_cm3031.o(RESET)
 <LI><a href="#[2b]">TMR0_IRQHandler</a> from startup_cm3031.o(.text.Default_Handler) referenced from startup_cm3031.o(RESET)
 <LI><a href="#[2c]">TMR1_IRQHandler</a> from startup_cm3031.o(.text.Default_Handler) referenced from startup_cm3031.o(RESET)
 <LI><a href="#[2d]">TMR2_IRQHandler</a> from startup_cm3031.o(.text.Default_Handler) referenced from startup_cm3031.o(RESET)
 <LI><a href="#[2e]">TMR3_IRQHandler</a> from startup_cm3031.o(.text.Default_Handler) referenced from startup_cm3031.o(RESET)
 <LI><a href="#[2f]">UART0_IRQHandler</a> from startup_cm3031.o(.text.Default_Handler) referenced from startup_cm3031.o(RESET)
 <LI><a href="#[30]">UART1_IRQHandler</a> from startup_cm3031.o(.text.Default_Handler) referenced from startup_cm3031.o(RESET)
 <LI><a href="#[39]">UART2_IRQHandler</a> from startup_cm3031.o(.text.Default_Handler) referenced from startup_cm3031.o(RESET)
 <LI><a href="#[3a]">UART3_IRQHandler</a> from startup_cm3031.o(.text.Default_Handler) referenced from startup_cm3031.o(RESET)
 <LI><a href="#[48]">UART4_IRQHandler</a> from startup_cm3031.o(.text.Default_Handler) referenced from startup_cm3031.o(RESET)
 <LI><a href="#[43]">USBD20_IRQHandler</a> from startup_cm3031.o(.text.Default_Handler) referenced from startup_cm3031.o(RESET)
 <LI><a href="#[54]">USBOTG20_IRQHandler</a> from startup_cm3031.o(.text.Default_Handler) referenced from startup_cm3031.o(RESET)
 <LI><a href="#[49]">USCI0_IRQHandler</a> from startup_cm3031.o(.text.Default_Handler) referenced from startup_cm3031.o(RESET)
 <LI><a href="#[4a]">USCI1_IRQHandler</a> from startup_cm3031.o(.text.Default_Handler) referenced from startup_cm3031.o(RESET)
 <LI><a href="#[5]">UsageFault_Handler</a> from startup_cm3031.o(.text.Default_Handler) referenced from startup_cm3031.o(RESET)
 <LI><a href="#[13]">WDT0_IRQHandler</a> from startup_cm3031.o(.text.Default_Handler) referenced from startup_cm3031.o(RESET)
 <LI><a href="#[44]">WDT1_IRQHandler</a> from startup_cm3031.o(.text.Default_Handler) referenced from startup_cm3031.o(RESET)
 <LI><a href="#[14]">WWDT0_IRQHandler</a> from startup_cm3031.o(.text.Default_Handler) referenced from startup_cm3031.o(RESET)
 <LI><a href="#[52]">WWDT1_IRQHandler</a> from startup_cm3031.o(.text.Default_Handler) referenced from startup_cm3031.o(RESET)
 <LI><a href="#[6d]">fputc</a> from retarget.o(.text.fputc) referenced from printfa.o(i.__0printf)
 <LI><a href="#[6c]">main</a> from main.o(.text.main) referenced from entry9a.o(.ARM.Collect$$$$0000000B)
</UL>
<P>
<H3>
Global Symbols
</H3>
<P><STRONG><a name="[8a]"></a>__main</STRONG> (Thumb, 0 bytes, Stack size unknown bytes, entry.o(.ARM.Collect$$$$00000000))
<BR><BR>[Called By]<UL><LI><a href="#[0]">&gt;&gt;</a>&nbsp;&nbsp;&nbsp;Reset_Handler
</UL>

<P><STRONG><a name="[c0]"></a>_main_stk</STRONG> (Thumb, 0 bytes, Stack size unknown bytes, entry4.o(.ARM.Collect$$$$00000003))

<P><STRONG><a name="[8b]"></a>_main_scatterload</STRONG> (Thumb, 0 bytes, Stack size unknown bytes, entry5.o(.ARM.Collect$$$$00000004))
<BR><BR>[Calls]<UL><LI><a href="#[8c]">&gt;&gt;</a>&nbsp;&nbsp;&nbsp;__scatterload
</UL>

<P><STRONG><a name="[99]"></a>__main_after_scatterload</STRONG> (Thumb, 0 bytes, Stack size unknown bytes, entry5.o(.ARM.Collect$$$$00000004))
<BR><BR>[Called By]<UL><LI><a href="#[8c]">&gt;&gt;</a>&nbsp;&nbsp;&nbsp;__scatterload
</UL>

<P><STRONG><a name="[c1]"></a>_main_clock</STRONG> (Thumb, 0 bytes, Stack size unknown bytes, entry7b.o(.ARM.Collect$$$$00000008))

<P><STRONG><a name="[c2]"></a>_main_cpp_init</STRONG> (Thumb, 0 bytes, Stack size unknown bytes, entry8b.o(.ARM.Collect$$$$0000000A))

<P><STRONG><a name="[c3]"></a>_main_init</STRONG> (Thumb, 0 bytes, Stack size unknown bytes, entry9a.o(.ARM.Collect$$$$0000000B))

<P><STRONG><a name="[c4]"></a>__rt_final_cpp</STRONG> (Thumb, 0 bytes, Stack size unknown bytes, entry10a.o(.ARM.Collect$$$$0000000D))

<P><STRONG><a name="[c5]"></a>__rt_final_exit</STRONG> (Thumb, 0 bytes, Stack size unknown bytes, entry11a.o(.ARM.Collect$$$$0000000F))

<P><STRONG><a name="[a9]"></a>__aeabi_memcpy</STRONG> (Thumb, 36 bytes, Stack size 0 bytes, memcpya.o(.text))
<BR><BR>[Called By]<UL><LI><a href="#[41]">&gt;&gt;</a>&nbsp;&nbsp;&nbsp;SCU_IRQHandler
</UL>

<P><STRONG><a name="[a8]"></a>__aeabi_memcpy4</STRONG> (Thumb, 0 bytes, Stack size 0 bytes, memcpya.o(.text))
<BR><BR>[Called By]<UL><LI><a href="#[41]">&gt;&gt;</a>&nbsp;&nbsp;&nbsp;SCU_IRQHandler
</UL>

<P><STRONG><a name="[c6]"></a>__aeabi_memcpy8</STRONG> (Thumb, 0 bytes, Stack size 0 bytes, memcpya.o(.text), UNUSED)

<P><STRONG><a name="[c7]"></a>__aeabi_uidiv</STRONG> (Thumb, 0 bytes, Stack size 12 bytes, uidiv.o(.text), UNUSED)

<P><STRONG><a name="[bf]"></a>__aeabi_uidivmod</STRONG> (Thumb, 44 bytes, Stack size 12 bytes, uidiv.o(.text), UNUSED)
<BR><BR>[Called By]<UL><LI><a href="#[ba]">&gt;&gt;</a>&nbsp;&nbsp;&nbsp;_printf_core
</UL>

<P><STRONG><a name="[8d]"></a>__aeabi_uldivmod</STRONG> (Thumb, 98 bytes, Stack size 40 bytes, uldiv.o(.text), UNUSED)
<BR><BR>[Calls]<UL><LI><a href="#[8e]">&gt;&gt;</a>&nbsp;&nbsp;&nbsp;__aeabi_llsr
<LI><a href="#[8f]">&gt;&gt;</a>&nbsp;&nbsp;&nbsp;__aeabi_llsl
</UL>
<BR>[Called By]<UL><LI><a href="#[ba]">&gt;&gt;</a>&nbsp;&nbsp;&nbsp;_printf_core
<LI><a href="#[bb]">&gt;&gt;</a>&nbsp;&nbsp;&nbsp;_fp_digits
</UL>

<P><STRONG><a name="[c8]"></a>__I$use$fp</STRONG> (Thumb, 0 bytes, Stack size 48 bytes, iusefp.o(.text), UNUSED)

<P><STRONG><a name="[90]"></a>__aeabi_dadd</STRONG> (Thumb, 322 bytes, Stack size 48 bytes, dadd.o(.text), UNUSED)
<BR><BR>[Calls]<UL><LI><a href="#[91]">&gt;&gt;</a>&nbsp;&nbsp;&nbsp;__aeabi_lasr
<LI><a href="#[8f]">&gt;&gt;</a>&nbsp;&nbsp;&nbsp;__aeabi_llsl
<LI><a href="#[93]">&gt;&gt;</a>&nbsp;&nbsp;&nbsp;_double_round
<LI><a href="#[92]">&gt;&gt;</a>&nbsp;&nbsp;&nbsp;_double_epilogue
</UL>
<BR>[Called By]<UL><LI><a href="#[95]">&gt;&gt;</a>&nbsp;&nbsp;&nbsp;__aeabi_drsub
<LI><a href="#[94]">&gt;&gt;</a>&nbsp;&nbsp;&nbsp;__aeabi_dsub
<LI><a href="#[bb]">&gt;&gt;</a>&nbsp;&nbsp;&nbsp;_fp_digits
</UL>

<P><STRONG><a name="[94]"></a>__aeabi_dsub</STRONG> (Thumb, 6 bytes, Stack size 0 bytes, dadd.o(.text), UNUSED)
<BR><BR>[Calls]<UL><LI><a href="#[90]">&gt;&gt;</a>&nbsp;&nbsp;&nbsp;__aeabi_dadd
</UL>

<P><STRONG><a name="[95]"></a>__aeabi_drsub</STRONG> (Thumb, 6 bytes, Stack size 0 bytes, dadd.o(.text), UNUSED)
<BR><BR>[Calls]<UL><LI><a href="#[90]">&gt;&gt;</a>&nbsp;&nbsp;&nbsp;__aeabi_dadd
</UL>

<P><STRONG><a name="[96]"></a>__aeabi_dmul</STRONG> (Thumb, 228 bytes, Stack size 48 bytes, dmul.o(.text), UNUSED)
<BR><BR>[Calls]<UL><LI><a href="#[92]">&gt;&gt;</a>&nbsp;&nbsp;&nbsp;_double_epilogue
</UL>
<BR>[Called By]<UL><LI><a href="#[bb]">&gt;&gt;</a>&nbsp;&nbsp;&nbsp;_fp_digits
</UL>

<P><STRONG><a name="[97]"></a>__aeabi_ddiv</STRONG> (Thumb, 222 bytes, Stack size 32 bytes, ddiv.o(.text), UNUSED)
<BR><BR>[Calls]<UL><LI><a href="#[93]">&gt;&gt;</a>&nbsp;&nbsp;&nbsp;_double_round
</UL>
<BR>[Called By]<UL><LI><a href="#[bb]">&gt;&gt;</a>&nbsp;&nbsp;&nbsp;_fp_digits
</UL>

<P><STRONG><a name="[98]"></a>__aeabi_d2ulz</STRONG> (Thumb, 48 bytes, Stack size 0 bytes, dfixul.o(.text), UNUSED)
<BR><BR>[Calls]<UL><LI><a href="#[8e]">&gt;&gt;</a>&nbsp;&nbsp;&nbsp;__aeabi_llsr
<LI><a href="#[8f]">&gt;&gt;</a>&nbsp;&nbsp;&nbsp;__aeabi_llsl
</UL>
<BR>[Called By]<UL><LI><a href="#[bb]">&gt;&gt;</a>&nbsp;&nbsp;&nbsp;_fp_digits
</UL>

<P><STRONG><a name="[bc]"></a>__aeabi_cdrcmple</STRONG> (Thumb, 48 bytes, Stack size 0 bytes, cdrcmple.o(.text), UNUSED)
<BR><BR>[Called By]<UL><LI><a href="#[bb]">&gt;&gt;</a>&nbsp;&nbsp;&nbsp;_fp_digits
</UL>

<P><STRONG><a name="[8c]"></a>__scatterload</STRONG> (Thumb, 38 bytes, Stack size 0 bytes, init.o(.text))
<BR><BR>[Calls]<UL><LI><a href="#[99]">&gt;&gt;</a>&nbsp;&nbsp;&nbsp;__main_after_scatterload
</UL>
<BR>[Called By]<UL><LI><a href="#[8b]">&gt;&gt;</a>&nbsp;&nbsp;&nbsp;_main_scatterload
</UL>

<P><STRONG><a name="[c9]"></a>__scatterload_rt2</STRONG> (Thumb, 0 bytes, Stack size 0 bytes, init.o(.text), UNUSED)

<P><STRONG><a name="[8f]"></a>__aeabi_llsl</STRONG> (Thumb, 30 bytes, Stack size 0 bytes, llshl.o(.text), UNUSED)
<BR><BR>[Called By]<UL><LI><a href="#[92]">&gt;&gt;</a>&nbsp;&nbsp;&nbsp;_double_epilogue
<LI><a href="#[8d]">&gt;&gt;</a>&nbsp;&nbsp;&nbsp;__aeabi_uldivmod
<LI><a href="#[90]">&gt;&gt;</a>&nbsp;&nbsp;&nbsp;__aeabi_dadd
<LI><a href="#[98]">&gt;&gt;</a>&nbsp;&nbsp;&nbsp;__aeabi_d2ulz
</UL>

<P><STRONG><a name="[ca]"></a>_ll_shift_l</STRONG> (Thumb, 0 bytes, Stack size 0 bytes, llshl.o(.text), UNUSED)

<P><STRONG><a name="[8e]"></a>__aeabi_llsr</STRONG> (Thumb, 32 bytes, Stack size 0 bytes, llushr.o(.text), UNUSED)
<BR><BR>[Called By]<UL><LI><a href="#[92]">&gt;&gt;</a>&nbsp;&nbsp;&nbsp;_double_epilogue
<LI><a href="#[8d]">&gt;&gt;</a>&nbsp;&nbsp;&nbsp;__aeabi_uldivmod
<LI><a href="#[98]">&gt;&gt;</a>&nbsp;&nbsp;&nbsp;__aeabi_d2ulz
</UL>

<P><STRONG><a name="[cb]"></a>_ll_ushift_r</STRONG> (Thumb, 0 bytes, Stack size 0 bytes, llushr.o(.text), UNUSED)

<P><STRONG><a name="[91]"></a>__aeabi_lasr</STRONG> (Thumb, 36 bytes, Stack size 0 bytes, llsshr.o(.text), UNUSED)
<BR><BR>[Called By]<UL><LI><a href="#[90]">&gt;&gt;</a>&nbsp;&nbsp;&nbsp;__aeabi_dadd
</UL>

<P><STRONG><a name="[cc]"></a>_ll_sshift_r</STRONG> (Thumb, 0 bytes, Stack size 0 bytes, llsshr.o(.text), UNUSED)

<P><STRONG><a name="[93]"></a>_double_round</STRONG> (Thumb, 30 bytes, Stack size 8 bytes, depilogue.o(.text), UNUSED)
<BR><BR>[Called By]<UL><LI><a href="#[92]">&gt;&gt;</a>&nbsp;&nbsp;&nbsp;_double_epilogue
<LI><a href="#[97]">&gt;&gt;</a>&nbsp;&nbsp;&nbsp;__aeabi_ddiv
<LI><a href="#[90]">&gt;&gt;</a>&nbsp;&nbsp;&nbsp;__aeabi_dadd
</UL>

<P><STRONG><a name="[92]"></a>_double_epilogue</STRONG> (Thumb, 156 bytes, Stack size 32 bytes, depilogue.o(.text), UNUSED)
<BR><BR>[Calls]<UL><LI><a href="#[8e]">&gt;&gt;</a>&nbsp;&nbsp;&nbsp;__aeabi_llsr
<LI><a href="#[8f]">&gt;&gt;</a>&nbsp;&nbsp;&nbsp;__aeabi_llsl
<LI><a href="#[93]">&gt;&gt;</a>&nbsp;&nbsp;&nbsp;_double_round
</UL>
<BR>[Called By]<UL><LI><a href="#[96]">&gt;&gt;</a>&nbsp;&nbsp;&nbsp;__aeabi_dmul
<LI><a href="#[90]">&gt;&gt;</a>&nbsp;&nbsp;&nbsp;__aeabi_dadd
</UL>

<P><STRONG><a name="[9a]"></a>Boot_Init</STRONG> (Thumb, 302 bytes, Stack size 32 bytes, main.o(.text.Boot_Init))
<BR><BR>[Stack]<UL><LI>Max Depth = 56<LI>Call Chain = Boot_Init &rArr; printf
</UL>
<BR>[Calls]<UL><LI><a href="#[9b]">&gt;&gt;</a>&nbsp;&nbsp;&nbsp;printf
</UL>
<BR>[Called By]<UL><LI><a href="#[6c]">&gt;&gt;</a>&nbsp;&nbsp;&nbsp;main
</UL>

<P><STRONG><a name="[ad]"></a>CLK_EnableModuleClock</STRONG> (Thumb, 72 bytes, Stack size 28 bytes, clk.o(.text.CLK_EnableModuleClock))
<BR><BR>[Stack]<UL><LI>Max Depth = 28<LI>Call Chain = CLK_EnableModuleClock
</UL>
<BR>[Called By]<UL><LI><a href="#[ac]">&gt;&gt;</a>&nbsp;&nbsp;&nbsp;SYS_Init
</UL>

<P><STRONG><a name="[9c]"></a>CLK_EnablePLL</STRONG> (Thumb, 832 bytes, Stack size 80 bytes, clk.o(.text.CLK_EnablePLL))
<BR><BR>[Stack]<UL><LI>Max Depth = 92<LI>Call Chain = CLK_EnablePLL &rArr; CLK_WaitClockReady
</UL>
<BR>[Calls]<UL><LI><a href="#[9d]">&gt;&gt;</a>&nbsp;&nbsp;&nbsp;CLK_WaitClockReady
</UL>
<BR>[Called By]<UL><LI><a href="#[9f]">&gt;&gt;</a>&nbsp;&nbsp;&nbsp;CLK_SetCoreClock
</UL>

<P><STRONG><a name="[6f]"></a>__acle_se_CLK_GetCPUFreq</STRONG> (Thumb, 0 bytes, Stack size 80 bytes, clk.o(.text.CLK_GetCPUFreq))
<BR><BR>[Stack]<UL><LI>Max Depth = 80<LI>Call Chain = __acle_se_CLK_GetCPUFreq
</UL>
<BR>[Called By]<UL><LI><a href="#[86]">&gt;&gt;</a>&nbsp;&nbsp;&nbsp;CLK_GetCPUFreq
</UL>

<P><STRONG><a name="[6e]"></a>__acle_se_CLK_GetHCLKFreq</STRONG> (Thumb, 0 bytes, Stack size 8 bytes, clk.o(.text.CLK_GetHCLKFreq), UNUSED, KEPT)
<BR><BR>[Stack]<UL><LI>Max Depth = 96 + Unknown Stack Size
<LI>Call Chain = __acle_se_CLK_GetHCLKFreq &rArr; SystemCoreClockUpdate &rArr; CLK_GetCPUFreq &rArr; __acle_se_CLK_GetCPUFreq
</UL>
<BR>[Calls]<UL><LI><a href="#[9e]">&gt;&gt;</a>&nbsp;&nbsp;&nbsp;SystemCoreClockUpdate
</UL>
<BR>[Called By]<UL><LI><a href="#[85]">&gt;&gt;</a>&nbsp;&nbsp;&nbsp;CLK_GetHCLKFreq
</UL>

<P><STRONG><a name="[78]"></a>__acle_se_CLK_GetHXTFreq</STRONG> (Thumb, 0 bytes, Stack size 4 bytes, clk.o(.text.CLK_GetHXTFreq), UNUSED, KEPT)
<BR><BR>[Stack]<UL><LI>Max Depth = 4<LI>Call Chain = __acle_se_CLK_GetHXTFreq
</UL>
<BR>[Called By]<UL><LI><a href="#[81]">&gt;&gt;</a>&nbsp;&nbsp;&nbsp;CLK_GetHXTFreq
</UL>

<P><STRONG><a name="[79]"></a>__acle_se_CLK_GetLXTFreq</STRONG> (Thumb, 0 bytes, Stack size 4 bytes, clk.o(.text.CLK_GetLXTFreq), UNUSED, KEPT)
<BR><BR>[Stack]<UL><LI>Max Depth = 4<LI>Call Chain = __acle_se_CLK_GetLXTFreq
</UL>
<BR>[Called By]<UL><LI><a href="#[82]">&gt;&gt;</a>&nbsp;&nbsp;&nbsp;CLK_GetLXTFreq
</UL>

<P><STRONG><a name="[72]"></a>__acle_se_CLK_GetModuleClockDivider</STRONG> (Thumb, 0 bytes, Stack size 24 bytes, clk.o(.text.CLK_GetModuleClockDivider), UNUSED, KEPT)
<BR><BR>[Stack]<UL><LI>Max Depth = 24<LI>Call Chain = __acle_se_CLK_GetModuleClockDivider
</UL>
<BR>[Called By]<UL><LI><a href="#[89]">&gt;&gt;</a>&nbsp;&nbsp;&nbsp;CLK_GetModuleClockDivider
</UL>

<P><STRONG><a name="[71]"></a>__acle_se_CLK_GetModuleClockSource</STRONG> (Thumb, 0 bytes, Stack size 32 bytes, clk.o(.text.CLK_GetModuleClockSource), UNUSED, KEPT)
<BR><BR>[Stack]<UL><LI>Max Depth = 32<LI>Call Chain = __acle_se_CLK_GetModuleClockSource
</UL>
<BR>[Called By]<UL><LI><a href="#[88]">&gt;&gt;</a>&nbsp;&nbsp;&nbsp;CLK_GetModuleClockSource
</UL>

<P><STRONG><a name="[7a]"></a>__acle_se_CLK_GetPCLK0Freq</STRONG> (Thumb, 0 bytes, Stack size 16 bytes, clk.o(.text.CLK_GetPCLK0Freq), UNUSED, KEPT)
<BR><BR>[Stack]<UL><LI>Max Depth = 104 + Unknown Stack Size
<LI>Call Chain = __acle_se_CLK_GetPCLK0Freq &rArr; SystemCoreClockUpdate &rArr; CLK_GetCPUFreq &rArr; __acle_se_CLK_GetCPUFreq
</UL>
<BR>[Calls]<UL><LI><a href="#[9e]">&gt;&gt;</a>&nbsp;&nbsp;&nbsp;SystemCoreClockUpdate
</UL>
<BR>[Called By]<UL><LI><a href="#[83]">&gt;&gt;</a>&nbsp;&nbsp;&nbsp;CLK_GetPCLK0Freq
</UL>

<P><STRONG><a name="[7b]"></a>__acle_se_CLK_GetPCLK1Freq</STRONG> (Thumb, 0 bytes, Stack size 16 bytes, clk.o(.text.CLK_GetPCLK1Freq), UNUSED, KEPT)
<BR><BR>[Stack]<UL><LI>Max Depth = 104 + Unknown Stack Size
<LI>Call Chain = __acle_se_CLK_GetPCLK1Freq &rArr; SystemCoreClockUpdate &rArr; CLK_GetCPUFreq &rArr; __acle_se_CLK_GetCPUFreq
</UL>
<BR>[Calls]<UL><LI><a href="#[9e]">&gt;&gt;</a>&nbsp;&nbsp;&nbsp;SystemCoreClockUpdate
</UL>
<BR>[Called By]<UL><LI><a href="#[84]">&gt;&gt;</a>&nbsp;&nbsp;&nbsp;CLK_GetPCLK1Freq
</UL>

<P><STRONG><a name="[70]"></a>__acle_se_CLK_GetPLLClockFreq</STRONG> (Thumb, 0 bytes, Stack size 28 bytes, clk.o(.text.CLK_GetPLLClockFreq))
<BR><BR>[Stack]<UL><LI>Max Depth = 28<LI>Call Chain = __acle_se_CLK_GetPLLClockFreq
</UL>
<BR>[Called By]<UL><LI><a href="#[87]">&gt;&gt;</a>&nbsp;&nbsp;&nbsp;CLK_GetPLLClockFreq
</UL>

<P><STRONG><a name="[9f]"></a>CLK_SetCoreClock</STRONG> (Thumb, 258 bytes, Stack size 16 bytes, clk.o(.text.CLK_SetCoreClock))
<BR><BR>[Stack]<UL><LI>Max Depth = 128 + Unknown Stack Size
<LI>Call Chain = CLK_SetCoreClock &rArr; CLK_SetHCLK &rArr; SystemCoreClockUpdate &rArr; CLK_GetCPUFreq &rArr; __acle_se_CLK_GetCPUFreq
</UL>
<BR>[Calls]<UL><LI><a href="#[a0]">&gt;&gt;</a>&nbsp;&nbsp;&nbsp;CLK_SetHCLK
<LI><a href="#[9c]">&gt;&gt;</a>&nbsp;&nbsp;&nbsp;CLK_EnablePLL
<LI><a href="#[9d]">&gt;&gt;</a>&nbsp;&nbsp;&nbsp;CLK_WaitClockReady
</UL>
<BR>[Called By]<UL><LI><a href="#[ac]">&gt;&gt;</a>&nbsp;&nbsp;&nbsp;SYS_Init
</UL>

<P><STRONG><a name="[a0]"></a>CLK_SetHCLK</STRONG> (Thumb, 668 bytes, Stack size 24 bytes, clk.o(.text.CLK_SetHCLK))
<BR><BR>[Stack]<UL><LI>Max Depth = 112 + Unknown Stack Size
<LI>Call Chain = CLK_SetHCLK &rArr; SystemCoreClockUpdate &rArr; CLK_GetCPUFreq &rArr; __acle_se_CLK_GetCPUFreq
</UL>
<BR>[Calls]<UL><LI><a href="#[9d]">&gt;&gt;</a>&nbsp;&nbsp;&nbsp;CLK_WaitClockReady
<LI><a href="#[9e]">&gt;&gt;</a>&nbsp;&nbsp;&nbsp;SystemCoreClockUpdate
</UL>
<BR>[Called By]<UL><LI><a href="#[9f]">&gt;&gt;</a>&nbsp;&nbsp;&nbsp;CLK_SetCoreClock
</UL>

<P><STRONG><a name="[ae]"></a>CLK_SetModuleClock</STRONG> (Thumb, 342 bytes, Stack size 52 bytes, clk.o(.text.CLK_SetModuleClock))
<BR><BR>[Stack]<UL><LI>Max Depth = 52<LI>Call Chain = CLK_SetModuleClock
</UL>
<BR>[Called By]<UL><LI><a href="#[ac]">&gt;&gt;</a>&nbsp;&nbsp;&nbsp;SYS_Init
</UL>

<P><STRONG><a name="[9d]"></a>CLK_WaitClockReady</STRONG> (Thumb, 68 bytes, Stack size 12 bytes, clk.o(.text.CLK_WaitClockReady))
<BR><BR>[Stack]<UL><LI>Max Depth = 12<LI>Call Chain = CLK_WaitClockReady
</UL>
<BR>[Called By]<UL><LI><a href="#[a0]">&gt;&gt;</a>&nbsp;&nbsp;&nbsp;CLK_SetHCLK
<LI><a href="#[9c]">&gt;&gt;</a>&nbsp;&nbsp;&nbsp;CLK_EnablePLL
<LI><a href="#[9f]">&gt;&gt;</a>&nbsp;&nbsp;&nbsp;CLK_SetCoreClock
</UL>

<P><STRONG><a name="[b7]"></a>DEBUG_PORT_Init</STRONG> (Thumb, 28 bytes, Stack size 0 bytes, main.o(.text.DEBUG_PORT_Init))
<BR><BR>[Called By]<UL><LI><a href="#[6c]">&gt;&gt;</a>&nbsp;&nbsp;&nbsp;main
</UL>

<P><STRONG><a name="[36]"></a>ACMP01_IRQHandler</STRONG> (Thumb, 4 bytes, Stack size 0 bytes, startup_cm3031.o(.text.Default_Handler))
<BR>[Address Reference Count : 1]<UL><LI> startup_cm3031.o(RESET)
</UL>
<P><STRONG><a name="[b]"></a>BOD_IRQHandler</STRONG> (Thumb, 4 bytes, Stack size 0 bytes, startup_cm3031.o(.text.Default_Handler))
<BR>[Address Reference Count : 1]<UL><LI> startup_cm3031.o(RESET)
</UL>
<P><STRONG><a name="[4b]"></a>BPWM0_IRQHandler</STRONG> (Thumb, 4 bytes, Stack size 0 bytes, startup_cm3031.o(.text.Default_Handler))
<BR>[Address Reference Count : 1]<UL><LI> startup_cm3031.o(RESET)
</UL>
<P><STRONG><a name="[4c]"></a>BPWM1_IRQHandler</STRONG> (Thumb, 4 bytes, Stack size 0 bytes, startup_cm3031.o(.text.Default_Handler))
<BR>[Address Reference Count : 1]<UL><LI> startup_cm3031.o(RESET)
</UL>
<P><STRONG><a name="[68]"></a>BPWM2_IRQHandler</STRONG> (Thumb, 4 bytes, Stack size 0 bytes, startup_cm3031.o(.text.Default_Handler))
<BR>[Address Reference Count : 1]<UL><LI> startup_cm3031.o(RESET)
</UL>
<P><STRONG><a name="[69]"></a>BPWM3_IRQHandler</STRONG> (Thumb, 4 bytes, Stack size 0 bytes, startup_cm3031.o(.text.Default_Handler))
<BR>[Address Reference Count : 1]<UL><LI> startup_cm3031.o(RESET)
</UL>
<P><STRONG><a name="[6a]"></a>BPWM4_IRQHandler</STRONG> (Thumb, 4 bytes, Stack size 0 bytes, startup_cm3031.o(.text.Default_Handler))
<BR>[Address Reference Count : 1]<UL><LI> startup_cm3031.o(RESET)
</UL>
<P><STRONG><a name="[6b]"></a>BPWM5_IRQHandler</STRONG> (Thumb, 4 bytes, Stack size 0 bytes, startup_cm3031.o(.text.Default_Handler))
<BR>[Address Reference Count : 1]<UL><LI> startup_cm3031.o(RESET)
</UL>
<P><STRONG><a name="[23]"></a>BRAKE0_IRQHandler</STRONG> (Thumb, 4 bytes, Stack size 0 bytes, startup_cm3031.o(.text.Default_Handler))
<BR>[Address Reference Count : 1]<UL><LI> startup_cm3031.o(RESET)
</UL>
<P><STRONG><a name="[27]"></a>BRAKE1_IRQHandler</STRONG> (Thumb, 4 bytes, Stack size 0 bytes, startup_cm3031.o(.text.Default_Handler))
<BR>[Address Reference Count : 1]<UL><LI> startup_cm3031.o(RESET)
</UL>
<P><STRONG><a name="[4]"></a>BusFault_Handler</STRONG> (Thumb, 4 bytes, Stack size 0 bytes, startup_cm3031.o(.text.Default_Handler))
<BR>[Address Reference Count : 1]<UL><LI> startup_cm3031.o(RESET)
</UL>
<P><STRONG><a name="[58]"></a>CANFD00_IRQHandler</STRONG> (Thumb, 4 bytes, Stack size 0 bytes, startup_cm3031.o(.text.Default_Handler))
<BR>[Address Reference Count : 1]<UL><LI> startup_cm3031.o(RESET)
</UL>
<P><STRONG><a name="[59]"></a>CANFD01_IRQHandler</STRONG> (Thumb, 4 bytes, Stack size 0 bytes, startup_cm3031.o(.text.Default_Handler))
<BR>[Address Reference Count : 1]<UL><LI> startup_cm3031.o(RESET)
</UL>
<P><STRONG><a name="[5a]"></a>CANFD10_IRQHandler</STRONG> (Thumb, 4 bytes, Stack size 0 bytes, startup_cm3031.o(.text.Default_Handler))
<BR>[Address Reference Count : 1]<UL><LI> startup_cm3031.o(RESET)
</UL>
<P><STRONG><a name="[5b]"></a>CANFD11_IRQHandler</STRONG> (Thumb, 4 bytes, Stack size 0 bytes, startup_cm3031.o(.text.Default_Handler))
<BR>[Address Reference Count : 1]<UL><LI> startup_cm3031.o(RESET)
</UL>
<P><STRONG><a name="[f]"></a>CKFAIL_IRQHandler</STRONG> (Thumb, 4 bytes, Stack size 0 bytes, startup_cm3031.o(.text.Default_Handler))
<BR>[Address Reference Count : 1]<UL><LI> startup_cm3031.o(RESET)
</UL>
<P><STRONG><a name="[3f]"></a>CRC_IRQHandler</STRONG> (Thumb, 4 bytes, Stack size 0 bytes, startup_cm3031.o(.text.Default_Handler))
<BR>[Address Reference Count : 1]<UL><LI> startup_cm3031.o(RESET)
</UL>
<P><STRONG><a name="[8]"></a>DebugMon_Handler</STRONG> (Thumb, 4 bytes, Stack size 0 bytes, startup_cm3031.o(.text.Default_Handler))
<BR>[Address Reference Count : 1]<UL><LI> startup_cm3031.o(RESET)
</UL>
<P><STRONG><a name="[12]"></a>Default_Handler</STRONG> (Thumb, 4 bytes, Stack size 0 bytes, startup_cm3031.o(.text.Default_Handler))
<BR>[Address Reference Count : 1]<UL><LI> startup_cm3031.o(RESET)
</UL>
<P><STRONG><a name="[34]"></a>EADC00_IRQHandler</STRONG> (Thumb, 4 bytes, Stack size 0 bytes, startup_cm3031.o(.text.Default_Handler))
<BR>[Address Reference Count : 1]<UL><LI> startup_cm3031.o(RESET)
</UL>
<P><STRONG><a name="[35]"></a>EADC01_IRQHandler</STRONG> (Thumb, 4 bytes, Stack size 0 bytes, startup_cm3031.o(.text.Default_Handler))
<BR>[Address Reference Count : 1]<UL><LI> startup_cm3031.o(RESET)
</UL>
<P><STRONG><a name="[37]"></a>EADC02_IRQHandler</STRONG> (Thumb, 4 bytes, Stack size 0 bytes, startup_cm3031.o(.text.Default_Handler))
<BR>[Address Reference Count : 1]<UL><LI> startup_cm3031.o(RESET)
</UL>
<P><STRONG><a name="[38]"></a>EADC03_IRQHandler</STRONG> (Thumb, 4 bytes, Stack size 0 bytes, startup_cm3031.o(.text.Default_Handler))
<BR>[Address Reference Count : 1]<UL><LI> startup_cm3031.o(RESET)
</UL>
<P><STRONG><a name="[4f]"></a>ECAP0_IRQHandler</STRONG> (Thumb, 4 bytes, Stack size 0 bytes, startup_cm3031.o(.text.Default_Handler))
<BR>[Address Reference Count : 1]<UL><LI> startup_cm3031.o(RESET)
</UL>
<P><STRONG><a name="[53]"></a>EHCI_IRQHandler</STRONG> (Thumb, 4 bytes, Stack size 0 bytes, startup_cm3031.o(.text.Default_Handler))
<BR>[Address Reference Count : 1]<UL><LI> startup_cm3031.o(RESET)
</UL>
<P><STRONG><a name="[15]"></a>EINT0_IRQHandler</STRONG> (Thumb, 4 bytes, Stack size 0 bytes, startup_cm3031.o(.text.Default_Handler))
<BR>[Address Reference Count : 1]<UL><LI> startup_cm3031.o(RESET)
</UL>
<P><STRONG><a name="[16]"></a>EINT1_IRQHandler</STRONG> (Thumb, 4 bytes, Stack size 0 bytes, startup_cm3031.o(.text.Default_Handler))
<BR>[Address Reference Count : 1]<UL><LI> startup_cm3031.o(RESET)
</UL>
<P><STRONG><a name="[17]"></a>EINT2_IRQHandler</STRONG> (Thumb, 4 bytes, Stack size 0 bytes, startup_cm3031.o(.text.Default_Handler))
<BR>[Address Reference Count : 1]<UL><LI> startup_cm3031.o(RESET)
</UL>
<P><STRONG><a name="[18]"></a>EINT3_IRQHandler</STRONG> (Thumb, 4 bytes, Stack size 0 bytes, startup_cm3031.o(.text.Default_Handler))
<BR>[Address Reference Count : 1]<UL><LI> startup_cm3031.o(RESET)
</UL>
<P><STRONG><a name="[19]"></a>EINT4_IRQHandler</STRONG> (Thumb, 4 bytes, Stack size 0 bytes, startup_cm3031.o(.text.Default_Handler))
<BR>[Address Reference Count : 1]<UL><LI> startup_cm3031.o(RESET)
</UL>
<P><STRONG><a name="[1a]"></a>EINT5_IRQHandler</STRONG> (Thumb, 4 bytes, Stack size 0 bytes, startup_cm3031.o(.text.Default_Handler))
<BR>[Address Reference Count : 1]<UL><LI> startup_cm3031.o(RESET)
</UL>
<P><STRONG><a name="[47]"></a>EINT6_IRQHandler</STRONG> (Thumb, 4 bytes, Stack size 0 bytes, startup_cm3031.o(.text.Default_Handler))
<BR>[Address Reference Count : 1]<UL><LI> startup_cm3031.o(RESET)
</UL>
<P><STRONG><a name="[51]"></a>EINT7_IRQHandler</STRONG> (Thumb, 4 bytes, Stack size 0 bytes, startup_cm3031.o(.text.Default_Handler))
<BR>[Address Reference Count : 1]<UL><LI> startup_cm3031.o(RESET)
</UL>
<P><STRONG><a name="[67]"></a>ELLSI0_IRQHandler</STRONG> (Thumb, 4 bytes, Stack size 0 bytes, startup_cm3031.o(.text.Default_Handler))
<BR>[Address Reference Count : 1]<UL><LI> startup_cm3031.o(RESET)
</UL>
<P><STRONG><a name="[24]"></a>EPWM0P0_IRQHandler</STRONG> (Thumb, 4 bytes, Stack size 0 bytes, startup_cm3031.o(.text.Default_Handler))
<BR>[Address Reference Count : 1]<UL><LI> startup_cm3031.o(RESET)
</UL>
<P><STRONG><a name="[25]"></a>EPWM0P1_IRQHandler</STRONG> (Thumb, 4 bytes, Stack size 0 bytes, startup_cm3031.o(.text.Default_Handler))
<BR>[Address Reference Count : 1]<UL><LI> startup_cm3031.o(RESET)
</UL>
<P><STRONG><a name="[26]"></a>EPWM0P2_IRQHandler</STRONG> (Thumb, 4 bytes, Stack size 0 bytes, startup_cm3031.o(.text.Default_Handler))
<BR>[Address Reference Count : 1]<UL><LI> startup_cm3031.o(RESET)
</UL>
<P><STRONG><a name="[28]"></a>EPWM1P0_IRQHandler</STRONG> (Thumb, 4 bytes, Stack size 0 bytes, startup_cm3031.o(.text.Default_Handler))
<BR>[Address Reference Count : 1]<UL><LI> startup_cm3031.o(RESET)
</UL>
<P><STRONG><a name="[29]"></a>EPWM1P1_IRQHandler</STRONG> (Thumb, 4 bytes, Stack size 0 bytes, startup_cm3031.o(.text.Default_Handler))
<BR>[Address Reference Count : 1]<UL><LI> startup_cm3031.o(RESET)
</UL>
<P><STRONG><a name="[2a]"></a>EPWM1P2_IRQHandler</STRONG> (Thumb, 4 bytes, Stack size 0 bytes, startup_cm3031.o(.text.Default_Handler))
<BR>[Address Reference Count : 1]<UL><LI> startup_cm3031.o(RESET)
</UL>
<P><STRONG><a name="[4e]"></a>EQEI0_IRQHandler</STRONG> (Thumb, 4 bytes, Stack size 0 bytes, startup_cm3031.o(.text.Default_Handler))
<BR>[Address Reference Count : 1]<UL><LI> startup_cm3031.o(RESET)
</UL>
<P><STRONG><a name="[3e]"></a>ETI_IRQHandler</STRONG> (Thumb, 4 bytes, Stack size 0 bytes, startup_cm3031.o(.text.Default_Handler))
<BR>[Address Reference Count : 1]<UL><LI> startup_cm3031.o(RESET)
</UL>
<P><STRONG><a name="[1b]"></a>GPA_IRQHandler</STRONG> (Thumb, 4 bytes, Stack size 0 bytes, startup_cm3031.o(.text.Default_Handler))
<BR>[Address Reference Count : 1]<UL><LI> startup_cm3031.o(RESET)
</UL>
<P><STRONG><a name="[1c]"></a>GPB_IRQHandler</STRONG> (Thumb, 4 bytes, Stack size 0 bytes, startup_cm3031.o(.text.Default_Handler))
<BR>[Address Reference Count : 1]<UL><LI> startup_cm3031.o(RESET)
</UL>
<P><STRONG><a name="[1d]"></a>GPC_IRQHandler</STRONG> (Thumb, 4 bytes, Stack size 0 bytes, startup_cm3031.o(.text.Default_Handler))
<BR>[Address Reference Count : 1]<UL><LI> startup_cm3031.o(RESET)
</UL>
<P><STRONG><a name="[1e]"></a>GPD_IRQHandler</STRONG> (Thumb, 4 bytes, Stack size 0 bytes, startup_cm3031.o(.text.Default_Handler))
<BR>[Address Reference Count : 1]<UL><LI> startup_cm3031.o(RESET)
</UL>
<P><STRONG><a name="[1f]"></a>GPE_IRQHandler</STRONG> (Thumb, 4 bytes, Stack size 0 bytes, startup_cm3031.o(.text.Default_Handler))
<BR>[Address Reference Count : 1]<UL><LI> startup_cm3031.o(RESET)
</UL>
<P><STRONG><a name="[20]"></a>GPF_IRQHandler</STRONG> (Thumb, 4 bytes, Stack size 0 bytes, startup_cm3031.o(.text.Default_Handler))
<BR>[Address Reference Count : 1]<UL><LI> startup_cm3031.o(RESET)
</UL>
<P><STRONG><a name="[46]"></a>GPG_IRQHandler</STRONG> (Thumb, 4 bytes, Stack size 0 bytes, startup_cm3031.o(.text.Default_Handler))
<BR>[Address Reference Count : 1]<UL><LI> startup_cm3031.o(RESET)
</UL>
<P><STRONG><a name="[50]"></a>GPH_IRQHandler</STRONG> (Thumb, 4 bytes, Stack size 0 bytes, startup_cm3031.o(.text.Default_Handler))
<BR>[Address Reference Count : 1]<UL><LI> startup_cm3031.o(RESET)
</UL>
<P><STRONG><a name="[31]"></a>I2C0_IRQHandler</STRONG> (Thumb, 4 bytes, Stack size 0 bytes, startup_cm3031.o(.text.Default_Handler))
<BR>[Address Reference Count : 1]<UL><LI> startup_cm3031.o(RESET)
</UL>
<P><STRONG><a name="[32]"></a>I2C1_IRQHandler</STRONG> (Thumb, 4 bytes, Stack size 0 bytes, startup_cm3031.o(.text.Default_Handler))
<BR>[Address Reference Count : 1]<UL><LI> startup_cm3031.o(RESET)
</UL>
<P><STRONG><a name="[4d]"></a>I2C2_IRQHandler</STRONG> (Thumb, 4 bytes, Stack size 0 bytes, startup_cm3031.o(.text.Default_Handler))
<BR>[Address Reference Count : 1]<UL><LI> startup_cm3031.o(RESET)
</UL>
<P><STRONG><a name="[45]"></a>I2S0_IRQHandler</STRONG> (Thumb, 4 bytes, Stack size 0 bytes, startup_cm3031.o(.text.Default_Handler))
<BR>[Address Reference Count : 1]<UL><LI> startup_cm3031.o(RESET)
</UL>
<P><STRONG><a name="[57]"></a>I3C0_IRQHandler</STRONG> (Thumb, 4 bytes, Stack size 0 bytes, startup_cm3031.o(.text.Default_Handler))
<BR>[Address Reference Count : 1]<UL><LI> startup_cm3031.o(RESET)
</UL>
<P><STRONG><a name="[c]"></a>IRC_IRQHandler</STRONG> (Thumb, 4 bytes, Stack size 0 bytes, startup_cm3031.o(.text.Default_Handler))
<BR>[Address Reference Count : 1]<UL><LI> startup_cm3031.o(RESET)
</UL>
<P><STRONG><a name="[10]"></a>ISP_IRQHandler</STRONG> (Thumb, 4 bytes, Stack size 0 bytes, startup_cm3031.o(.text.Default_Handler))
<BR>[Address Reference Count : 1]<UL><LI> startup_cm3031.o(RESET)
</UL>
<P><STRONG><a name="[5d]"></a>LLSI0_IRQHandler</STRONG> (Thumb, 4 bytes, Stack size 0 bytes, startup_cm3031.o(.text.Default_Handler))
<BR>[Address Reference Count : 1]<UL><LI> startup_cm3031.o(RESET)
</UL>
<P><STRONG><a name="[5e]"></a>LLSI1_IRQHandler</STRONG> (Thumb, 4 bytes, Stack size 0 bytes, startup_cm3031.o(.text.Default_Handler))
<BR>[Address Reference Count : 1]<UL><LI> startup_cm3031.o(RESET)
</UL>
<P><STRONG><a name="[5f]"></a>LLSI2_IRQHandler</STRONG> (Thumb, 4 bytes, Stack size 0 bytes, startup_cm3031.o(.text.Default_Handler))
<BR>[Address Reference Count : 1]<UL><LI> startup_cm3031.o(RESET)
</UL>
<P><STRONG><a name="[60]"></a>LLSI3_IRQHandler</STRONG> (Thumb, 4 bytes, Stack size 0 bytes, startup_cm3031.o(.text.Default_Handler))
<BR>[Address Reference Count : 1]<UL><LI> startup_cm3031.o(RESET)
</UL>
<P><STRONG><a name="[61]"></a>LLSI4_IRQHandler</STRONG> (Thumb, 4 bytes, Stack size 0 bytes, startup_cm3031.o(.text.Default_Handler))
<BR>[Address Reference Count : 1]<UL><LI> startup_cm3031.o(RESET)
</UL>
<P><STRONG><a name="[62]"></a>LLSI5_IRQHandler</STRONG> (Thumb, 4 bytes, Stack size 0 bytes, startup_cm3031.o(.text.Default_Handler))
<BR>[Address Reference Count : 1]<UL><LI> startup_cm3031.o(RESET)
</UL>
<P><STRONG><a name="[63]"></a>LLSI6_IRQHandler</STRONG> (Thumb, 4 bytes, Stack size 0 bytes, startup_cm3031.o(.text.Default_Handler))
<BR>[Address Reference Count : 1]<UL><LI> startup_cm3031.o(RESET)
</UL>
<P><STRONG><a name="[64]"></a>LLSI7_IRQHandler</STRONG> (Thumb, 4 bytes, Stack size 0 bytes, startup_cm3031.o(.text.Default_Handler))
<BR>[Address Reference Count : 1]<UL><LI> startup_cm3031.o(RESET)
</UL>
<P><STRONG><a name="[65]"></a>LLSI8_IRQHandler</STRONG> (Thumb, 4 bytes, Stack size 0 bytes, startup_cm3031.o(.text.Default_Handler))
<BR>[Address Reference Count : 1]<UL><LI> startup_cm3031.o(RESET)
</UL>
<P><STRONG><a name="[66]"></a>LLSI9_IRQHandler</STRONG> (Thumb, 4 bytes, Stack size 0 bytes, startup_cm3031.o(.text.Default_Handler))
<BR>[Address Reference Count : 1]<UL><LI> startup_cm3031.o(RESET)
</UL>
<P><STRONG><a name="[3]"></a>MemManage_Handler</STRONG> (Thumb, 4 bytes, Stack size 0 bytes, startup_cm3031.o(.text.Default_Handler))
<BR>[Address Reference Count : 1]<UL><LI> startup_cm3031.o(RESET)
</UL>
<P><STRONG><a name="[1]"></a>NMI_Handler</STRONG> (Thumb, 4 bytes, Stack size 0 bytes, startup_cm3031.o(.text.Default_Handler))
<BR>[Address Reference Count : 1]<UL><LI> startup_cm3031.o(RESET)
</UL>
<P><STRONG><a name="[40]"></a>NS_ISP_IRQHandler</STRONG> (Thumb, 4 bytes, Stack size 0 bytes, startup_cm3031.o(.text.Default_Handler))
<BR>[Address Reference Count : 1]<UL><LI> startup_cm3031.o(RESET)
</UL>
<P><STRONG><a name="[55]"></a>NS_RAMPE_IRQHandler</STRONG> (Thumb, 4 bytes, Stack size 0 bytes, startup_cm3031.o(.text.Default_Handler))
<BR>[Address Reference Count : 1]<UL><LI> startup_cm3031.o(RESET)
</UL>
<P><STRONG><a name="[3d]"></a>OHCI_IRQHandler</STRONG> (Thumb, 4 bytes, Stack size 0 bytes, startup_cm3031.o(.text.Default_Handler))
<BR>[Address Reference Count : 1]<UL><LI> startup_cm3031.o(RESET)
</UL>
<P><STRONG><a name="[5c]"></a>PDCI_IRQHandler</STRONG> (Thumb, 4 bytes, Stack size 0 bytes, startup_cm3031.o(.text.Default_Handler))
<BR>[Address Reference Count : 1]<UL><LI> startup_cm3031.o(RESET)
</UL>
<P><STRONG><a name="[33]"></a>PDMA0_IRQHandler</STRONG> (Thumb, 4 bytes, Stack size 0 bytes, startup_cm3031.o(.text.Default_Handler))
<BR>[Address Reference Count : 1]<UL><LI> startup_cm3031.o(RESET)
</UL>
<P><STRONG><a name="[56]"></a>PDMA1_IRQHandler</STRONG> (Thumb, 4 bytes, Stack size 0 bytes, startup_cm3031.o(.text.Default_Handler))
<BR>[Address Reference Count : 1]<UL><LI> startup_cm3031.o(RESET)
</UL>
<P><STRONG><a name="[d]"></a>PWRWU_IRQHandler</STRONG> (Thumb, 4 bytes, Stack size 0 bytes, startup_cm3031.o(.text.Default_Handler))
<BR>[Address Reference Count : 1]<UL><LI> startup_cm3031.o(RESET)
</UL>
<P><STRONG><a name="[9]"></a>PendSV_Handler</STRONG> (Thumb, 4 bytes, Stack size 0 bytes, startup_cm3031.o(.text.Default_Handler))
<BR>[Address Reference Count : 1]<UL><LI> startup_cm3031.o(RESET)
</UL>
<P><STRONG><a name="[21]"></a>QSPI0_IRQHandler</STRONG> (Thumb, 4 bytes, Stack size 0 bytes, startup_cm3031.o(.text.Default_Handler))
<BR>[Address Reference Count : 1]<UL><LI> startup_cm3031.o(RESET)
</UL>
<P><STRONG><a name="[e]"></a>RAMPE_IRQHandler</STRONG> (Thumb, 4 bytes, Stack size 0 bytes, startup_cm3031.o(.text.Default_Handler))
<BR>[Address Reference Count : 1]<UL><LI> startup_cm3031.o(RESET)
</UL>
<P><STRONG><a name="[11]"></a>RTC_IRQHandler</STRONG> (Thumb, 4 bytes, Stack size 0 bytes, startup_cm3031.o(.text.Default_Handler))
<BR>[Address Reference Count : 1]<UL><LI> startup_cm3031.o(RESET)
</UL>
<P><STRONG><a name="[42]"></a>SDH0_IRQHandler</STRONG> (Thumb, 4 bytes, Stack size 0 bytes, startup_cm3031.o(.text.Default_Handler))
<BR>[Address Reference Count : 1]<UL><LI> startup_cm3031.o(RESET)
</UL>
<P><STRONG><a name="[22]"></a>SPI0_IRQHandler</STRONG> (Thumb, 4 bytes, Stack size 0 bytes, startup_cm3031.o(.text.Default_Handler))
<BR>[Address Reference Count : 1]<UL><LI> startup_cm3031.o(RESET)
</UL>
<P><STRONG><a name="[3b]"></a>SPI1_IRQHandler</STRONG> (Thumb, 4 bytes, Stack size 0 bytes, startup_cm3031.o(.text.Default_Handler))
<BR>[Address Reference Count : 1]<UL><LI> startup_cm3031.o(RESET)
</UL>
<P><STRONG><a name="[3c]"></a>SPI2_IRQHandler</STRONG> (Thumb, 4 bytes, Stack size 0 bytes, startup_cm3031.o(.text.Default_Handler))
<BR>[Address Reference Count : 1]<UL><LI> startup_cm3031.o(RESET)
</UL>
<P><STRONG><a name="[7]"></a>SVC_Handler</STRONG> (Thumb, 4 bytes, Stack size 0 bytes, startup_cm3031.o(.text.Default_Handler))
<BR>[Address Reference Count : 1]<UL><LI> startup_cm3031.o(RESET)
</UL>
<P><STRONG><a name="[6]"></a>SecureFault_Handler</STRONG> (Thumb, 4 bytes, Stack size 0 bytes, startup_cm3031.o(.text.Default_Handler))
<BR>[Address Reference Count : 1]<UL><LI> startup_cm3031.o(RESET)
</UL>
<P><STRONG><a name="[2b]"></a>TMR0_IRQHandler</STRONG> (Thumb, 4 bytes, Stack size 0 bytes, startup_cm3031.o(.text.Default_Handler))
<BR>[Address Reference Count : 1]<UL><LI> startup_cm3031.o(RESET)
</UL>
<P><STRONG><a name="[2c]"></a>TMR1_IRQHandler</STRONG> (Thumb, 4 bytes, Stack size 0 bytes, startup_cm3031.o(.text.Default_Handler))
<BR>[Address Reference Count : 1]<UL><LI> startup_cm3031.o(RESET)
</UL>
<P><STRONG><a name="[2d]"></a>TMR2_IRQHandler</STRONG> (Thumb, 4 bytes, Stack size 0 bytes, startup_cm3031.o(.text.Default_Handler))
<BR>[Address Reference Count : 1]<UL><LI> startup_cm3031.o(RESET)
</UL>
<P><STRONG><a name="[2e]"></a>TMR3_IRQHandler</STRONG> (Thumb, 4 bytes, Stack size 0 bytes, startup_cm3031.o(.text.Default_Handler))
<BR>[Address Reference Count : 1]<UL><LI> startup_cm3031.o(RESET)
</UL>
<P><STRONG><a name="[2f]"></a>UART0_IRQHandler</STRONG> (Thumb, 4 bytes, Stack size 0 bytes, startup_cm3031.o(.text.Default_Handler))
<BR>[Address Reference Count : 1]<UL><LI> startup_cm3031.o(RESET)
</UL>
<P><STRONG><a name="[30]"></a>UART1_IRQHandler</STRONG> (Thumb, 4 bytes, Stack size 0 bytes, startup_cm3031.o(.text.Default_Handler))
<BR>[Address Reference Count : 1]<UL><LI> startup_cm3031.o(RESET)
</UL>
<P><STRONG><a name="[39]"></a>UART2_IRQHandler</STRONG> (Thumb, 4 bytes, Stack size 0 bytes, startup_cm3031.o(.text.Default_Handler))
<BR>[Address Reference Count : 1]<UL><LI> startup_cm3031.o(RESET)
</UL>
<P><STRONG><a name="[3a]"></a>UART3_IRQHandler</STRONG> (Thumb, 4 bytes, Stack size 0 bytes, startup_cm3031.o(.text.Default_Handler))
<BR>[Address Reference Count : 1]<UL><LI> startup_cm3031.o(RESET)
</UL>
<P><STRONG><a name="[48]"></a>UART4_IRQHandler</STRONG> (Thumb, 4 bytes, Stack size 0 bytes, startup_cm3031.o(.text.Default_Handler))
<BR>[Address Reference Count : 1]<UL><LI> startup_cm3031.o(RESET)
</UL>
<P><STRONG><a name="[43]"></a>USBD20_IRQHandler</STRONG> (Thumb, 4 bytes, Stack size 0 bytes, startup_cm3031.o(.text.Default_Handler))
<BR>[Address Reference Count : 1]<UL><LI> startup_cm3031.o(RESET)
</UL>
<P><STRONG><a name="[54]"></a>USBOTG20_IRQHandler</STRONG> (Thumb, 4 bytes, Stack size 0 bytes, startup_cm3031.o(.text.Default_Handler))
<BR>[Address Reference Count : 1]<UL><LI> startup_cm3031.o(RESET)
</UL>
<P><STRONG><a name="[49]"></a>USCI0_IRQHandler</STRONG> (Thumb, 4 bytes, Stack size 0 bytes, startup_cm3031.o(.text.Default_Handler))
<BR>[Address Reference Count : 1]<UL><LI> startup_cm3031.o(RESET)
</UL>
<P><STRONG><a name="[4a]"></a>USCI1_IRQHandler</STRONG> (Thumb, 4 bytes, Stack size 0 bytes, startup_cm3031.o(.text.Default_Handler))
<BR>[Address Reference Count : 1]<UL><LI> startup_cm3031.o(RESET)
</UL>
<P><STRONG><a name="[5]"></a>UsageFault_Handler</STRONG> (Thumb, 4 bytes, Stack size 0 bytes, startup_cm3031.o(.text.Default_Handler))
<BR>[Address Reference Count : 1]<UL><LI> startup_cm3031.o(RESET)
</UL>
<P><STRONG><a name="[13]"></a>WDT0_IRQHandler</STRONG> (Thumb, 4 bytes, Stack size 0 bytes, startup_cm3031.o(.text.Default_Handler))
<BR>[Address Reference Count : 1]<UL><LI> startup_cm3031.o(RESET)
</UL>
<P><STRONG><a name="[44]"></a>WDT1_IRQHandler</STRONG> (Thumb, 4 bytes, Stack size 0 bytes, startup_cm3031.o(.text.Default_Handler))
<BR>[Address Reference Count : 1]<UL><LI> startup_cm3031.o(RESET)
</UL>
<P><STRONG><a name="[14]"></a>WWDT0_IRQHandler</STRONG> (Thumb, 4 bytes, Stack size 0 bytes, startup_cm3031.o(.text.Default_Handler))
<BR>[Address Reference Count : 1]<UL><LI> startup_cm3031.o(RESET)
</UL>
<P><STRONG><a name="[52]"></a>WWDT1_IRQHandler</STRONG> (Thumb, 4 bytes, Stack size 0 bytes, startup_cm3031.o(.text.Default_Handler))
<BR>[Address Reference Count : 1]<UL><LI> startup_cm3031.o(RESET)
</UL>
<P><STRONG><a name="[a1]"></a>FMC_NSBA_Setup</STRONG> (Thumb, 224 bytes, Stack size 8 bytes, system_cm3031.o(.text.FMC_NSBA_Setup))
<BR><BR>[Stack]<UL><LI>Max Depth = 12<LI>Call Chain = FMC_NSBA_Setup &rArr; SYS_UnlockReg
</UL>
<BR>[Calls]<UL><LI><a href="#[a2]">&gt;&gt;</a>&nbsp;&nbsp;&nbsp;SYS_UnlockReg
</UL>
<BR>[Called By]<UL><LI><a href="#[a7]">&gt;&gt;</a>&nbsp;&nbsp;&nbsp;SystemInit
</UL>

<P><STRONG><a name="[b8]"></a>GPIO_SetMode</STRONG> (Thumb, 74 bytes, Stack size 16 bytes, gpio.o(.text.GPIO_SetMode))
<BR><BR>[Stack]<UL><LI>Max Depth = 16<LI>Call Chain = GPIO_SetMode
</UL>
<BR>[Called By]<UL><LI><a href="#[6c]">&gt;&gt;</a>&nbsp;&nbsp;&nbsp;main
</UL>

<P><STRONG><a name="[2]"></a>HardFault_Handler</STRONG> (Thumb, 4 bytes, Stack size 0 bytes, startup_cm3031.o(.text.HardFault_Handler))
<BR>[Address Reference Count : 1]<UL><LI> startup_cm3031.o(RESET)
</UL>
<P><STRONG><a name="[a3]"></a>LED_Off</STRONG> (Thumb, 28 bytes, Stack size 8 bytes, main.o(.text.LED_Off))
<BR><BR>[Stack]<UL><LI>Max Depth = 32<LI>Call Chain = LED_Off &rArr; printf
</UL>
<BR>[Calls]<UL><LI><a href="#[9b]">&gt;&gt;</a>&nbsp;&nbsp;&nbsp;printf
</UL>
<BR>[Called By]<UL><LI><a href="#[a]">&gt;&gt;</a>&nbsp;&nbsp;&nbsp;SysTick_Handler
</UL>

<P><STRONG><a name="[a4]"></a>LED_On</STRONG> (Thumb, 30 bytes, Stack size 8 bytes, main.o(.text.LED_On))
<BR><BR>[Stack]<UL><LI>Max Depth = 32<LI>Call Chain = LED_On &rArr; printf
</UL>
<BR>[Calls]<UL><LI><a href="#[9b]">&gt;&gt;</a>&nbsp;&nbsp;&nbsp;printf
</UL>
<BR>[Called By]<UL><LI><a href="#[a]">&gt;&gt;</a>&nbsp;&nbsp;&nbsp;SysTick_Handler
</UL>

<P><STRONG><a name="[b5]"></a>NSC_Init</STRONG> (Thumb, 78 bytes, Stack size 12 bytes, system_cm3031.o(.text.NSC_Init))
<BR><BR>[Stack]<UL><LI>Max Depth = 12<LI>Call Chain = NSC_Init
</UL>
<BR>[Called By]<UL><LI><a href="#[b4]">&gt;&gt;</a>&nbsp;&nbsp;&nbsp;TZ_SAU_Setup
</UL>

<P><STRONG><a name="[0]"></a>Reset_Handler</STRONG> (Thumb, 50 bytes, Stack size 16 bytes, startup_cm3031.o(.text.Reset_Handler))
<BR><BR>[Stack]<UL><LI>Max Depth = 68 + Unknown Stack Size
<LI>Call Chain = Reset_Handler &rArr; SystemInit &rArr; RTC_LXTGainInit &rArr; RTC_LXTGainSelection
</UL>
<BR>[Calls]<UL><LI><a href="#[8a]">&gt;&gt;</a>&nbsp;&nbsp;&nbsp;__main
<LI><a href="#[a7]">&gt;&gt;</a>&nbsp;&nbsp;&nbsp;SystemInit
</UL>
<BR>[Address Reference Count : 1]<UL><LI> startup_cm3031.o(RESET)
</UL>
<P><STRONG><a name="[41]"></a>SCU_IRQHandler</STRONG> (Thumb, 226 bytes, Stack size 168 bytes, system_cm3031.o(.text.SCU_IRQHandler))
<BR><BR>[Stack]<UL><LI>Max Depth = 192<LI>Call Chain = SCU_IRQHandler &rArr; printf
</UL>
<BR>[Calls]<UL><LI><a href="#[9b]">&gt;&gt;</a>&nbsp;&nbsp;&nbsp;printf
<LI><a href="#[a8]">&gt;&gt;</a>&nbsp;&nbsp;&nbsp;__aeabi_memcpy4
<LI><a href="#[a9]">&gt;&gt;</a>&nbsp;&nbsp;&nbsp;__aeabi_memcpy
</UL>
<BR>[Address Reference Count : 1]<UL><LI> startup_cm3031.o(RESET)
</UL>
<P><STRONG><a name="[aa]"></a>SCU_Setup</STRONG> (Thumb, 228 bytes, Stack size 8 bytes, system_cm3031.o(.text.SCU_Setup))
<BR><BR>[Stack]<UL><LI>Max Depth = 12<LI>Call Chain = SCU_Setup &rArr; __NVIC_EnableIRQ
</UL>
<BR>[Calls]<UL><LI><a href="#[ab]">&gt;&gt;</a>&nbsp;&nbsp;&nbsp;__NVIC_EnableIRQ
</UL>
<BR>[Called By]<UL><LI><a href="#[a7]">&gt;&gt;</a>&nbsp;&nbsp;&nbsp;SystemInit
</UL>

<P><STRONG><a name="[ac]"></a>SYS_Init</STRONG> (Thumb, 154 bytes, Stack size 24 bytes, main.o(.text.SYS_Init))
<BR><BR>[Stack]<UL><LI>Max Depth = 152 + Unknown Stack Size
<LI>Call Chain = SYS_Init &rArr; CLK_SetCoreClock &rArr; CLK_SetHCLK &rArr; SystemCoreClockUpdate &rArr; CLK_GetCPUFreq &rArr; __acle_se_CLK_GetCPUFreq
</UL>
<BR>[Calls]<UL><LI><a href="#[ae]">&gt;&gt;</a>&nbsp;&nbsp;&nbsp;CLK_SetModuleClock
<LI><a href="#[ad]">&gt;&gt;</a>&nbsp;&nbsp;&nbsp;CLK_EnableModuleClock
<LI><a href="#[9f]">&gt;&gt;</a>&nbsp;&nbsp;&nbsp;CLK_SetCoreClock
</UL>
<BR>[Called By]<UL><LI><a href="#[6c]">&gt;&gt;</a>&nbsp;&nbsp;&nbsp;main
</UL>

<P><STRONG><a name="[75]"></a>__acle_se_Secure_LED_Off</STRONG> (Thumb, 0 bytes, Stack size 16 bytes, main.o(.text.Secure_LED_Off), UNUSED, KEPT)
<BR><BR>[Stack]<UL><LI>Max Depth = 40<LI>Call Chain = __acle_se_Secure_LED_Off &rArr; printf
</UL>
<BR>[Calls]<UL><LI><a href="#[9b]">&gt;&gt;</a>&nbsp;&nbsp;&nbsp;printf
</UL>
<BR>[Called By]<UL><LI><a href="#[7e]">&gt;&gt;</a>&nbsp;&nbsp;&nbsp;Secure_LED_Off
</UL>

<P><STRONG><a name="[77]"></a>__acle_se_Secure_LED_Off_callback</STRONG> (Thumb, 0 bytes, Stack size 8 bytes, main.o(.text.Secure_LED_Off_callback), UNUSED, KEPT)
<BR><BR>[Stack]<UL><LI>Max Depth = 8<LI>Call Chain = __acle_se_Secure_LED_Off_callback
</UL>
<BR>[Called By]<UL><LI><a href="#[80]">&gt;&gt;</a>&nbsp;&nbsp;&nbsp;Secure_LED_Off_callback
</UL>

<P><STRONG><a name="[74]"></a>__acle_se_Secure_LED_On</STRONG> (Thumb, 0 bytes, Stack size 16 bytes, main.o(.text.Secure_LED_On), UNUSED, KEPT)
<BR><BR>[Stack]<UL><LI>Max Depth = 40<LI>Call Chain = __acle_se_Secure_LED_On &rArr; printf
</UL>
<BR>[Calls]<UL><LI><a href="#[9b]">&gt;&gt;</a>&nbsp;&nbsp;&nbsp;printf
</UL>
<BR>[Called By]<UL><LI><a href="#[7d]">&gt;&gt;</a>&nbsp;&nbsp;&nbsp;Secure_LED_On
</UL>

<P><STRONG><a name="[76]"></a>__acle_se_Secure_LED_On_callback</STRONG> (Thumb, 0 bytes, Stack size 8 bytes, main.o(.text.Secure_LED_On_callback), UNUSED, KEPT)
<BR><BR>[Stack]<UL><LI>Max Depth = 8<LI>Call Chain = __acle_se_Secure_LED_On_callback
</UL>
<BR>[Called By]<UL><LI><a href="#[7f]">&gt;&gt;</a>&nbsp;&nbsp;&nbsp;Secure_LED_On_callback
</UL>

<P><STRONG><a name="[73]"></a>__acle_se_Secure_func</STRONG> (Thumb, 0 bytes, Stack size 8 bytes, main.o(.text.Secure_func), UNUSED, KEPT)
<BR><BR>[Stack]<UL><LI>Max Depth = 32<LI>Call Chain = __acle_se_Secure_func &rArr; printf
</UL>
<BR>[Calls]<UL><LI><a href="#[9b]">&gt;&gt;</a>&nbsp;&nbsp;&nbsp;printf
</UL>
<BR>[Called By]<UL><LI><a href="#[7c]">&gt;&gt;</a>&nbsp;&nbsp;&nbsp;Secure_func
</UL>

<P><STRONG><a name="[af]"></a>SendChar</STRONG> (Thumb, 16 bytes, Stack size 16 bytes, retarget.o(.text.SendChar))
<BR><BR>[Stack]<UL><LI>Max Depth = 20<LI>Call Chain = SendChar &rArr; SendChar_ToUART
</UL>
<BR>[Calls]<UL><LI><a href="#[b0]">&gt;&gt;</a>&nbsp;&nbsp;&nbsp;SendChar_ToUART
</UL>
<BR>[Called By]<UL><LI><a href="#[6d]">&gt;&gt;</a>&nbsp;&nbsp;&nbsp;fputc
</UL>

<P><STRONG><a name="[b0]"></a>SendChar_ToUART</STRONG> (Thumb, 80 bytes, Stack size 4 bytes, retarget.o(.text.SendChar_ToUART))
<BR><BR>[Stack]<UL><LI>Max Depth = 4<LI>Call Chain = SendChar_ToUART
</UL>
<BR>[Called By]<UL><LI><a href="#[af]">&gt;&gt;</a>&nbsp;&nbsp;&nbsp;SendChar
</UL>

<P><STRONG><a name="[a]"></a>SysTick_Handler</STRONG> (Thumb, 296 bytes, Stack size 16 bytes, main.o(.text.SysTick_Handler))
<BR><BR>[Stack]<UL><LI>Max Depth = 48<LI>Call Chain = SysTick_Handler &rArr; LED_Off &rArr; printf
</UL>
<BR>[Calls]<UL><LI><a href="#[a3]">&gt;&gt;</a>&nbsp;&nbsp;&nbsp;LED_Off
<LI><a href="#[a4]">&gt;&gt;</a>&nbsp;&nbsp;&nbsp;LED_On
</UL>
<BR>[Address Reference Count : 1]<UL><LI> startup_cm3031.o(RESET)
</UL>
<P><STRONG><a name="[9e]"></a>SystemCoreClockUpdate</STRONG> (Thumb, 70 bytes, Stack size 8 bytes, system_cm3031.o(.text.SystemCoreClockUpdate))
<BR><BR>[Stack]<UL><LI>Max Depth = 88 + Unknown Stack Size
<LI>Call Chain = SystemCoreClockUpdate &rArr; CLK_GetCPUFreq &rArr; __acle_se_CLK_GetCPUFreq
</UL>
<BR>[Calls]<UL><LI><a href="#[86]">&gt;&gt;</a>&nbsp;&nbsp;&nbsp;CLK_GetCPUFreq
<LI><a href="#[87]">&gt;&gt;</a>&nbsp;&nbsp;&nbsp;CLK_GetPLLClockFreq
</UL>
<BR>[Called By]<UL><LI><a href="#[a0]">&gt;&gt;</a>&nbsp;&nbsp;&nbsp;CLK_SetHCLK
<LI><a href="#[6e]">&gt;&gt;</a>&nbsp;&nbsp;&nbsp;__acle_se_CLK_GetHCLKFreq
<LI><a href="#[7b]">&gt;&gt;</a>&nbsp;&nbsp;&nbsp;__acle_se_CLK_GetPCLK1Freq
<LI><a href="#[7a]">&gt;&gt;</a>&nbsp;&nbsp;&nbsp;__acle_se_CLK_GetPCLK0Freq
</UL>

<P><STRONG><a name="[a7]"></a>SystemInit</STRONG> (Thumb, 178 bytes, Stack size 16 bytes, system_cm3031.o(.text.SystemInit))
<BR><BR>[Stack]<UL><LI>Max Depth = 52<LI>Call Chain = SystemInit &rArr; RTC_LXTGainInit &rArr; RTC_LXTGainSelection
</UL>
<BR>[Calls]<UL><LI><a href="#[b3]">&gt;&gt;</a>&nbsp;&nbsp;&nbsp;__PC
<LI><a href="#[b4]">&gt;&gt;</a>&nbsp;&nbsp;&nbsp;TZ_SAU_Setup
<LI><a href="#[aa]">&gt;&gt;</a>&nbsp;&nbsp;&nbsp;SCU_Setup
<LI><a href="#[a1]">&gt;&gt;</a>&nbsp;&nbsp;&nbsp;FMC_NSBA_Setup
<LI><a href="#[a5]">&gt;&gt;</a>&nbsp;&nbsp;&nbsp;RTC_LXTGainInit
</UL>
<BR>[Called By]<UL><LI><a href="#[0]">&gt;&gt;</a>&nbsp;&nbsp;&nbsp;Reset_Handler
</UL>

<P><STRONG><a name="[b4]"></a>TZ_SAU_Setup</STRONG> (Thumb, 174 bytes, Stack size 8 bytes, system_cm3031.o(.text.TZ_SAU_Setup))
<BR><BR>[Stack]<UL><LI>Max Depth = 20<LI>Call Chain = TZ_SAU_Setup &rArr; NSC_Init
</UL>
<BR>[Calls]<UL><LI><a href="#[b5]">&gt;&gt;</a>&nbsp;&nbsp;&nbsp;NSC_Init
</UL>
<BR>[Called By]<UL><LI><a href="#[a7]">&gt;&gt;</a>&nbsp;&nbsp;&nbsp;SystemInit
</UL>

<P><STRONG><a name="[b3]"></a>__PC</STRONG> (Thumb, 12 bytes, Stack size 4 bytes, system_cm3031.o(.text.__PC))
<BR><BR>[Stack]<UL><LI>Max Depth = 4<LI>Call Chain = __PC
</UL>
<BR>[Called By]<UL><LI><a href="#[a7]">&gt;&gt;</a>&nbsp;&nbsp;&nbsp;SystemInit
</UL>

<P><STRONG><a name="[6d]"></a>fputc</STRONG> (Thumb, 20 bytes, Stack size 16 bytes, retarget.o(.text.fputc))
<BR><BR>[Stack]<UL><LI>Max Depth = 36<LI>Call Chain = fputc &rArr; SendChar &rArr; SendChar_ToUART
</UL>
<BR>[Calls]<UL><LI><a href="#[af]">&gt;&gt;</a>&nbsp;&nbsp;&nbsp;SendChar
</UL>
<BR>[Address Reference Count : 1]<UL><LI> printfa.o(i.__0printf)
</UL>
<P><STRONG><a name="[6c]"></a>main</STRONG> (Thumb, 106 bytes, Stack size 16 bytes, main.o(.text.main))
<BR><BR>[Stack]<UL><LI>Max Depth = 168 + Unknown Stack Size
<LI>Call Chain = main &rArr; SYS_Init &rArr; CLK_SetCoreClock &rArr; CLK_SetHCLK &rArr; SystemCoreClockUpdate &rArr; CLK_GetCPUFreq &rArr; __acle_se_CLK_GetCPUFreq
</UL>
<BR>[Calls]<UL><LI><a href="#[9b]">&gt;&gt;</a>&nbsp;&nbsp;&nbsp;printf
<LI><a href="#[b8]">&gt;&gt;</a>&nbsp;&nbsp;&nbsp;GPIO_SetMode
<LI><a href="#[b7]">&gt;&gt;</a>&nbsp;&nbsp;&nbsp;DEBUG_PORT_Init
<LI><a href="#[ac]">&gt;&gt;</a>&nbsp;&nbsp;&nbsp;SYS_Init
<LI><a href="#[9a]">&gt;&gt;</a>&nbsp;&nbsp;&nbsp;Boot_Init
<LI><a href="#[b1]">&gt;&gt;</a>&nbsp;&nbsp;&nbsp;SysTick_Config
<LI><a href="#[b6]">&gt;&gt;</a>&nbsp;&nbsp;&nbsp;SYS_UnlockReg
</UL>
<BR>[Address Reference Count : 1]<UL><LI> entry9a.o(.ARM.Collect$$$$0000000B)
</UL>
<P><STRONG><a name="[b9]"></a>__0printf</STRONG> (Thumb, 22 bytes, Stack size 24 bytes, printfa.o(i.__0printf), UNUSED)
<BR><BR>[Calls]<UL><LI><a href="#[ba]">&gt;&gt;</a>&nbsp;&nbsp;&nbsp;_printf_core
</UL>

<P><STRONG><a name="[cd]"></a>__1printf</STRONG> (Thumb, 0 bytes, Stack size 24 bytes, printfa.o(i.__0printf), UNUSED)

<P><STRONG><a name="[ce]"></a>__2printf</STRONG> (Thumb, 0 bytes, Stack size 24 bytes, printfa.o(i.__0printf), UNUSED)

<P><STRONG><a name="[cf]"></a>__c89printf</STRONG> (Thumb, 0 bytes, Stack size 24 bytes, printfa.o(i.__0printf), UNUSED)

<P><STRONG><a name="[9b]"></a>printf</STRONG> (Thumb, 0 bytes, Stack size 24 bytes, printfa.o(i.__0printf))
<BR><BR>[Stack]<UL><LI>Max Depth = 24<LI>Call Chain = printf
</UL>
<BR>[Called By]<UL><LI><a href="#[6c]">&gt;&gt;</a>&nbsp;&nbsp;&nbsp;main
<LI><a href="#[9a]">&gt;&gt;</a>&nbsp;&nbsp;&nbsp;Boot_Init
<LI><a href="#[a3]">&gt;&gt;</a>&nbsp;&nbsp;&nbsp;LED_Off
<LI><a href="#[a4]">&gt;&gt;</a>&nbsp;&nbsp;&nbsp;LED_On
<LI><a href="#[75]">&gt;&gt;</a>&nbsp;&nbsp;&nbsp;__acle_se_Secure_LED_Off
<LI><a href="#[74]">&gt;&gt;</a>&nbsp;&nbsp;&nbsp;__acle_se_Secure_LED_On
<LI><a href="#[73]">&gt;&gt;</a>&nbsp;&nbsp;&nbsp;__acle_se_Secure_func
<LI><a href="#[41]">&gt;&gt;</a>&nbsp;&nbsp;&nbsp;SCU_IRQHandler
</UL>

<P><STRONG><a name="[d0]"></a>__scatterload_copy</STRONG> (Thumb, 14 bytes, Stack size unknown bytes, handlers.o(i.__scatterload_copy), UNUSED)

<P><STRONG><a name="[d1]"></a>__scatterload_null</STRONG> (Thumb, 2 bytes, Stack size unknown bytes, handlers.o(i.__scatterload_null), UNUSED)

<P><STRONG><a name="[d2]"></a>__scatterload_zeroinit</STRONG> (Thumb, 14 bytes, Stack size unknown bytes, handlers.o(i.__scatterload_zeroinit), UNUSED)

<P><STRONG><a name="[7c]"></a>Secure_func</STRONG> (Thumb, 8 bytes, Stack size unknown bytes, anon$$obj.o(Veneer$$CMSE), UNUSED, KEPT)
<BR><BR>[Stack]<UL><LI>Max Depth = 32 + Unknown Stack Size
<LI>Call Chain = Secure_func &rArr; __acle_se_Secure_func &rArr; printf
</UL>
<BR>[Calls]<UL><LI><a href="#[73]">&gt;&gt;</a>&nbsp;&nbsp;&nbsp;__acle_se_Secure_func
</UL>

<P><STRONG><a name="[7d]"></a>Secure_LED_On</STRONG> (Thumb, 8 bytes, Stack size unknown bytes, anon$$obj.o(Veneer$$CMSE), UNUSED, KEPT)
<BR><BR>[Stack]<UL><LI>Max Depth = 40 + Unknown Stack Size
<LI>Call Chain = Secure_LED_On &rArr; __acle_se_Secure_LED_On &rArr; printf
</UL>
<BR>[Calls]<UL><LI><a href="#[74]">&gt;&gt;</a>&nbsp;&nbsp;&nbsp;__acle_se_Secure_LED_On
</UL>

<P><STRONG><a name="[7e]"></a>Secure_LED_Off</STRONG> (Thumb, 8 bytes, Stack size unknown bytes, anon$$obj.o(Veneer$$CMSE), UNUSED, KEPT)
<BR><BR>[Stack]<UL><LI>Max Depth = 40 + Unknown Stack Size
<LI>Call Chain = Secure_LED_Off &rArr; __acle_se_Secure_LED_Off &rArr; printf
</UL>
<BR>[Calls]<UL><LI><a href="#[75]">&gt;&gt;</a>&nbsp;&nbsp;&nbsp;__acle_se_Secure_LED_Off
</UL>

<P><STRONG><a name="[7f]"></a>Secure_LED_On_callback</STRONG> (Thumb, 8 bytes, Stack size unknown bytes, anon$$obj.o(Veneer$$CMSE), UNUSED, KEPT)
<BR><BR>[Stack]<UL><LI>Max Depth = 8 + Unknown Stack Size
<LI>Call Chain = Secure_LED_On_callback &rArr; __acle_se_Secure_LED_On_callback
</UL>
<BR>[Calls]<UL><LI><a href="#[76]">&gt;&gt;</a>&nbsp;&nbsp;&nbsp;__acle_se_Secure_LED_On_callback
</UL>

<P><STRONG><a name="[80]"></a>Secure_LED_Off_callback</STRONG> (Thumb, 8 bytes, Stack size unknown bytes, anon$$obj.o(Veneer$$CMSE), UNUSED, KEPT)
<BR><BR>[Stack]<UL><LI>Max Depth = 8 + Unknown Stack Size
<LI>Call Chain = Secure_LED_Off_callback &rArr; __acle_se_Secure_LED_Off_callback
</UL>
<BR>[Calls]<UL><LI><a href="#[77]">&gt;&gt;</a>&nbsp;&nbsp;&nbsp;__acle_se_Secure_LED_Off_callback
</UL>

<P><STRONG><a name="[81]"></a>CLK_GetHXTFreq</STRONG> (Thumb, 8 bytes, Stack size unknown bytes, anon$$obj.o(Veneer$$CMSE), UNUSED, KEPT)
<BR><BR>[Stack]<UL><LI>Max Depth = 4 + Unknown Stack Size
<LI>Call Chain = CLK_GetHXTFreq &rArr; __acle_se_CLK_GetHXTFreq
</UL>
<BR>[Calls]<UL><LI><a href="#[78]">&gt;&gt;</a>&nbsp;&nbsp;&nbsp;__acle_se_CLK_GetHXTFreq
</UL>

<P><STRONG><a name="[82]"></a>CLK_GetLXTFreq</STRONG> (Thumb, 8 bytes, Stack size unknown bytes, anon$$obj.o(Veneer$$CMSE), UNUSED, KEPT)
<BR><BR>[Stack]<UL><LI>Max Depth = 4 + Unknown Stack Size
<LI>Call Chain = CLK_GetLXTFreq &rArr; __acle_se_CLK_GetLXTFreq
</UL>
<BR>[Calls]<UL><LI><a href="#[79]">&gt;&gt;</a>&nbsp;&nbsp;&nbsp;__acle_se_CLK_GetLXTFreq
</UL>

<P><STRONG><a name="[83]"></a>CLK_GetPCLK0Freq</STRONG> (Thumb, 8 bytes, Stack size unknown bytes, anon$$obj.o(Veneer$$CMSE), UNUSED, KEPT)
<BR><BR>[Stack]<UL><LI>Max Depth = 104 + Unknown Stack Size
<LI>Call Chain = CLK_GetPCLK0Freq &rArr; __acle_se_CLK_GetPCLK0Freq &rArr; SystemCoreClockUpdate &rArr; CLK_GetCPUFreq &rArr; __acle_se_CLK_GetCPUFreq
</UL>
<BR>[Calls]<UL><LI><a href="#[7a]">&gt;&gt;</a>&nbsp;&nbsp;&nbsp;__acle_se_CLK_GetPCLK0Freq
</UL>

<P><STRONG><a name="[84]"></a>CLK_GetPCLK1Freq</STRONG> (Thumb, 8 bytes, Stack size unknown bytes, anon$$obj.o(Veneer$$CMSE), UNUSED, KEPT)
<BR><BR>[Stack]<UL><LI>Max Depth = 104 + Unknown Stack Size
<LI>Call Chain = CLK_GetPCLK1Freq &rArr; __acle_se_CLK_GetPCLK1Freq &rArr; SystemCoreClockUpdate &rArr; CLK_GetCPUFreq &rArr; __acle_se_CLK_GetCPUFreq
</UL>
<BR>[Calls]<UL><LI><a href="#[7b]">&gt;&gt;</a>&nbsp;&nbsp;&nbsp;__acle_se_CLK_GetPCLK1Freq
</UL>

<P><STRONG><a name="[85]"></a>CLK_GetHCLKFreq</STRONG> (Thumb, 8 bytes, Stack size unknown bytes, anon$$obj.o(Veneer$$CMSE), UNUSED, KEPT)
<BR><BR>[Stack]<UL><LI>Max Depth = 96 + Unknown Stack Size
<LI>Call Chain = CLK_GetHCLKFreq &rArr; __acle_se_CLK_GetHCLKFreq &rArr; SystemCoreClockUpdate &rArr; CLK_GetCPUFreq &rArr; __acle_se_CLK_GetCPUFreq
</UL>
<BR>[Calls]<UL><LI><a href="#[6e]">&gt;&gt;</a>&nbsp;&nbsp;&nbsp;__acle_se_CLK_GetHCLKFreq
</UL>

<P><STRONG><a name="[86]"></a>CLK_GetCPUFreq</STRONG> (Thumb, 8 bytes, Stack size unknown bytes, anon$$obj.o(Veneer$$CMSE))
<BR><BR>[Stack]<UL><LI>Max Depth = 80 + Unknown Stack Size
<LI>Call Chain = CLK_GetCPUFreq &rArr; __acle_se_CLK_GetCPUFreq
</UL>
<BR>[Calls]<UL><LI><a href="#[6f]">&gt;&gt;</a>&nbsp;&nbsp;&nbsp;__acle_se_CLK_GetCPUFreq
</UL>
<BR>[Called By]<UL><LI><a href="#[9e]">&gt;&gt;</a>&nbsp;&nbsp;&nbsp;SystemCoreClockUpdate
</UL>

<P><STRONG><a name="[87]"></a>CLK_GetPLLClockFreq</STRONG> (Thumb, 8 bytes, Stack size unknown bytes, anon$$obj.o(Veneer$$CMSE))
<BR><BR>[Stack]<UL><LI>Max Depth = 28 + Unknown Stack Size
<LI>Call Chain = CLK_GetPLLClockFreq &rArr; __acle_se_CLK_GetPLLClockFreq
</UL>
<BR>[Calls]<UL><LI><a href="#[70]">&gt;&gt;</a>&nbsp;&nbsp;&nbsp;__acle_se_CLK_GetPLLClockFreq
</UL>
<BR>[Called By]<UL><LI><a href="#[9e]">&gt;&gt;</a>&nbsp;&nbsp;&nbsp;SystemCoreClockUpdate
</UL>

<P><STRONG><a name="[88]"></a>CLK_GetModuleClockSource</STRONG> (Thumb, 8 bytes, Stack size unknown bytes, anon$$obj.o(Veneer$$CMSE), UNUSED, KEPT)
<BR><BR>[Stack]<UL><LI>Max Depth = 32 + Unknown Stack Size
<LI>Call Chain = CLK_GetModuleClockSource &rArr; __acle_se_CLK_GetModuleClockSource
</UL>
<BR>[Calls]<UL><LI><a href="#[71]">&gt;&gt;</a>&nbsp;&nbsp;&nbsp;__acle_se_CLK_GetModuleClockSource
</UL>

<P><STRONG><a name="[89]"></a>CLK_GetModuleClockDivider</STRONG> (Thumb, 8 bytes, Stack size unknown bytes, anon$$obj.o(Veneer$$CMSE), UNUSED, KEPT)
<BR><BR>[Stack]<UL><LI>Max Depth = 24 + Unknown Stack Size
<LI>Call Chain = CLK_GetModuleClockDivider &rArr; __acle_se_CLK_GetModuleClockDivider
</UL>
<BR>[Calls]<UL><LI><a href="#[72]">&gt;&gt;</a>&nbsp;&nbsp;&nbsp;__acle_se_CLK_GetModuleClockDivider
</UL>
<P>
<H3>
Local Symbols
</H3>
<P><STRONG><a name="[a2]"></a>SYS_UnlockReg</STRONG> (Thumb, 68 bytes, Stack size 4 bytes, system_cm3031.o(.text.SYS_UnlockReg))
<BR><BR>[Stack]<UL><LI>Max Depth = 4<LI>Call Chain = SYS_UnlockReg
</UL>
<BR>[Called By]<UL><LI><a href="#[a1]">&gt;&gt;</a>&nbsp;&nbsp;&nbsp;FMC_NSBA_Setup
</UL>

<P><STRONG><a name="[ab]"></a>__NVIC_EnableIRQ</STRONG> (Thumb, 42 bytes, Stack size 4 bytes, system_cm3031.o(.text.__NVIC_EnableIRQ))
<BR><BR>[Stack]<UL><LI>Max Depth = 4<LI>Call Chain = __NVIC_EnableIRQ
</UL>
<BR>[Called By]<UL><LI><a href="#[aa]">&gt;&gt;</a>&nbsp;&nbsp;&nbsp;SCU_Setup
</UL>

<P><STRONG><a name="[a5]"></a>RTC_LXTGainInit</STRONG> (Thumb, 100 bytes, Stack size 16 bytes, system_cm3031.o(.text.RTC_LXTGainInit))
<BR><BR>[Stack]<UL><LI>Max Depth = 36<LI>Call Chain = RTC_LXTGainInit &rArr; RTC_LXTGainSelection
</UL>
<BR>[Calls]<UL><LI><a href="#[a6]">&gt;&gt;</a>&nbsp;&nbsp;&nbsp;RTC_LXTGainSelection
</UL>
<BR>[Called By]<UL><LI><a href="#[a7]">&gt;&gt;</a>&nbsp;&nbsp;&nbsp;SystemInit
</UL>

<P><STRONG><a name="[a6]"></a>RTC_LXTGainSelection</STRONG> (Thumb, 98 bytes, Stack size 20 bytes, system_cm3031.o(.text.RTC_LXTGainSelection))
<BR><BR>[Stack]<UL><LI>Max Depth = 20<LI>Call Chain = RTC_LXTGainSelection
</UL>
<BR>[Called By]<UL><LI><a href="#[a5]">&gt;&gt;</a>&nbsp;&nbsp;&nbsp;RTC_LXTGainInit
</UL>

<P><STRONG><a name="[b6]"></a>SYS_UnlockReg</STRONG> (Thumb, 68 bytes, Stack size 4 bytes, main.o(.text.SYS_UnlockReg))
<BR><BR>[Stack]<UL><LI>Max Depth = 4<LI>Call Chain = SYS_UnlockReg
</UL>
<BR>[Called By]<UL><LI><a href="#[6c]">&gt;&gt;</a>&nbsp;&nbsp;&nbsp;main
</UL>

<P><STRONG><a name="[b1]"></a>SysTick_Config</STRONG> (Thumb, 84 bytes, Stack size 24 bytes, main.o(.text.SysTick_Config))
<BR><BR>[Stack]<UL><LI>Max Depth = 32<LI>Call Chain = SysTick_Config &rArr; __NVIC_SetPriority
</UL>
<BR>[Calls]<UL><LI><a href="#[b2]">&gt;&gt;</a>&nbsp;&nbsp;&nbsp;__NVIC_SetPriority
</UL>
<BR>[Called By]<UL><LI><a href="#[6c]">&gt;&gt;</a>&nbsp;&nbsp;&nbsp;main
</UL>

<P><STRONG><a name="[b2]"></a>__NVIC_SetPriority</STRONG> (Thumb, 58 bytes, Stack size 8 bytes, main.o(.text.__NVIC_SetPriority))
<BR><BR>[Stack]<UL><LI>Max Depth = 8<LI>Call Chain = __NVIC_SetPriority
</UL>
<BR>[Called By]<UL><LI><a href="#[b1]">&gt;&gt;</a>&nbsp;&nbsp;&nbsp;SysTick_Config
</UL>

<P><STRONG><a name="[bb]"></a>_fp_digits</STRONG> (Thumb, 366 bytes, Stack size 64 bytes, printfa.o(i._fp_digits), UNUSED)
<BR><BR>[Calls]<UL><LI><a href="#[8d]">&gt;&gt;</a>&nbsp;&nbsp;&nbsp;__aeabi_uldivmod
<LI><a href="#[96]">&gt;&gt;</a>&nbsp;&nbsp;&nbsp;__aeabi_dmul
<LI><a href="#[97]">&gt;&gt;</a>&nbsp;&nbsp;&nbsp;__aeabi_ddiv
<LI><a href="#[90]">&gt;&gt;</a>&nbsp;&nbsp;&nbsp;__aeabi_dadd
<LI><a href="#[98]">&gt;&gt;</a>&nbsp;&nbsp;&nbsp;__aeabi_d2ulz
<LI><a href="#[bc]">&gt;&gt;</a>&nbsp;&nbsp;&nbsp;__aeabi_cdrcmple
</UL>
<BR>[Called By]<UL><LI><a href="#[ba]">&gt;&gt;</a>&nbsp;&nbsp;&nbsp;_printf_core
</UL>

<P><STRONG><a name="[ba]"></a>_printf_core</STRONG> (Thumb, 1744 bytes, Stack size 136 bytes, printfa.o(i._printf_core), UNUSED)
<BR><BR>[Calls]<UL><LI><a href="#[8d]">&gt;&gt;</a>&nbsp;&nbsp;&nbsp;__aeabi_uldivmod
<LI><a href="#[bf]">&gt;&gt;</a>&nbsp;&nbsp;&nbsp;__aeabi_uidivmod
<LI><a href="#[bd]">&gt;&gt;</a>&nbsp;&nbsp;&nbsp;_printf_pre_padding
<LI><a href="#[be]">&gt;&gt;</a>&nbsp;&nbsp;&nbsp;_printf_post_padding
<LI><a href="#[bb]">&gt;&gt;</a>&nbsp;&nbsp;&nbsp;_fp_digits
</UL>
<BR>[Called By]<UL><LI><a href="#[b9]">&gt;&gt;</a>&nbsp;&nbsp;&nbsp;__0printf
</UL>

<P><STRONG><a name="[be]"></a>_printf_post_padding</STRONG> (Thumb, 36 bytes, Stack size 24 bytes, printfa.o(i._printf_post_padding), UNUSED)
<BR><BR>[Called By]<UL><LI><a href="#[ba]">&gt;&gt;</a>&nbsp;&nbsp;&nbsp;_printf_core
</UL>

<P><STRONG><a name="[bd]"></a>_printf_pre_padding</STRONG> (Thumb, 46 bytes, Stack size 24 bytes, printfa.o(i._printf_pre_padding), UNUSED)
<BR><BR>[Called By]<UL><LI><a href="#[ba]">&gt;&gt;</a>&nbsp;&nbsp;&nbsp;_printf_core
</UL>
<P>
<H3>
Undefined Global Symbols
</H3><HR></body></html>
