<html>
<body>
<pre>
<h1>µVision Build Log</h1>
<h2>Tool Versions:</h2>
IDE-Version: ¦ÌVision V5.43.1.0
Copyright (C) 2025 ARM Ltd and ARM Germany GmbH. All rights reserved.
License Information: UU huangweistu80@163.com
UU
User-based license: Hardware Success Kit (Early Access)
Valid until: Aug 1 2026. Cached until: Apr 8 2026
 
Tool Versions:
Toolchain:       Hardware Success Kit (Early Access)  Version: 5.43.0.0
Toolchain Path:  C:\Keil_v5\ARM\ARMCLANG\Bin
C Compiler:      ArmClang.exe V6.24
Assembler:       Armasm.exe V6.24
Linker/Locator:  ArmLink.exe V6.24
Library Manager: ArmAr.exe V6.24
Hex Converter:   FromElf.exe V6.24
CPU DLL:         
Dialog DLL:      
Target DLL:      NULink\Nu_Link.dll V3.22
Dialog DLL:      TCM.DLL V1.56.6.0
 
<h2>Project:</h2>
D:\CM3031\BSP\cm3031bsp_20260401\SampleCode\TrustZone\Template\NonSecure\Keil\NonSecure.uvprojx
Project File Date:  04/01/2026

<h2>Output:</h2>
*** Using Compiler 'V6.24', folder: 'C:\Keil_v5\ARM\ARMCLANG\Bin'
Rebuild target 'Nonsecure'
compiling system_cm3031.c...
compiling gpio.c...
compiling retarget.c...
compiling startup_cm3031.c...
compiling main_ns.c...
linking...
Program Size: Code=4758 RO-data=938 RW-data=12 ZI-data=3672  
FromELF: creating hex file...
After Build - User command #1: fromelf --bin ".\Objects\Nonsecure.axf" --output ".\Objects\Nonsecure.bin"
After Build - User command #2: fromelf --text -c ".\Objects\Nonsecure.axf" --output ".\Objects\Nonsecure.txt"
".\Objects\Nonsecure.axf" - 0 Error(s), 0 Warning(s).

<h2>Software Packages used:</h2>

Package Vendor: Nuvoton
                https://github.com/OpenNuvoton/cmsis-packs/raw/master/Nuvoton_DFP/Nuvoton.NuMicroCM33_DFP.1.0.0.pack
                Nuvoton::NuMicroCM33_DFP@1.0.0
                Nuvoton ARM Cortex-M NuMicroCM33 Family Device Support

<h2>Collection of Component include folders:</h2>
  C:/ArmPacks/Nuvoton/NuMicroCM33_DFP/1.0.0/Device/CM3031/Include

<h2>Collection of Component Files used:</h2>
Build Time Elapsed:  00:00:02
</pre>
</body>
</html>
