Component: Arm Compiler for Embedded 6.24 Tool: armlink [5f371500]

==============================================================================

Image Symbol Table

    Local Symbols

    Symbol Name                              Value     Ov Type        Size  Object(Section)

    ../clib/division.s                       0x00000000   Number         0  aeabi_sdiv.o ABSOLUTE
    ../clib/microlib/division.c              0x00000000   Number         0  uidiv.o ABSOLUTE
    ../clib/microlib/division.c              0x00000000   Number         0  uldiv.o ABSOLUTE
    ../clib/microlib/init/entry.s            0x00000000   Number         0  entry.o ABSOLUTE
    ../clib/microlib/init/entry.s            0x00000000   Number         0  entry4.o ABSOLUTE
    ../clib/microlib/init/entry.s            0x00000000   Number         0  entry5.o ABSOLUTE
    ../clib/microlib/init/entry.s            0x00000000   Number         0  entry7a.o ABSOLUTE
    ../clib/microlib/init/entry.s            0x00000000   Number         0  entry7b.o ABSOLUTE
    ../clib/microlib/init/entry.s            0x00000000   Number         0  entry8a.o ABSOLUTE
    ../clib/microlib/init/entry.s            0x00000000   Number         0  entry8b.o ABSOLUTE
    ../clib/microlib/init/entry.s            0x00000000   Number         0  entry9a.o ABSOLUTE
    ../clib/microlib/init/entry.s            0x00000000   Number         0  entry9b.o ABSOLUTE
    ../clib/microlib/init/entry.s            0x00000000   Number         0  entry10a.o ABSOLUTE
    ../clib/microlib/init/entry.s            0x00000000   Number         0  entry10b.o ABSOLUTE
    ../clib/microlib/init/entry.s            0x00000000   Number         0  entry11a.o ABSOLUTE
    ../clib/microlib/init/entry.s            0x00000000   Number         0  entry11b.o ABSOLUTE
    ../clib/microlib/longlong.c              0x00000000   Number         0  llshl.o ABSOLUTE
    ../clib/microlib/longlong.c              0x00000000   Number         0  llushr.o ABSOLUTE
    ../clib/microlib/longlong.c              0x00000000   Number         0  llsshr.o ABSOLUTE
    ../clib/microlib/printf/printf.c         0x00000000   Number         0  printfa.o ABSOLUTE
    ../clib/microlib/stdio/fputs.c           0x00000000   Number         0  fputs.o ABSOLUTE
    ../clib/microlib/stdio/fputs.c           0x00000000   Number         0  fputs_e.o ABSOLUTE
    ../clib/microlib/stdio/getc.c            0x00000000   Number         0  getc.o ABSOLUTE
    ../clib/microlib/stdio/streams.c         0x00000000   Number         0  stderr.o ABSOLUTE
    ../clib/microlib/string/memcpy.c         0x00000000   Number         0  memcpya.o ABSOLUTE
    ../clib/microlib/string/memcpy.c         0x00000000   Number         0  memcpyb.o ABSOLUTE
    ../clib/microlib/stubs.s                 0x00000000   Number         0  iusefp.o ABSOLUTE
    ../fplib/microlib/fpadd.c                0x00000000   Number         0  dadd.o ABSOLUTE
    ../fplib/microlib/fpdiv.c                0x00000000   Number         0  ddiv.o ABSOLUTE
    ../fplib/microlib/fpepilogue.c           0x00000000   Number         0  depilogue.o ABSOLUTE
    ../fplib/microlib/fpfix.c                0x00000000   Number         0  dfixul.o ABSOLUTE
    ../fplib/microlib/fpmul.c                0x00000000   Number         0  dmul.o ABSOLUTE
    __tagsym$$used.0                         0x00000000   Number         0  startup_cm3031.o(RESET)
    cdrcmple.s                               0x00000000   Number         0  cdrcmple.o ABSOLUTE
    clk.c                                    0x00000000   Number         0  clk.o ABSOLUTE
    dc.s                                     0x00000000   Number         0  dc.o ABSOLUTE
    gpio.c                                   0x00000000   Number         0  gpio.o ABSOLUTE
    handlers.s                               0x00000000   Number         0  handlers.o ABSOLUTE
    init.s                                   0x00000000   Number         0  init.o ABSOLUTE
    main.c                                   0x00000000   Number         0  main.o ABSOLUTE
    retarget.c                               0x00000000   Number         0  retarget.o ABSOLUTE
    startup_cm3031.c                         0x00000000   Number         0  startup_cm3031.o ABSOLUTE
    system_cm3031.c                          0x00000000   Number         0  system_cm3031.o ABSOLUTE
    .ARM.Collect$$$$00000000                 0x00000284   Section        0  entry.o(.ARM.Collect$$$$00000000)
    .ARM.Collect$$$$00000003                 0x00000284   Section        4  entry4.o(.ARM.Collect$$$$00000003)
    .ARM.Collect$$$$00000004                 0x00000288   Section        4  entry5.o(.ARM.Collect$$$$00000004)
    .ARM.Collect$$$$00000008                 0x0000028c   Section        0  entry7b.o(.ARM.Collect$$$$00000008)
    .ARM.Collect$$$$0000000A                 0x0000028c   Section        0  entry8b.o(.ARM.Collect$$$$0000000A)
    .ARM.Collect$$$$0000000B                 0x0000028c   Section        8  entry9a.o(.ARM.Collect$$$$0000000B)
    __lit__00000000                          0x00000294   Data           4  entry4.o(.ARM.Collect$$$$00002714)
    .ARM.Collect$$$$0000000D                 0x00000294   Section        0  entry10a.o(.ARM.Collect$$$$0000000D)
    .ARM.Collect$$$$0000000F                 0x00000294   Section        0  entry11a.o(.ARM.Collect$$$$0000000F)
    .ARM.Collect$$$$00002714                 0x00000294   Section        4  entry4.o(.ARM.Collect$$$$00002714)
    .text                                    0x00000298   Section        0  memcpya.o(.text)
    .text                                    0x000002bc   Section        0  uidiv.o(.text)
    .text                                    0x000002e8   Section        0  uldiv.o(.text)
    .text                                    0x0000034a   Section        0  iusefp.o(.text)
    .text                                    0x0000034a   Section        0  dadd.o(.text)
    .text                                    0x00000498   Section        0  dmul.o(.text)
    .text                                    0x0000057c   Section        0  ddiv.o(.text)
    .text                                    0x0000065a   Section        0  dfixul.o(.text)
    .text                                    0x0000068c   Section       48  cdrcmple.o(.text)
    .text                                    0x000006bc   Section       48  init.o(.text)
    .text                                    0x000006ec   Section        0  llshl.o(.text)
    .text                                    0x0000070a   Section        0  llushr.o(.text)
    .text                                    0x0000072a   Section        0  llsshr.o(.text)
    .text                                    0x0000074e   Section        0  depilogue.o(.text)
    [Anonymous Symbol]                       0x00000808   Section        0  main.o(.text.Boot_Init)
    [Anonymous Symbol]                       0x00000938   Section        0  clk.o(.text.CLK_EnableModuleClock)
    [Anonymous Symbol]                       0x00000980   Section        0  clk.o(.text.CLK_EnablePLL)
    [Anonymous Symbol]                       0x00000cc0   Section        0  clk.o(.text.CLK_GetCPUFreq)
    [Anonymous Symbol]                       0x00000e7c   Section        0  clk.o(.text.CLK_GetHCLKFreq)
    [Anonymous Symbol]                       0x00000ed8   Section        0  clk.o(.text.CLK_GetHXTFreq)
    [Anonymous Symbol]                       0x00000f48   Section        0  clk.o(.text.CLK_GetLXTFreq)
    [Anonymous Symbol]                       0x00000fb8   Section        0  clk.o(.text.CLK_GetModuleClockDivider)
    [Anonymous Symbol]                       0x00001088   Section        0  clk.o(.text.CLK_GetModuleClockSource)
    [Anonymous Symbol]                       0x00001188   Section        0  clk.o(.text.CLK_GetPCLK0Freq)
    [Anonymous Symbol]                       0x000012a4   Section        0  clk.o(.text.CLK_GetPCLK1Freq)
    [Anonymous Symbol]                       0x000013c4   Section        0  clk.o(.text.CLK_GetPLLClockFreq)
    [Anonymous Symbol]                       0x000014bc   Section        0  clk.o(.text.CLK_SetCoreClock)
    [Anonymous Symbol]                       0x000015c0   Section        0  clk.o(.text.CLK_SetHCLK)
    [Anonymous Symbol]                       0x0000185c   Section        0  clk.o(.text.CLK_SetModuleClock)
    [Anonymous Symbol]                       0x000019b4   Section        0  clk.o(.text.CLK_WaitClockReady)
    [Anonymous Symbol]                       0x000019f8   Section        0  startup_cm3031.o(.text.Default_Handler)
    [Anonymous Symbol]                       0x000019fc   Section        0  system_cm3031.o(.text.FMC_NSBA_Setup)
    [Anonymous Symbol]                       0x00001adc   Section        0  gpio.o(.text.GPIO_SetMode)
    [Anonymous Symbol]                       0x00001b28   Section        0  retarget.o(.text.GetChar)
    [Anonymous Symbol]                       0x00001b48   Section        0  main.o(.text.GetSystemCoreClock)
    [Anonymous Symbol]                       0x00001ba4   Section        0  main.o(.text.HardFault_Handler)
    [Anonymous Symbol]                       0x00001bc0   Section        0  system_cm3031.o(.text.NSC_Init)
    RTC_LXTGainInit                          0x00001c11   Thumb Code   100  system_cm3031.o(.text.RTC_LXTGainInit)
    [Anonymous Symbol]                       0x00001c10   Section        0  system_cm3031.o(.text.RTC_LXTGainInit)
    RTC_LXTGainSelection                     0x00001c75   Thumb Code    98  system_cm3031.o(.text.RTC_LXTGainSelection)
    [Anonymous Symbol]                       0x00001c74   Section        0  system_cm3031.o(.text.RTC_LXTGainSelection)
    [Anonymous Symbol]                       0x00001cd8   Section        0  startup_cm3031.o(.text.Reset_Handler)
    [Anonymous Symbol]                       0x00001d0c   Section        0  system_cm3031.o(.text.SCU_IRQHandler)
    [Anonymous Symbol]                       0x00001df0   Section        0  system_cm3031.o(.text.SCU_Setup)
    [Anonymous Symbol]                       0x00001ed4   Section        0  main.o(.text.SYS_Init)
    SYS_UnlockReg                            0x00001f39   Thumb Code    68  system_cm3031.o(.text.SYS_UnlockReg)
    [Anonymous Symbol]                       0x00001f38   Section        0  system_cm3031.o(.text.SYS_UnlockReg)
    SYS_UnlockReg                            0x00001f7d   Thumb Code    68  main.o(.text.SYS_UnlockReg)
    [Anonymous Symbol]                       0x00001f7c   Section        0  main.o(.text.SYS_UnlockReg)
    [Anonymous Symbol]                       0x00001fc0   Section        0  retarget.o(.text.SendChar)
    [Anonymous Symbol]                       0x00001fd0   Section        0  retarget.o(.text.SendChar_ToUART)
    [Anonymous Symbol]                       0x00002020   Section        0  system_cm3031.o(.text.SystemCoreClockUpdate)
    [Anonymous Symbol]                       0x00002068   Section        0  system_cm3031.o(.text.SystemInit)
    [Anonymous Symbol]                       0x00002110   Section        0  system_cm3031.o(.text.TZ_SAU_Setup)
    [Anonymous Symbol]                       0x000021c0   Section        0  main.o(.text.UART0_Init)
    __NVIC_EnableIRQ                         0x000021dd   Thumb Code    42  system_cm3031.o(.text.__NVIC_EnableIRQ)
    [Anonymous Symbol]                       0x000021dc   Section        0  system_cm3031.o(.text.__NVIC_EnableIRQ)
    [Anonymous Symbol]                       0x00002208   Section        0  system_cm3031.o(.text.__PC)
    [Anonymous Symbol]                       0x00002214   Section        0  retarget.o(.text.fgetc)
    [Anonymous Symbol]                       0x00002224   Section        0  retarget.o(.text.fputc)
    [Anonymous Symbol]                       0x00002238   Section        0  main.o(.text.main)
    i.__0printf                              0x000023a8   Section        0  printfa.o(i.__0printf)
    i.__scatterload_copy                     0x000023c8   Section       14  handlers.o(i.__scatterload_copy)
    i.__scatterload_null                     0x000023d6   Section        2  handlers.o(i.__scatterload_null)
    i.__scatterload_zeroinit                 0x000023d8   Section       14  handlers.o(i.__scatterload_zeroinit)
    _fp_digits                               0x000023e9   Thumb Code   366  printfa.o(i._fp_digits)
    i._fp_digits                             0x000023e8   Section        0  printfa.o(i._fp_digits)
    _printf_core                             0x0000256d   Thumb Code  1744  printfa.o(i._printf_core)
    i._printf_core                           0x0000256c   Section        0  printfa.o(i._printf_core)
    _printf_post_padding                     0x00002c49   Thumb Code    36  printfa.o(i._printf_post_padding)
    i._printf_post_padding                   0x00002c48   Section        0  printfa.o(i._printf_post_padding)
    _printf_pre_padding                      0x00002c6d   Thumb Code    46  printfa.o(i._printf_pre_padding)
    i._printf_pre_padding                    0x00002c6c   Section        0  printfa.o(i._printf_pre_padding)
    i.getc                                   0x00002c9a   Section        0  getc.o(i.getc)
    .L__const.SCU_IRQHandler.info            0x00002c9e   Data          21  system_cm3031.o(.rodata..L__const.SCU_IRQHandler.info)
    .L__const.SCU_IRQHandler.ipname          0x00002cb4   Data          84  system_cm3031.o(.rodata..L__const.SCU_IRQHandler.ipname)
    .L__const.SCU_IRQHandler.master          0x00002d08   Data          32  system_cm3031.o(.rodata..L__const.SCU_IRQHandler.master)
    .L__const.CLK_GetCPUFreq.au32ClkTbl      0x00002d28   Data          32  clk.o(.rodata.cst32)
    .L.str.22                                0x00002d48   Data          42  system_cm3031.o(.rodata.str1.1)
    [Anonymous Symbol]                       0x00002d48   Section        0  system_cm3031.o(.rodata.str1.1)
    .L.str.9                                 0x00002de9   Data          31  main.o(.rodata.str1.1)
    [Anonymous Symbol]                       0x00002de9   Section        0  main.o(.rodata.str1.1)
    .L.str                                   0x00002e08   Data          55  main.o(.rodata.str1.1)
    .L.str.3                                 0x00002e3f   Data          63  main.o(.rodata.str1.1)
    .L.str.8                                 0x00002e7e   Data          29  main.o(.rodata.str1.1)
    .L.str.2                                 0x00002e9b   Data          47  main.o(.rodata.str1.1)
    .L.str.1                                 0x00002eca   Data          51  main.o(.rodata.str1.1)
    .L.str.10                                0x00002efd   Data          37  main.o(.rodata.str1.1)
    .L.str.11                                0x00002f22   Data          27  main.o(.rodata.str1.1)
    .L.str.4                                 0x00002f3d   Data          63  main.o(.rodata.str1.1)
    .L.str.5                                 0x00002f7c   Data          63  main.o(.rodata.str1.1)
    .L.str.6                                 0x00002fbb   Data          63  main.o(.rodata.str1.1)
    .L.str.7                                 0x00002ffa   Data          63  main.o(.rodata.str1.1)

    Global Symbols

    Symbol Name                              Value     Ov Type        Size  Object(Section)

    BuildAttributes$$THM_ISAv4$E$P$D$K$B$S$7EM$8M$VFPi5$EXTD16$VFPS$VFMA$PE$A:L22UL41UL21$X:L11$S22US41US21$IEEE1$IW$USESV6$~STKCKD$USESV7$WCHAR32$ENUMINT$~SHL$OSPACE$ROPI$MICROLIB$REQ8$PRES8$EABIv2 0x00000000   Number         0  anon$$obj.o ABSOLUTE
    __Vectors                                0x00000000   Data         644  startup_cm3031.o(RESET)
    __cpp_initialize__aeabi_                  - Undefined Weak Reference
    __cxa_finalize                            - Undefined Weak Reference
    __decompress                              - Undefined Weak Reference
    _clock_init                               - Undefined Weak Reference
    _microlib_exit                            - Undefined Weak Reference
    __main                                   0x00000285   Thumb Code     0  entry.o(.ARM.Collect$$$$00000000)
    _main_stk                                0x00000285   Thumb Code     0  entry4.o(.ARM.Collect$$$$00000003)
    _main_scatterload                        0x00000289   Thumb Code     0  entry5.o(.ARM.Collect$$$$00000004)
    __main_after_scatterload                 0x0000028d   Thumb Code     0  entry5.o(.ARM.Collect$$$$00000004)
    _main_clock                              0x0000028d   Thumb Code     0  entry7b.o(.ARM.Collect$$$$00000008)
    _main_cpp_init                           0x0000028d   Thumb Code     0  entry8b.o(.ARM.Collect$$$$0000000A)
    _main_init                               0x0000028d   Thumb Code     0  entry9a.o(.ARM.Collect$$$$0000000B)
    __rt_final_cpp                           0x00000295   Thumb Code     0  entry10a.o(.ARM.Collect$$$$0000000D)
    __rt_final_exit                          0x00000295   Thumb Code     0  entry11a.o(.ARM.Collect$$$$0000000F)
    __aeabi_memcpy                           0x00000299   Thumb Code    36  memcpya.o(.text)
    __aeabi_memcpy4                          0x00000299   Thumb Code     0  memcpya.o(.text)
    __aeabi_memcpy8                          0x00000299   Thumb Code     0  memcpya.o(.text)
    __aeabi_uidiv                            0x000002bd   Thumb Code     0  uidiv.o(.text)
    __aeabi_uidivmod                         0x000002bd   Thumb Code    44  uidiv.o(.text)
    __aeabi_uldivmod                         0x000002e9   Thumb Code    98  uldiv.o(.text)
    __I$use$fp                               0x0000034b   Thumb Code     0  iusefp.o(.text)
    __aeabi_dadd                             0x0000034b   Thumb Code   322  dadd.o(.text)
    __aeabi_dsub                             0x0000048d   Thumb Code     6  dadd.o(.text)
    __aeabi_drsub                            0x00000493   Thumb Code     6  dadd.o(.text)
    __aeabi_dmul                             0x00000499   Thumb Code   228  dmul.o(.text)
    __aeabi_ddiv                             0x0000057d   Thumb Code   222  ddiv.o(.text)
    __aeabi_d2ulz                            0x0000065b   Thumb Code    48  dfixul.o(.text)
    __aeabi_cdrcmple                         0x0000068d   Thumb Code    48  cdrcmple.o(.text)
    __scatterload                            0x000006bd   Thumb Code    38  init.o(.text)
    __scatterload_rt2                        0x000006bd   Thumb Code     0  init.o(.text)
    __aeabi_llsl                             0x000006ed   Thumb Code    30  llshl.o(.text)
    _ll_shift_l                              0x000006ed   Thumb Code     0  llshl.o(.text)
    __aeabi_llsr                             0x0000070b   Thumb Code    32  llushr.o(.text)
    _ll_ushift_r                             0x0000070b   Thumb Code     0  llushr.o(.text)
    __aeabi_lasr                             0x0000072b   Thumb Code    36  llsshr.o(.text)
    _ll_sshift_r                             0x0000072b   Thumb Code     0  llsshr.o(.text)
    _double_round                            0x0000074f   Thumb Code    30  depilogue.o(.text)
    _double_epilogue                         0x0000076d   Thumb Code   156  depilogue.o(.text)
    Boot_Init                                0x00000809   Thumb Code   302  main.o(.text.Boot_Init)
    CLK_EnableModuleClock                    0x00000939   Thumb Code    72  clk.o(.text.CLK_EnableModuleClock)
    CLK_EnablePLL                            0x00000981   Thumb Code   832  clk.o(.text.CLK_EnablePLL)
    __acle_se_CLK_GetCPUFreq                 0x00000cc1   Thumb Code     0  clk.o(.text.CLK_GetCPUFreq)
    __acle_se_CLK_GetHCLKFreq                0x00000e7d   Thumb Code     0  clk.o(.text.CLK_GetHCLKFreq)
    __acle_se_CLK_GetHXTFreq                 0x00000ed9   Thumb Code     0  clk.o(.text.CLK_GetHXTFreq)
    __acle_se_CLK_GetLXTFreq                 0x00000f49   Thumb Code     0  clk.o(.text.CLK_GetLXTFreq)
    __acle_se_CLK_GetModuleClockDivider      0x00000fb9   Thumb Code     0  clk.o(.text.CLK_GetModuleClockDivider)
    __acle_se_CLK_GetModuleClockSource       0x00001089   Thumb Code     0  clk.o(.text.CLK_GetModuleClockSource)
    __acle_se_CLK_GetPCLK0Freq               0x00001189   Thumb Code     0  clk.o(.text.CLK_GetPCLK0Freq)
    __acle_se_CLK_GetPCLK1Freq               0x000012a5   Thumb Code     0  clk.o(.text.CLK_GetPCLK1Freq)
    __acle_se_CLK_GetPLLClockFreq            0x000013c5   Thumb Code     0  clk.o(.text.CLK_GetPLLClockFreq)
    CLK_SetCoreClock                         0x000014bd   Thumb Code   258  clk.o(.text.CLK_SetCoreClock)
    CLK_SetHCLK                              0x000015c1   Thumb Code   668  clk.o(.text.CLK_SetHCLK)
    CLK_SetModuleClock                       0x0000185d   Thumb Code   342  clk.o(.text.CLK_SetModuleClock)
    CLK_WaitClockReady                       0x000019b5   Thumb Code    68  clk.o(.text.CLK_WaitClockReady)
    ACMP01_IRQHandler                        0x000019f9   Thumb Code     4  startup_cm3031.o(.text.Default_Handler)
    BOD_IRQHandler                           0x000019f9   Thumb Code     4  startup_cm3031.o(.text.Default_Handler)
    BPWM0_IRQHandler                         0x000019f9   Thumb Code     4  startup_cm3031.o(.text.Default_Handler)
    BPWM1_IRQHandler                         0x000019f9   Thumb Code     4  startup_cm3031.o(.text.Default_Handler)
    BPWM2_IRQHandler                         0x000019f9   Thumb Code     4  startup_cm3031.o(.text.Default_Handler)
    BPWM3_IRQHandler                         0x000019f9   Thumb Code     4  startup_cm3031.o(.text.Default_Handler)
    BPWM4_IRQHandler                         0x000019f9   Thumb Code     4  startup_cm3031.o(.text.Default_Handler)
    BPWM5_IRQHandler                         0x000019f9   Thumb Code     4  startup_cm3031.o(.text.Default_Handler)
    BRAKE0_IRQHandler                        0x000019f9   Thumb Code     4  startup_cm3031.o(.text.Default_Handler)
    BRAKE1_IRQHandler                        0x000019f9   Thumb Code     4  startup_cm3031.o(.text.Default_Handler)
    BusFault_Handler                         0x000019f9   Thumb Code     4  startup_cm3031.o(.text.Default_Handler)
    CANFD00_IRQHandler                       0x000019f9   Thumb Code     4  startup_cm3031.o(.text.Default_Handler)
    CANFD01_IRQHandler                       0x000019f9   Thumb Code     4  startup_cm3031.o(.text.Default_Handler)
    CANFD10_IRQHandler                       0x000019f9   Thumb Code     4  startup_cm3031.o(.text.Default_Handler)
    CANFD11_IRQHandler                       0x000019f9   Thumb Code     4  startup_cm3031.o(.text.Default_Handler)
    CKFAIL_IRQHandler                        0x000019f9   Thumb Code     4  startup_cm3031.o(.text.Default_Handler)
    CRC_IRQHandler                           0x000019f9   Thumb Code     4  startup_cm3031.o(.text.Default_Handler)
    DebugMon_Handler                         0x000019f9   Thumb Code     4  startup_cm3031.o(.text.Default_Handler)
    Default_Handler                          0x000019f9   Thumb Code     4  startup_cm3031.o(.text.Default_Handler)
    EADC00_IRQHandler                        0x000019f9   Thumb Code     4  startup_cm3031.o(.text.Default_Handler)
    EADC01_IRQHandler                        0x000019f9   Thumb Code     4  startup_cm3031.o(.text.Default_Handler)
    EADC02_IRQHandler                        0x000019f9   Thumb Code     4  startup_cm3031.o(.text.Default_Handler)
    EADC03_IRQHandler                        0x000019f9   Thumb Code     4  startup_cm3031.o(.text.Default_Handler)
    ECAP0_IRQHandler                         0x000019f9   Thumb Code     4  startup_cm3031.o(.text.Default_Handler)
    EHCI_IRQHandler                          0x000019f9   Thumb Code     4  startup_cm3031.o(.text.Default_Handler)
    EINT0_IRQHandler                         0x000019f9   Thumb Code     4  startup_cm3031.o(.text.Default_Handler)
    EINT1_IRQHandler                         0x000019f9   Thumb Code     4  startup_cm3031.o(.text.Default_Handler)
    EINT2_IRQHandler                         0x000019f9   Thumb Code     4  startup_cm3031.o(.text.Default_Handler)
    EINT3_IRQHandler                         0x000019f9   Thumb Code     4  startup_cm3031.o(.text.Default_Handler)
    EINT4_IRQHandler                         0x000019f9   Thumb Code     4  startup_cm3031.o(.text.Default_Handler)
    EINT5_IRQHandler                         0x000019f9   Thumb Code     4  startup_cm3031.o(.text.Default_Handler)
    EINT6_IRQHandler                         0x000019f9   Thumb Code     4  startup_cm3031.o(.text.Default_Handler)
    EINT7_IRQHandler                         0x000019f9   Thumb Code     4  startup_cm3031.o(.text.Default_Handler)
    ELLSI0_IRQHandler                        0x000019f9   Thumb Code     4  startup_cm3031.o(.text.Default_Handler)
    EPWM0P0_IRQHandler                       0x000019f9   Thumb Code     4  startup_cm3031.o(.text.Default_Handler)
    EPWM0P1_IRQHandler                       0x000019f9   Thumb Code     4  startup_cm3031.o(.text.Default_Handler)
    EPWM0P2_IRQHandler                       0x000019f9   Thumb Code     4  startup_cm3031.o(.text.Default_Handler)
    EPWM1P0_IRQHandler                       0x000019f9   Thumb Code     4  startup_cm3031.o(.text.Default_Handler)
    EPWM1P1_IRQHandler                       0x000019f9   Thumb Code     4  startup_cm3031.o(.text.Default_Handler)
    EPWM1P2_IRQHandler                       0x000019f9   Thumb Code     4  startup_cm3031.o(.text.Default_Handler)
    EQEI0_IRQHandler                         0x000019f9   Thumb Code     4  startup_cm3031.o(.text.Default_Handler)
    ETI_IRQHandler                           0x000019f9   Thumb Code     4  startup_cm3031.o(.text.Default_Handler)
    GPA_IRQHandler                           0x000019f9   Thumb Code     4  startup_cm3031.o(.text.Default_Handler)
    GPB_IRQHandler                           0x000019f9   Thumb Code     4  startup_cm3031.o(.text.Default_Handler)
    GPC_IRQHandler                           0x000019f9   Thumb Code     4  startup_cm3031.o(.text.Default_Handler)
    GPD_IRQHandler                           0x000019f9   Thumb Code     4  startup_cm3031.o(.text.Default_Handler)
    GPE_IRQHandler                           0x000019f9   Thumb Code     4  startup_cm3031.o(.text.Default_Handler)
    GPF_IRQHandler                           0x000019f9   Thumb Code     4  startup_cm3031.o(.text.Default_Handler)
    GPG_IRQHandler                           0x000019f9   Thumb Code     4  startup_cm3031.o(.text.Default_Handler)
    GPH_IRQHandler                           0x000019f9   Thumb Code     4  startup_cm3031.o(.text.Default_Handler)
    I2C0_IRQHandler                          0x000019f9   Thumb Code     4  startup_cm3031.o(.text.Default_Handler)
    I2C1_IRQHandler                          0x000019f9   Thumb Code     4  startup_cm3031.o(.text.Default_Handler)
    I2C2_IRQHandler                          0x000019f9   Thumb Code     4  startup_cm3031.o(.text.Default_Handler)
    I2S0_IRQHandler                          0x000019f9   Thumb Code     4  startup_cm3031.o(.text.Default_Handler)
    I3C0_IRQHandler                          0x000019f9   Thumb Code     4  startup_cm3031.o(.text.Default_Handler)
    IRC_IRQHandler                           0x000019f9   Thumb Code     4  startup_cm3031.o(.text.Default_Handler)
    ISP_IRQHandler                           0x000019f9   Thumb Code     4  startup_cm3031.o(.text.Default_Handler)
    LLSI0_IRQHandler                         0x000019f9   Thumb Code     4  startup_cm3031.o(.text.Default_Handler)
    LLSI1_IRQHandler                         0x000019f9   Thumb Code     4  startup_cm3031.o(.text.Default_Handler)
    LLSI2_IRQHandler                         0x000019f9   Thumb Code     4  startup_cm3031.o(.text.Default_Handler)
    LLSI3_IRQHandler                         0x000019f9   Thumb Code     4  startup_cm3031.o(.text.Default_Handler)
    LLSI4_IRQHandler                         0x000019f9   Thumb Code     4  startup_cm3031.o(.text.Default_Handler)
    LLSI5_IRQHandler                         0x000019f9   Thumb Code     4  startup_cm3031.o(.text.Default_Handler)
    LLSI6_IRQHandler                         0x000019f9   Thumb Code     4  startup_cm3031.o(.text.Default_Handler)
    LLSI7_IRQHandler                         0x000019f9   Thumb Code     4  startup_cm3031.o(.text.Default_Handler)
    LLSI8_IRQHandler                         0x000019f9   Thumb Code     4  startup_cm3031.o(.text.Default_Handler)
    LLSI9_IRQHandler                         0x000019f9   Thumb Code     4  startup_cm3031.o(.text.Default_Handler)
    MemManage_Handler                        0x000019f9   Thumb Code     4  startup_cm3031.o(.text.Default_Handler)
    NMI_Handler                              0x000019f9   Thumb Code     4  startup_cm3031.o(.text.Default_Handler)
    NS_ISP_IRQHandler                        0x000019f9   Thumb Code     4  startup_cm3031.o(.text.Default_Handler)
    NS_RAMPE_IRQHandler                      0x000019f9   Thumb Code     4  startup_cm3031.o(.text.Default_Handler)
    OHCI_IRQHandler                          0x000019f9   Thumb Code     4  startup_cm3031.o(.text.Default_Handler)
    PDCI_IRQHandler                          0x000019f9   Thumb Code     4  startup_cm3031.o(.text.Default_Handler)
    PDMA0_IRQHandler                         0x000019f9   Thumb Code     4  startup_cm3031.o(.text.Default_Handler)
    PDMA1_IRQHandler                         0x000019f9   Thumb Code     4  startup_cm3031.o(.text.Default_Handler)
    PWRWU_IRQHandler                         0x000019f9   Thumb Code     4  startup_cm3031.o(.text.Default_Handler)
    PendSV_Handler                           0x000019f9   Thumb Code     4  startup_cm3031.o(.text.Default_Handler)
    QSPI0_IRQHandler                         0x000019f9   Thumb Code     4  startup_cm3031.o(.text.Default_Handler)
    RAMPE_IRQHandler                         0x000019f9   Thumb Code     4  startup_cm3031.o(.text.Default_Handler)
    RTC_IRQHandler                           0x000019f9   Thumb Code     4  startup_cm3031.o(.text.Default_Handler)
    SDH0_IRQHandler                          0x000019f9   Thumb Code     4  startup_cm3031.o(.text.Default_Handler)
    SPI0_IRQHandler                          0x000019f9   Thumb Code     4  startup_cm3031.o(.text.Default_Handler)
    SPI1_IRQHandler                          0x000019f9   Thumb Code     4  startup_cm3031.o(.text.Default_Handler)
    SPI2_IRQHandler                          0x000019f9   Thumb Code     4  startup_cm3031.o(.text.Default_Handler)
    SVC_Handler                              0x000019f9   Thumb Code     4  startup_cm3031.o(.text.Default_Handler)
    SecureFault_Handler                      0x000019f9   Thumb Code     4  startup_cm3031.o(.text.Default_Handler)
    SysTick_Handler                          0x000019f9   Thumb Code     4  startup_cm3031.o(.text.Default_Handler)
    TMR0_IRQHandler                          0x000019f9   Thumb Code     4  startup_cm3031.o(.text.Default_Handler)
    TMR1_IRQHandler                          0x000019f9   Thumb Code     4  startup_cm3031.o(.text.Default_Handler)
    TMR2_IRQHandler                          0x000019f9   Thumb Code     4  startup_cm3031.o(.text.Default_Handler)
    TMR3_IRQHandler                          0x000019f9   Thumb Code     4  startup_cm3031.o(.text.Default_Handler)
    UART0_IRQHandler                         0x000019f9   Thumb Code     4  startup_cm3031.o(.text.Default_Handler)
    UART1_IRQHandler                         0x000019f9   Thumb Code     4  startup_cm3031.o(.text.Default_Handler)
    UART2_IRQHandler                         0x000019f9   Thumb Code     4  startup_cm3031.o(.text.Default_Handler)
    UART3_IRQHandler                         0x000019f9   Thumb Code     4  startup_cm3031.o(.text.Default_Handler)
    UART4_IRQHandler                         0x000019f9   Thumb Code     4  startup_cm3031.o(.text.Default_Handler)
    USBD20_IRQHandler                        0x000019f9   Thumb Code     4  startup_cm3031.o(.text.Default_Handler)
    USBOTG20_IRQHandler                      0x000019f9   Thumb Code     4  startup_cm3031.o(.text.Default_Handler)
    USCI0_IRQHandler                         0x000019f9   Thumb Code     4  startup_cm3031.o(.text.Default_Handler)
    USCI1_IRQHandler                         0x000019f9   Thumb Code     4  startup_cm3031.o(.text.Default_Handler)
    UsageFault_Handler                       0x000019f9   Thumb Code     4  startup_cm3031.o(.text.Default_Handler)
    WDT0_IRQHandler                          0x000019f9   Thumb Code     4  startup_cm3031.o(.text.Default_Handler)
    WDT1_IRQHandler                          0x000019f9   Thumb Code     4  startup_cm3031.o(.text.Default_Handler)
    WWDT0_IRQHandler                         0x000019f9   Thumb Code     4  startup_cm3031.o(.text.Default_Handler)
    WWDT1_IRQHandler                         0x000019f9   Thumb Code     4  startup_cm3031.o(.text.Default_Handler)
    FMC_NSBA_Setup                           0x000019fd   Thumb Code   224  system_cm3031.o(.text.FMC_NSBA_Setup)
    GPIO_SetMode                             0x00001add   Thumb Code    74  gpio.o(.text.GPIO_SetMode)
    GetChar                                  0x00001b29   Thumb Code    32  retarget.o(.text.GetChar)
    __acle_se_GetSystemCoreClock             0x00001b49   Thumb Code     0  main.o(.text.GetSystemCoreClock)
    HardFault_Handler                        0x00001ba5   Thumb Code    28  main.o(.text.HardFault_Handler)
    NSC_Init                                 0x00001bc1   Thumb Code    78  system_cm3031.o(.text.NSC_Init)
    Reset_Handler                            0x00001cd9   Thumb Code    50  startup_cm3031.o(.text.Reset_Handler)
    SCU_IRQHandler                           0x00001d0d   Thumb Code   226  system_cm3031.o(.text.SCU_IRQHandler)
    SCU_Setup                                0x00001df1   Thumb Code   226  system_cm3031.o(.text.SCU_Setup)
    SYS_Init                                 0x00001ed5   Thumb Code   100  main.o(.text.SYS_Init)
    SendChar                                 0x00001fc1   Thumb Code    16  retarget.o(.text.SendChar)
    SendChar_ToUART                          0x00001fd1   Thumb Code    80  retarget.o(.text.SendChar_ToUART)
    SystemCoreClockUpdate                    0x00002021   Thumb Code    70  system_cm3031.o(.text.SystemCoreClockUpdate)
    SystemInit                               0x00002069   Thumb Code   168  system_cm3031.o(.text.SystemInit)
    TZ_SAU_Setup                             0x00002111   Thumb Code   174  system_cm3031.o(.text.TZ_SAU_Setup)
    UART0_Init                               0x000021c1   Thumb Code    28  main.o(.text.UART0_Init)
    __PC                                     0x00002209   Thumb Code    12  system_cm3031.o(.text.__PC)
    fgetc                                    0x00002215   Thumb Code    14  retarget.o(.text.fgetc)
    fputc                                    0x00002225   Thumb Code    20  retarget.o(.text.fputc)
    main                                     0x00002239   Thumb Code   368  main.o(.text.main)
    __0printf                                0x000023a9   Thumb Code    22  printfa.o(i.__0printf)
    __1printf                                0x000023a9   Thumb Code     0  printfa.o(i.__0printf)
    __2printf                                0x000023a9   Thumb Code     0  printfa.o(i.__0printf)
    __c89printf                              0x000023a9   Thumb Code     0  printfa.o(i.__0printf)
    printf                                   0x000023a9   Thumb Code     0  printfa.o(i.__0printf)
    __scatterload_copy                       0x000023c9   Thumb Code    14  handlers.o(i.__scatterload_copy)
    __scatterload_null                       0x000023d7   Thumb Code     2  handlers.o(i.__scatterload_null)
    __scatterload_zeroinit                   0x000023d9   Thumb Code    14  handlers.o(i.__scatterload_zeroinit)
    getc                                     0x00002c9b   Thumb Code     4  getc.o(i.getc)
    Region$$Table$$Base                      0x0000303c   Number         0  anon$$obj.o(Region$$Table)
    Region$$Table$$Limit                     0x0000305c   Number         0  anon$$obj.o(Region$$Table)
    GetSystemCoreClock                       0x00003061   Thumb Code     8  anon$$obj.o(Veneer$$CMSE)
    Image$$NSC_ROM$$XO$$Base                 0x00003060   Number         0  anon$$obj.o ABSOLUTE
    CLK_GetHXTFreq                           0x00003069   Thumb Code     8  anon$$obj.o(Veneer$$CMSE)
    CLK_GetLXTFreq                           0x00003071   Thumb Code     8  anon$$obj.o(Veneer$$CMSE)
    CLK_GetPCLK0Freq                         0x00003079   Thumb Code     8  anon$$obj.o(Veneer$$CMSE)
    CLK_GetPCLK1Freq                         0x00003081   Thumb Code     8  anon$$obj.o(Veneer$$CMSE)
    CLK_GetHCLKFreq                          0x00003089   Thumb Code     8  anon$$obj.o(Veneer$$CMSE)
    CLK_GetCPUFreq                           0x00003091   Thumb Code     8  anon$$obj.o(Veneer$$CMSE)
    CLK_GetPLLClockFreq                      0x00003099   Thumb Code     8  anon$$obj.o(Veneer$$CMSE)
    CLK_GetModuleClockSource                 0x000030a1   Thumb Code     8  anon$$obj.o(Veneer$$CMSE)
    CLK_GetModuleClockDivider                0x000030a9   Thumb Code     8  anon$$obj.o(Veneer$$CMSE)
    Image$$NSC_ROM$$XO$$Limit                0x000030c0   Number         0  anon$$obj.o ABSOLUTE
    Image$$ARM_LIB_STACK$$ZI$$Base           0x20000008   Number         0  anon$$obj.o ABSOLUTE
    CyclesPerUs                              0x20002008   Data           4  system_cm3031.o(.data.CyclesPerUs)
    Image$$ARM_LIB_STACK$$ZI$$Limit          0x20002008   Number         0  anon$$obj.o ABSOLUTE
    PllClock                                 0x2000200c   Data           4  system_cm3031.o(.data.PllClock)
    SystemCoreClock                          0x20002010   Data           4  system_cm3031.o(.data.SystemCoreClock)
    __stdin                                  0x20002014   Data          84  retarget.o(.bss.__stdin)
    __stdout                                 0x20002068   Data          84  retarget.o(.bss.__stdout)



==============================================================================

Memory Map of the image

  Image Entry point : 0x00000285

  Load Region LR_ROM (Base: 0x00000000, Size: 0x000030cc, Max: 0x00080000, ABSOLUTE)

    Execution Region ER_ROM (Exec base: 0x00000000, Load base: 0x00000000, Size: 0x0000305c, Max: 0x00080000, ABSOLUTE)

    Exec Addr    Load Addr    Size         Type   Attr      Idx    E Section Name        Object

    0x00000000   0x00000000   0x00000284   Data   RO           50    RESET               startup_cm3031.o
    0x00000284   0x00000284   0x00000000   Code   RO          204  * .ARM.Collect$$$$00000000  mc_w.l(entry.o)
    0x00000284   0x00000284   0x00000004   Code   RO          246    .ARM.Collect$$$$00000003  mc_w.l(entry4.o)
    0x00000288   0x00000288   0x00000004   Code   RO          249    .ARM.Collect$$$$00000004  mc_w.l(entry5.o)
    0x0000028c   0x0000028c   0x00000000   Code   RO          251    .ARM.Collect$$$$00000008  mc_w.l(entry7b.o)
    0x0000028c   0x0000028c   0x00000000   Code   RO          253    .ARM.Collect$$$$0000000A  mc_w.l(entry8b.o)
    0x0000028c   0x0000028c   0x00000008   Code   RO          254    .ARM.Collect$$$$0000000B  mc_w.l(entry9a.o)
    0x00000294   0x00000294   0x00000000   Code   RO          256    .ARM.Collect$$$$0000000D  mc_w.l(entry10a.o)
    0x00000294   0x00000294   0x00000000   Code   RO          258    .ARM.Collect$$$$0000000F  mc_w.l(entry11a.o)
    0x00000294   0x00000294   0x00000004   Code   RO          247    .ARM.Collect$$$$00002714  mc_w.l(entry4.o)
    0x00000298   0x00000298   0x00000024   Code   RO          214    .text               mc_w.l(memcpya.o)
    0x000002bc   0x000002bc   0x0000002c   Code   RO          269    .text               mc_w.l(uidiv.o)
    0x000002e8   0x000002e8   0x00000062   Code   RO          271    .text               mc_w.l(uldiv.o)
    0x0000034a   0x0000034a   0x00000000   Code   RO          273    .text               mc_w.l(iusefp.o)
    0x0000034a   0x0000034a   0x0000014e   Code   RO          274    .text               mf_w.l(dadd.o)
    0x00000498   0x00000498   0x000000e4   Code   RO          276    .text               mf_w.l(dmul.o)
    0x0000057c   0x0000057c   0x000000de   Code   RO          278    .text               mf_w.l(ddiv.o)
    0x0000065a   0x0000065a   0x00000030   Code   RO          280    .text               mf_w.l(dfixul.o)
    0x0000068a   0x0000068a   0x00000002   PAD
    0x0000068c   0x0000068c   0x00000030   Code   RO          282    .text               mf_w.l(cdrcmple.o)
    0x000006bc   0x000006bc   0x00000030   Code   RO          284    .text               mc_w.l(init.o)
    0x000006ec   0x000006ec   0x0000001e   Code   RO          286    .text               mc_w.l(llshl.o)
    0x0000070a   0x0000070a   0x00000020   Code   RO          288    .text               mc_w.l(llushr.o)
    0x0000072a   0x0000072a   0x00000024   Code   RO          290    .text               mc_w.l(llsshr.o)
    0x0000074e   0x0000074e   0x000000ba   Code   RO          292    .text               mf_w.l(depilogue.o)
    0x00000808   0x00000808   0x0000012e   Code   RO           68    .text.Boot_Init     main.o
    0x00000936   0x00000936   0x00000002   PAD
    0x00000938   0x00000938   0x00000048   Code   RO          153    .text.CLK_EnableModuleClock  clk.o
    0x00000980   0x00000980   0x00000340   Code   RO          141    .text.CLK_EnablePLL  clk.o
    0x00000cc0   0x00000cc0   0x000001bc   Code   RO          135    .text.CLK_GetCPUFreq  clk.o
    0x00000e7c   0x00000e7c   0x0000005c   Code   RO          133    .text.CLK_GetHCLKFreq  clk.o
    0x00000ed8   0x00000ed8   0x00000070   Code   RO          125    .text.CLK_GetHXTFreq  clk.o
    0x00000f48   0x00000f48   0x0000006e   Code   RO          127    .text.CLK_GetLXTFreq  clk.o
    0x00000fb6   0x00000fb6   0x00000002   PAD
    0x00000fb8   0x00000fb8   0x000000d0   Code   RO          175    .text.CLK_GetModuleClockDivider  clk.o
    0x00001088   0x00001088   0x00000100   Code   RO          173    .text.CLK_GetModuleClockSource  clk.o
    0x00001188   0x00001188   0x0000011c   Code   RO          129    .text.CLK_GetPCLK0Freq  clk.o
    0x000012a4   0x000012a4   0x0000011e   Code   RO          131    .text.CLK_GetPCLK1Freq  clk.o
    0x000013c2   0x000013c2   0x00000002   PAD
    0x000013c4   0x000013c4   0x000000f6   Code   RO          171    .text.CLK_GetPLLClockFreq  clk.o
    0x000014ba   0x000014ba   0x00000002   PAD
    0x000014bc   0x000014bc   0x00000102   Code   RO          137    .text.CLK_SetCoreClock  clk.o
    0x000015be   0x000015be   0x00000002   PAD
    0x000015c0   0x000015c0   0x0000029c   Code   RO          143    .text.CLK_SetHCLK   clk.o
    0x0000185c   0x0000185c   0x00000156   Code   RO          145    .text.CLK_SetModuleClock  clk.o
    0x000019b2   0x000019b2   0x00000002   PAD
    0x000019b4   0x000019b4   0x00000044   Code   RO          139    .text.CLK_WaitClockReady  clk.o
    0x000019f8   0x000019f8   0x00000004   Code   RO           44    .text.Default_Handler  startup_cm3031.o
    0x000019fc   0x000019fc   0x000000e0   Code   RO            5    .text.FMC_NSBA_Setup  system_cm3031.o
    0x00001adc   0x00001adc   0x0000004a   Code   RO          188    .text.GPIO_SetMode  gpio.o
    0x00001b26   0x00001b26   0x00000002   PAD
    0x00001b28   0x00001b28   0x00000020   Code   RO           91    .text.GetChar       retarget.o
    0x00001b48   0x00001b48   0x0000005c   Code   RO           58    .text.GetSystemCoreClock  main.o
    0x00001ba4   0x00001ba4   0x0000001c   Code   RO           70    .text.HardFault_Handler  main.o
    0x00001bc0   0x00001bc0   0x0000004e   Code   RO           15    .text.NSC_Init      system_cm3031.o
    0x00001c0e   0x00001c0e   0x00000002   PAD
    0x00001c10   0x00001c10   0x00000064   Code   RO           23    .text.RTC_LXTGainInit  system_cm3031.o
    0x00001c74   0x00001c74   0x00000062   Code   RO           27    .text.RTC_LXTGainSelection  system_cm3031.o
    0x00001cd6   0x00001cd6   0x00000002   PAD
    0x00001cd8   0x00001cd8   0x00000032   Code   RO           46    .text.Reset_Handler  startup_cm3031.o
    0x00001d0a   0x00001d0a   0x00000002   PAD
    0x00001d0c   0x00001d0c   0x000000e2   Code   RO           13    .text.SCU_IRQHandler  system_cm3031.o
    0x00001dee   0x00001dee   0x00000002   PAD
    0x00001df0   0x00001df0   0x000000e2   Code   RO            9    .text.SCU_Setup     system_cm3031.o
    0x00001ed2   0x00001ed2   0x00000002   PAD
    0x00001ed4   0x00001ed4   0x00000064   Code   RO           64    .text.SYS_Init      main.o
    0x00001f38   0x00001f38   0x00000044   Code   RO            7    .text.SYS_UnlockReg  system_cm3031.o
    0x00001f7c   0x00001f7c   0x00000044   Code   RO           62    .text.SYS_UnlockReg  main.o
    0x00001fc0   0x00001fc0   0x00000010   Code   RO           89    .text.SendChar      retarget.o
    0x00001fd0   0x00001fd0   0x00000050   Code   RO           87    .text.SendChar_ToUART  retarget.o
    0x00002020   0x00002020   0x00000046   Code   RO           19    .text.SystemCoreClockUpdate  system_cm3031.o
    0x00002066   0x00002066   0x00000002   PAD
    0x00002068   0x00002068   0x000000a8   Code   RO           21    .text.SystemInit    system_cm3031.o
    0x00002110   0x00002110   0x000000ae   Code   RO           17    .text.TZ_SAU_Setup  system_cm3031.o
    0x000021be   0x000021be   0x00000002   PAD
    0x000021c0   0x000021c0   0x0000001c   Code   RO           66    .text.UART0_Init    main.o
    0x000021dc   0x000021dc   0x0000002a   Code   RO           11    .text.__NVIC_EnableIRQ  system_cm3031.o
    0x00002206   0x00002206   0x00000002   PAD
    0x00002208   0x00002208   0x0000000c   Code   RO           25    .text.__PC          system_cm3031.o
    0x00002214   0x00002214   0x0000000e   Code   RO          101    .text.fgetc         retarget.o
    0x00002222   0x00002222   0x00000002   PAD
    0x00002224   0x00002224   0x00000014   Code   RO           99    .text.fputc         retarget.o
    0x00002238   0x00002238   0x00000170   Code   RO           60    .text.main          main.o
    0x000023a8   0x000023a8   0x00000020   Code   RO          219    i.__0printf         mc_w.l(printfa.o)
    0x000023c8   0x000023c8   0x0000000e   Code   RO          297    i.__scatterload_copy  mc_w.l(handlers.o)
    0x000023d6   0x000023d6   0x00000002   Code   RO          298    i.__scatterload_null  mc_w.l(handlers.o)
    0x000023d8   0x000023d8   0x0000000e   Code   RO          299    i.__scatterload_zeroinit  mc_w.l(handlers.o)
    0x000023e6   0x000023e6   0x00000002   PAD
    0x000023e8   0x000023e8   0x00000184   Code   RO          226    i._fp_digits        mc_w.l(printfa.o)
    0x0000256c   0x0000256c   0x000006dc   Code   RO          227    i._printf_core      mc_w.l(printfa.o)
    0x00002c48   0x00002c48   0x00000024   Code   RO          228    i._printf_post_padding  mc_w.l(printfa.o)
    0x00002c6c   0x00002c6c   0x0000002e   Code   RO          229    i._printf_pre_padding  mc_w.l(printfa.o)
    0x00002c9a   0x00002c9a   0x00000004   Code   RO          209    i.getc              mc_w.l(getc.o)
    0x00002c9e   0x00002c9e   0x00000015   Data   RO           35    .rodata..L__const.SCU_IRQHandler.info  system_cm3031.o
    0x00002cb3   0x00002cb3   0x00000001   PAD
    0x00002cb4   0x00002cb4   0x00000054   Data   RO           34    .rodata..L__const.SCU_IRQHandler.ipname  system_cm3031.o
    0x00002d08   0x00002d08   0x00000020   Data   RO           33    .rodata..L__const.SCU_IRQHandler.master  system_cm3031.o
    0x00002d28   0x00002d28   0x00000020   Data   RO          177    .rodata.cst32       clk.o
    0x00002d48   0x00002d48   0x000000a1   Data   RO           32    .rodata.str1.1      system_cm3031.o
    0x00002de9   0x00002de9   0x00000250   Data   RO           72    .rodata.str1.1      main.o
    0x00003039   0x00003039   0x00000003   PAD
    0x0000303c   0x0000303c   0x00000020   Data   RO          295    Region$$Table       anon$$obj.o


    Execution Region NSC_ROM (Exec base: 0x00003060, Load base: 0x00003060, Size: 0x00000060, Max: 0xffffffff, ABSOLUTE)

    Exec Addr    Load Addr    Size         Type   Attr      Idx    E Section Name        Object

    0x00003060   0x00003060   0x00000060   Code   XO          296    Veneer$$CMSE        anon$$obj.o


    Execution Region STACKSEAL (Exec base: 0x20000000, Load base: 0x000030c0, Size: 0x00000008, Max: 0x00000008, ABSOLUTE)

    Exec Addr    Load Addr    Size         Type   Attr      Idx    E Section Name        Object

    0x20000000        -       0x00000008   Zero   RW            1    STACKSEAL.bss       anon$$obj.o


    Execution Region ARM_LIB_STACK (Exec base: 0x20000008, Load base: 0x000030c0, Size: 0x00002000, Max: 0x00002000, ABSOLUTE)

    Exec Addr    Load Addr    Size         Type   Attr      Idx    E Section Name        Object

    0x20000008        -       0x00002000   Zero   RW            2    ARM_LIB_STACK.bss   anon$$obj.o


    Execution Region RW_RAM (Exec base: 0x20002008, Load base: 0x000030c0, Size: 0x000000b4, Max: 0x0003d3f8, ABSOLUTE)

    Exec Addr    Load Addr    Size         Type   Attr      Idx    E Section Name        Object

    0x20002008   0x000030c0   0x00000004   Data   RW           30    .data.CyclesPerUs   system_cm3031.o
    0x2000200c   0x000030c4   0x00000004   Data   RW           31    .data.PllClock      system_cm3031.o
    0x20002010   0x000030c8   0x00000004   Data   RW           29    .data.SystemCoreClock  system_cm3031.o
    0x20002014        -       0x00000054   Zero   RW          108    .bss.__stdin        retarget.o
    0x20002068        -       0x00000054   Zero   RW          109    .bss.__stdout       retarget.o


    Execution Region ARM_LIB_HEAP (Exec base: 0x200020c0, Load base: 0x000030cc, Size: 0x00000c00, Max: 0x00000c00, ABSOLUTE)

    Exec Addr    Load Addr    Size         Type   Attr      Idx    E Section Name        Object

    0x200020c0        -       0x00000c00   Zero   RW            3    ARM_LIB_HEAP.bss    anon$$obj.o


==============================================================================

Image component sizes


      Code (inc. data)   RO Data    RW Data    ZI Data      Debug   Object Name

      4278          0         32          0          0      14363   clk.o
        74          0          0          0          0       2044   gpio.o
       986          4        592          0          0       7434   main.o
       162          0          0          0        168       8687   retarget.o
        54          0        644          0          0       1448   startup_cm3031.o
      1486          0        298         12          0      13207   system_cm3031.o

    ----------------------------------------------------------------------
      7168          4       1602         12      11440      47183   Object Totals
        96          0         32          0      11272          0   (incl. Generated)
        32          0          4          0          0          0   (incl. Padding)

    ----------------------------------------------------------------------

      Code (inc. data)   RO Data    RW Data    ZI Data      Debug   Library Member Name

         0          0          0          0          0          0   entry.o
         0          0          0          0          0          0   entry10a.o
         0          0          0          0          0          0   entry11a.o
         8          4          0          0          0          0   entry4.o
         4          0          0          0          0          0   entry5.o
         0          0          0          0          0          0   entry7b.o
         0          0          0          0          0          0   entry8b.o
         8          4          0          0          0          0   entry9a.o
         4          0          0          0          0         68   getc.o
        30          0          0          0          0          0   handlers.o
        48         10          0          0          0         68   init.o
         0          0          0          0          0          0   iusefp.o
        30          0          0          0          0         68   llshl.o
        36          0          0          0          0         68   llsshr.o
        32          0          0          0          0         68   llushr.o
        36          0          0          0          0         68   memcpya.o
      2258         90          0          0          0        452   printfa.o
        44          0          0          0          0         80   uidiv.o
        98          0          0          0          0         92   uldiv.o
        48          0          0          0          0         68   cdrcmple.o
       334          0          0          0          0        148   dadd.o
       222          0          0          0          0        100   ddiv.o
       186          0          0          0          0        176   depilogue.o
        48          0          0          0          0         68   dfixul.o
       228          0          0          0          0         96   dmul.o

    ----------------------------------------------------------------------
      3706        108          0          0          0       1688   Library Totals
         4          0          0          0          0          0   (incl. Padding)

    ----------------------------------------------------------------------

      Code (inc. data)   RO Data    RW Data    ZI Data      Debug   Library Name

      2636        108          0          0          0       1032   mc_w.l
      1066          0          0          0          0        656   mf_w.l

    ----------------------------------------------------------------------
      3706        108          0          0          0       1688   Library Totals

    ----------------------------------------------------------------------

==============================================================================


      Code (inc. data)   RO Data    RW Data    ZI Data      Debug   

     10874        112       1602         12      11440      48091   Grand Totals
     10874        112       1602         12      11440      48091   ELF Image Totals
     10874        112       1602         12          0          0   ROM Totals

==============================================================================

    Total RO  Size (Code + RO Data)                12476 (  12.18kB)
    Total RW  Size (RW Data + ZI Data)             11452 (  11.18kB)
    Total ROM Size (Code + RO Data + RW Data)      12488 (  12.20kB)

==============================================================================

